ln -s /home/dungpc/ndmoney4porche/projects/pulp/sim/modelsim.ini /home/dungpc/ndmoney4porche/projects/pulp/sw/full_system/build/modelsim.ini
ln -s /home/dungpc/ndmoney4porche/projects/pulp/sim/work /home/dungpc/ndmoney4porche/projects/pulp/sw/full_system/build/work
ln -s /home/dungpc/ndmoney4porche/projects/pulp/sim/boot /home/dungpc/ndmoney4porche/projects/pulp/sw/full_system/build/boot
ln -s /home/dungpc/ndmoney4porche/projects/pulp/sim/tcl_files /home/dungpc/ndmoney4porche/projects/pulp/sw/full_system/build/tcl_files
mkdir -p /home/dungpc/ndmoney4porche/projects/pulp/sw/full_system/build/stdout
mkdir -p /home/dungpc/ndmoney4porche/projects/pulp/sw/full_system/build/fs
ln -s /home/dungpc/ndmoney4porche/projects/pulp/sim/waves /home/dungpc/ndmoney4porche/projects/pulp/sw/full_system/build/waves
/home/dungpc/ndmoney4porche/projects/pulp/pulp-runtime/bin/stim_utils.py --binary=/home/dungpc/ndmoney4porche/projects/pulp/sw/full_system/build/test/test --vectors=/home/dungpc/ndmoney4porche/projects/pulp/sw/full_system/build/vectors/stim.txt
Created stimuli generator
  Added binary: /home/dungpc/ndmoney4porche/projects/pulp/sw/full_system/build/test/test
  Handling section (base: 0x10000020, size: 0x844)
  Handling section (base: 0x1c000004, size: 0x4a4)
  Init section to 0 (base: 0x1c0004a8, size: 0x844)
  Handling section (base: 0x1c008000, size: 0x1e68)
  Handling section (base: 0x1c010000, size: 0x800)
  Generating to file: /home/dungpc/ndmoney4porche/projects/pulp/sw/full_system/build/vectors/stim.txt
/home/dungpc/ndmoney4porche/projects/pulp/pulp-runtime/bin/plp_mkflash  --flash-boot-binary=/home/dungpc/ndmoney4porche/projects/pulp/sw/full_system/build/test/test  --stimuli=/home/dungpc/ndmoney4porche/projects/pulp/sw/full_system/build/vectors/qspi_stim.slm --flash-type=spi --qpi
/home/dungpc/ndmoney4porche/projects/pulp/pulp-runtime/bin/slm_hyper.py  --input=/home/dungpc/ndmoney4porche/projects/pulp/sw/full_system/build/vectors/qspi_stim.slm  --output=/home/dungpc/ndmoney4porche/projects/pulp/sw/full_system/build/vectors/hyper_stim.slm
cd /home/dungpc/ndmoney4porche/projects/pulp/sw/full_system/build && export VSIM_RUNNER_FLAGS='+ENTRY_POINT=0x1c008080 -permit_unmatched_virtual_intf -gBAUDRATE=115200 -gUSE_HWPE_CL=1 -gLOAD_L2=JTAG' && vsim -64 -c -do 'source /home/dungpc/ndmoney4porche/projects/pulp/sim/tcl_files/config/run_and_exit.tcl' -do 'source /home/dungpc/ndmoney4porche/projects/pulp/sim/tcl_files/run.tcl; run_and_exit;'
Reading pref.tcl

# 10.7c

# source /home/dungpc/ndmoney4porche/projects/pulp/sim/tcl_files/config/run_and_exit.tcl
# source /home/dungpc/ndmoney4porche/projects/pulp/sim/tcl_files/run.tcl
# vsim -c -quiet vopt_tb -L models_lib -L vip_lib -t ps "+nowarnTRAN" "+nowarnTSCALE" "+nowarnTFMPC" "+TB_PATH=/home/dungpc/ndmoney4porche/projects/pulp/sim/../../fe/tb/" "+UVM_NO_RELNOTES" "+ENTRY_POINT=0x1c008080" -permit_unmatched_virtual_intf "+VSIM_PATH=/home/dungpc/ndmoney4porche/projects/pulp/sim" -gUSE_SDVT_SPI=0 -gUSE_SDVT_CPI=0 -gBAUDRATE=115200 -gENABLE_DEV_DPI=0 -gLOAD_L2=JTAG -gUSE_SDVT_I2S=0 -gUSE_HWPE_CL=1 
# Start time: 15:40:13 on Sep 06,2026
# //  Questa Sim-64
# //  Version 10.7c linux_x86_64 Aug 17 2018
# //
# //  Copyright 1991-2018 Mentor Graphics Corporation
# //  All Rights Reserved.
# //
# //  QuestaSim and its associated documentation contain trade
# //  secrets and commercial or financial information that are the property of
# //  Mentor Graphics Corporation and are privileged, confidential,
# //  and exempt from disclosure under the Freedom of Information Act,
# //  5 U.S.C. Section 552. Furthermore, this information
# //  is prohibited from disclosure under the Trade Secrets Act,
# //  18 U.S.C. Section 1905.
# //
# ** Error: (vsim-191) Questa has encountered an unexpected internal error: ../../src/vsim/vsimfunc.c(1989). 
# Please contact Questa support at http://supportnet.mentor.com
# ** Error: (vsim-191) Questa has encountered an unexpected internal error: ../../src/vsim/vsimfunc.c(1989). 
# Please contact Questa support at http://supportnet.mentor.com
# ** Error: (vsim-191) Questa has encountered an unexpected internal error: ../../src/vsim/vsimfunc.c(1989). 
# Please contact Questa support at http://supportnet.mentor.com
# ** Error: (vsim-191) Questa has encountered an unexpected internal error: ../../src/vsim/vsimfunc.c(1989). 
# Please contact Questa support at http://supportnet.mentor.com
# ** Warning: (vsim-3770) Failed to find user specified function 'jtag_tick' in DPI C/C++ source files.
#    Time: 0 ps  Iteration: 0  Region: /SimJTAG_sv_unit File: /home/dungpc/ndmoney4porche/projects/pulp/rtl/tb/SimJTAG.sv
# ** Warning: (vsim-8683) Uninitialized out port /tb_pulp/i_dut/soc_domain_i/pulp_soc_i/i_clk_rst_gen/i_fll_soc/i_FLL_digital/TQ has no driver.
# This port will contribute value (U) to the signal network.
# ** Warning: (vsim-8683) Uninitialized out port /tb_pulp/i_dut/soc_domain_i/pulp_soc_i/i_clk_rst_gen/i_fll_soc/i_FLL_digital/JTQ has no driver.
# This port will contribute value (U) to the signal network.
# ** Warning: (vsim-8683) Uninitialized out port /tb_pulp/i_dut/soc_domain_i/pulp_soc_i/i_clk_rst_gen/i_fll_per/i_FLL_digital/TQ has no driver.
# This port will contribute value (U) to the signal network.
# ** Warning: (vsim-8683) Uninitialized out port /tb_pulp/i_dut/soc_domain_i/pulp_soc_i/i_clk_rst_gen/i_fll_per/i_FLL_digital/JTQ has no driver.
# This port will contribute value (U) to the signal network.
# ** Warning: (vsim-8683) Uninitialized out port /tb_pulp/i_dut/soc_domain_i/pulp_soc_i/i_clk_rst_gen/i_fll_cluster/i_FLL_digital/TQ has no driver.
# This port will contribute value (U) to the signal network.
# ** Warning: (vsim-8683) Uninitialized out port /tb_pulp/i_dut/soc_domain_i/pulp_soc_i/i_clk_rst_gen/i_fll_cluster/i_FLL_digital/JTQ has no driver.
# This port will contribute value (U) to the signal network.
# ** Warning: (vsim-3040) Command line generic/parameter "USE_SDVT_I2S" not found in design.
# ** Warning: (vsim-3040) Command line generic/parameter "USE_SDVT_SPI" not found in design.
#  run_and_exit
# [CORE] Core settings: PULP_SECURE =           1, N_PMP_ENTRIES =          16, N_PMP_CFG           4
# ** Warning: (vsim-8315) No condition is true in the unique/priority if/case statement.
#    Time: 0 ps  Iteration: 0  Process: /tb_pulp/i_dut/soc_domain_i/pulp_soc_i/fc_subsystem_i/FC_CORE/lFC_CORE/RISCY_PMP/pmp_unit_i/<anonymous> File: /home/dungpc/ndmoney4porche/projects/pulp/.bender/git/checkouts/cv32e40p-0a3884e05ea5a482/rtl/riscv_pmp.sv Line: 677
# [CORE] Core settings: PULP_SECURE =           0, N_PMP_ENTRIES =          16, N_PMP_CFG           4
# [CORE] Core settings: PULP_SECURE =           0, N_PMP_ENTRIES =          16, N_PMP_CFG           4
# [CORE] Core settings: PULP_SECURE =           0, N_PMP_ENTRIES =          16, N_PMP_CFG           4
# [CORE] Core settings: PULP_SECURE =           0, N_PMP_ENTRIES =          16, N_PMP_CFG           4
# [CORE] Core settings: PULP_SECURE =           0, N_PMP_ENTRIES =          16, N_PMP_CFG           4
# [CORE] Core settings: PULP_SECURE =           0, N_PMP_ENTRIES =          16, N_PMP_CFG           4
# [CORE] Core settings: PULP_SECURE =           0, N_PMP_ENTRIES =          16, N_PMP_CFG           4
# [CORE] Core settings: PULP_SECURE =           0, N_PMP_ENTRIES =          16, N_PMP_CFG           4
# [TB]       0ns - Entry point is set to 0x1c008080
# [TB]       0ns - Asserting hard reset
# ** Warning: (vsim-8315) No condition is true in the unique/priority if/case statement.
#    Time: 0 ps  Iteration: 1  Process: /tb_pulp/i_dut/soc_domain_i/pulp_soc_i/fc_subsystem_i/FC_CORE/lFC_CORE/RISCY_PMP/pmp_unit_i/<anonymous> File: /home/dungpc/ndmoney4porche/projects/pulp/.bender/git/checkouts/cv32e40p-0a3884e05ea5a482/rtl/riscv_pmp.sv Line: 677
# ** Warning: (vsim-8315) No condition is true in the unique/priority if/case statement.
#    Time: 0 ps  Iteration: 2  Process: /tb_pulp/i_dut/soc_domain_i/pulp_soc_i/fc_subsystem_i/FC_CORE/lFC_CORE/RISCY_PMP/pmp_unit_i/<anonymous> File: /home/dungpc/ndmoney4porche/projects/pulp/.bender/git/checkouts/cv32e40p-0a3884e05ea5a482/rtl/riscv_pmp.sv Line: 677
# [TB]       1ns - Using FLL
# [TB]       1ns - Not using CAM SDVT
# Loading default stimuli
# [JTAG] SoftReset Done(    701ns)
# [JTAG] Bypass Test Passed (  33301ns)
# [JTAG] Tap ID: 249511c3 (  43701ns)
# [JTAG] Tap ID Test PASSED (  43701ns)
# [test_mode_if]   50301ns - Init
# [TB]   50301ns - Enabling clock out via jtag
# [test_mode_if]   51801ns - Setting confreg to value 002.
# [TB]   51801ns - jtag_conf_reg set to 002
# [TB]   51801ns - Releasing hard reset
# [TB]   53401ns - Init PULP TAP
# [pulp_tap_if] WRITE32 burst @1c008080 for           4 bytes.
# [TB]   67501ns - Write32 PULP TAP
# [JTAG] R/W test of L2 succeeded
# [TB]  177701ns - Halting the Core
# [TB]  236501ns - Writing the boot address into dpc
# [TB]  280601ns - Loading L2
# [JTAG] Loading L2 with pulp tap jtag interface
# [pulp_tap_if] WRITE32 burst @10000020 for        1024 bytes.
# [pulp_tap_if] WRITE32 burst @10000420 for        1024 bytes.
# [pulp_tap_if] WRITE32 burst @10000820 for          72 bytes.
# [pulp_tap_if] WRITE32 burst @1c000000 for        1024 bytes.
# [pulp_tap_if] WRITE32 burst @1c000400 for        1024 bytes.
# [pulp_tap_if] WRITE32 burst @1c000800 for        1024 bytes.
# [pulp_tap_if] WRITE32 burst @1c000c00 for         240 bytes.
# [pulp_tap_if] WRITE32 burst @1c008000 for        1024 bytes.
# [pulp_tap_if] WRITE32 burst @1c008400 for        1024 bytes.
# [pulp_tap_if] WRITE32 burst @1c008800 for        1024 bytes.
# [pulp_tap_if] WRITE32 burst @1c008c00 for        1024 bytes.
# [pulp_tap_if] WRITE32 burst @1c009000 for        1024 bytes.
# [pulp_tap_if] WRITE32 burst @1c009400 for        1024 bytes.
# [pulp_tap_if] WRITE32 burst @1c009800 for        1024 bytes.
# [pulp_tap_if] WRITE32 burst @1c009c00 for         616 bytes.
# [pulp_tap_if] WRITE32 burst @1c010000 for        1024 bytes.
# [pulp_tap_if] WRITE32 burst @1c010400 for        1024 bytes.
# [TB] 12680301ns - Resuming the CORE
# [TB] 12724401ns retrying debug reg access
# [TB] 12753701ns retrying debug reg access
# [TB] 12783001ns retrying debug reg access
# [TB] 12812301ns retrying debug reg access
# [TB] 12841601ns retrying debug reg access
# [TB] 12870901ns retrying debug reg access
# [TB] 12900201ns retrying debug reg access
# [TB] 12929501ns retrying debug reg access
# [TB] 12958801ns retrying debug reg access
# [TB] 12988101ns retrying debug reg access
# [TB] 13017401ns retrying debug reg access
# [TB] 13046701ns retrying debug reg access
# [TB] 13076001ns retrying debug reg access
# [TB] 13105301ns retrying debug reg access
# [TB] 13134601ns retrying debug reg access
# [TB] 13163901ns retrying debug reg access
# [TB] 13193201ns retrying debug reg access
# [TB] 13222501ns retrying debug reg access
# [TB] 13251801ns retrying debug reg access
# [TB] 13281101ns retrying debug reg access
# [TB] 13310401ns retrying debug reg access
# [TB] 13339701ns retrying debug reg access
# [TB] 13369001ns retrying debug reg access
# [TB] 13398301ns retrying debug reg access
# [TB] 13427601ns retrying debug reg access
# [TB] 14001001ns - Waiting for end of computation
# [STDOUT-CL31_PE0] 
# [STDOUT-CL31_PE0] === PULP full-system demo ===
# [STDOUT-CL31_PE0] [PHASE 0] FC, L2, duong stdout           ... 
# [STDOUT-CL31_PE0]           cluster_id=31 core_id=0 nb_pe=8
# [STDOUT-CL31_PE0] [PHASE 0] FC, L2, duong stdout           ... OK
# [STDOUT-CL31_PE0] [PHASE 1] FC core, L2, SoC interco       ... OK
# [STDOUT-CL31_PE0] [PHASE 2] APB timer, FC clock            ... OK
# [STDOUT-CL31_PE0] [PHASE 3] PMU, cluster clk/rst, AXI      ... 
# [STDOUT-CL0_PE0] [PHASE 4] 8 core, event unit, barrier    ... OK
# [STDOUT-CL0_PE0] [PHASE 5] TCDM va interconnect           ... OK
# [STDOUT-CL0_PE0] [PHASE 6] MCHAN DMA, AXI hai chieu       ... OK
# [STDOUT-CL0_PE0] [PHASE 7] HWPE datamover                 ... 
# [STDOUT-CL0_PE0]           src=0x10000060 dst=0x10000160 beats=8 BW=32
# [STDOUT-CL0_PE0]           [ 0] src=0xda7a0000 dst=0xda7a0000 ok
# [STDOUT-CL0_PE0]           [ 1] src=0xda7a0001 dst=0xda7a0001 ok
# [STDOUT-CL0_PE0]           [ 2] src=0xda7a0002 dst=0xda7a0002 ok
# [STDOUT-CL0_PE0]           [ 3] src=0xda7a0003 dst=0x00000000 SAI
# [STDOUT-CL0_PE0]           [ 4] src=0xda7a0004 dst=0x00000000 SAI
# [STDOUT-CL0_PE0]           [ 5] src=0xda7a0005 dst=0x00000000 SAI
# [STDOUT-CL0_PE0]           [ 6] src=0xda7a0006 dst=0x00000000 SAI
# [STDOUT-CL0_PE0]           [ 7] src=0xda7a0007 dst=0x00000000 SAI
# [STDOUT-CL0_PE0]           [ 8] src=0xda7a0008 dst=0xda7a0008 ok
# [STDOUT-CL0_PE0]           [ 9] src=0xda7a0009 dst=0xda7a0009 ok
# [STDOUT-CL0_PE0]           [10] src=0xda7a000a dst=0xda7a000a ok
# [STDOUT-CL0_PE0]           [11] src=0xda7a000b dst=0x00000000 SAI
# [STDOUT-CL0_PE0]           [12] src=0xda7a000c dst=0x00000000 SAI
# [STDOUT-CL0_PE0]           [13] src=0xda7a000d dst=0x00000000 SAI
# [STDOUT-CL0_PE0]           [14] src=0xda7a000e dst=0x00000000 SAI
# [STDOUT-CL0_PE0]           [15] src=0xda7a000f dst=0x00000000 SAI
# [STDOUT-CL0_PE0] [PHASE 7] HWPE datamover                 ... FAIL  40/64 word sai, dau tien la word 3: dst=0x00000000 src=0xda7a0003 (job=0 status=0 beats=8 BW=32)
# [STDOUT-CL31_PE0] [PHASE 3] PMU, cluster clk/rst, AXI      ... FAIL  cluster bao 1 loi o phase 4-7
# [STDOUT-CL31_PE0] [PHASE 8] GPIO, safe domain padmux       ... OK
# [STDOUT-CL31_PE0] 
# [STDOUT-CL31_PE0] ==== FULL-SYSTEM SUMMARY: FAIL (1 phase loi)
# [TB] 20199701ns - Received status core: 0x00000001
# ** Note: $stop    : /home/dungpc/ndmoney4porche/projects/pulp/rtl/tb/tb_pulp.sv(1008)
#    Time: 20199701 ns  Iteration: 0  Instance: /tb_pulp
# Break at /home/dungpc/ndmoney4porche/projects/pulp/rtl/tb/tb_pulp.sv line 1008
# Stopped at /home/dungpc/ndmoney4porche/projects/pulp/rtl/tb/tb_pulp.sv line 1008
# End time: 15:42:39 on Sep 06,2026, Elapsed time: 0:02:26
# Errors: 4, Warnings: 12
make: *** [/home/dungpc/ndmoney4porche/projects/pulp/pulp-runtime/rules/pulpos/default_rules.mk:325: run] Error 1
