RM  /home/dungpc/ndmoney4porche/projects/pulp/sw/full_system/build
rm -rf /home/dungpc/ndmoney4porche/projects/pulp/sw/full_system/build
CC  full_system.c
mkdir -p `dirname /home/dungpc/ndmoney4porche/projects/pulp/sw/full_system/build/test/full_system.o`
/home/dungpc/ndmoney4porche/tools/v1.0.16-pulp-riscv-gcc-ubuntu-16/bin/riscv32-unknown-elf-gcc  -c full_system.c -o /home/dungpc/ndmoney4porche/projects/pulp/sw/full_system/build/test/full_system.o -MMD -MP -march=rv32imcxgap9 -O2 -g -DCLUSTER_STACK_SIZE=0x1000 -DDEMO_INJECT_FAULT_CORE3 -D__riscv__ -fdata-sections -ffunction-sections -include chips/pulp/config.h -I/home/dungpc/ndmoney4porche/projects/pulp/pulp-runtime/include/chips/pulp  -fno-jump-tables -fno-tree-loop-distribute-patterns -D__PLATFORM__=ARCHI_PLATFORM_RTL -DCONFIG_IO_UART=0 -DCONFIG_IO_UART_BAUDRATE=115200 -DCONFIG_IO_UART_ITF=0 -I/home/dungpc/ndmoney4porche/projects/pulp/pulp-runtime/lib/libc/minimal/include -I/home/dungpc/ndmoney4porche/projects/pulp/pulp-runtime/include -I/home/dungpc/ndmoney4porche/projects/pulp/pulp-runtime/kernel 
In file included from full_system.c:14:0:
full_system.c: In function 'phase7_hwpe':
hal_datamover.h:79:89: warning: passing argument 2 of '__builtin_pulp_OffsetedWrite' discards 'volatile' qualifier from pointer target type [-Wdiscarded-qualifiers]
   #define DATAMOVER_WRITE_CMD(offset, value)        __builtin_pulp_OffsetedWrite(value, (int volatile *)(DATAMOVER_ADDR_BASE), offset)
                                                                                         ^
full_system.c:270:5: note: in expansion of macro 'DATAMOVER_WRITE_CMD'
     DATAMOVER_WRITE_CMD(DATAMOVER_SOFT_CLEAR, DATAMOVER_SOFT_CLEAR_ALL);
     ^~~~~~~~~~~~~~~~~~~
hal_datamover.h:79:89: note: expected 'void *' but argument is of type 'volatile int *'
   #define DATAMOVER_WRITE_CMD(offset, value)        __builtin_pulp_OffsetedWrite(value, (int volatile *)(DATAMOVER_ADDR_BASE), offset)
                                                                                         ^
full_system.c:270:5: note: in expansion of macro 'DATAMOVER_WRITE_CMD'
     DATAMOVER_WRITE_CMD(DATAMOVER_SOFT_CLEAR, DATAMOVER_SOFT_CLEAR_ALL);
     ^~~~~~~~~~~~~~~~~~~
In file included from full_system.c:14:0:
hal_datamover.h:84:89: warning: passing argument 2 of '__builtin_pulp_OffsetedWrite' discards 'volatile' qualifier from pointer target type [-Wdiscarded-qualifiers]
   #define DATAMOVER_WRITE_REG(offset, value)        __builtin_pulp_OffsetedWrite(value, (int volatile *)(DATAMOVER_ADDR_BASE + DATAMOVER_REGISTER_OFFS), offset)
                                                                                         ^
full_system.c:286:5: note: in expansion of macro 'DATAMOVER_WRITE_REG'
     DATAMOVER_WRITE_REG(DATAMOVER_REG_IN_PTR,        (unsigned int)src);
     ^~~~~~~~~~~~~~~~~~~
hal_datamover.h:84:89: note: expected 'void *' but argument is of type 'volatile int *'
   #define DATAMOVER_WRITE_REG(offset, value)        __builtin_pulp_OffsetedWrite(value, (int volatile *)(DATAMOVER_ADDR_BASE + DATAMOVER_REGISTER_OFFS), offset)
                                                                                         ^
full_system.c:286:5: note: in expansion of macro 'DATAMOVER_WRITE_REG'
     DATAMOVER_WRITE_REG(DATAMOVER_REG_IN_PTR,        (unsigned int)src);
     ^~~~~~~~~~~~~~~~~~~
hal_datamover.h:84:89: warning: passing argument 2 of '__builtin_pulp_OffsetedWrite' discards 'volatile' qualifier from pointer target type [-Wdiscarded-qualifiers]
   #define DATAMOVER_WRITE_REG(offset, value)        __builtin_pulp_OffsetedWrite(value, (int volatile *)(DATAMOVER_ADDR_BASE + DATAMOVER_REGISTER_OFFS), offset)
                                                                                         ^
full_system.c:287:5: note: in expansion of macro 'DATAMOVER_WRITE_REG'
     DATAMOVER_WRITE_REG(DATAMOVER_REG_OUT_PTR,       (unsigned int)dst);
     ^~~~~~~~~~~~~~~~~~~
hal_datamover.h:84:89: note: expected 'void *' but argument is of type 'volatile int *'
   #define DATAMOVER_WRITE_REG(offset, value)        __builtin_pulp_OffsetedWrite(value, (int volatile *)(DATAMOVER_ADDR_BASE + DATAMOVER_REGISTER_OFFS), offset)
                                                                                         ^
full_system.c:287:5: note: in expansion of macro 'DATAMOVER_WRITE_REG'
     DATAMOVER_WRITE_REG(DATAMOVER_REG_OUT_PTR,       (unsigned int)dst);
     ^~~~~~~~~~~~~~~~~~~
hal_datamover.h:84:89: warning: passing argument 2 of '__builtin_pulp_OffsetedWrite' discards 'volatile' qualifier from pointer target type [-Wdiscarded-qualifiers]
   #define DATAMOVER_WRITE_REG(offset, value)        __builtin_pulp_OffsetedWrite(value, (int volatile *)(DATAMOVER_ADDR_BASE + DATAMOVER_REGISTER_OFFS), offset)
                                                                                         ^
full_system.c:288:5: note: in expansion of macro 'DATAMOVER_WRITE_REG'
     DATAMOVER_WRITE_REG(DATAMOVER_REG_TOT_LEN,       beats);
     ^~~~~~~~~~~~~~~~~~~
hal_datamover.h:84:89: note: expected 'void *' but argument is of type 'volatile int *'
   #define DATAMOVER_WRITE_REG(offset, value)        __builtin_pulp_OffsetedWrite(value, (int volatile *)(DATAMOVER_ADDR_BASE + DATAMOVER_REGISTER_OFFS), offset)
                                                                                         ^
full_system.c:288:5: note: in expansion of macro 'DATAMOVER_WRITE_REG'
     DATAMOVER_WRITE_REG(DATAMOVER_REG_TOT_LEN,       beats);
     ^~~~~~~~~~~~~~~~~~~
hal_datamover.h:84:89: warning: passing argument 2 of '__builtin_pulp_OffsetedWrite' discards 'volatile' qualifier from pointer target type [-Wdiscarded-qualifiers]
   #define DATAMOVER_WRITE_REG(offset, value)        __builtin_pulp_OffsetedWrite(value, (int volatile *)(DATAMOVER_ADDR_BASE + DATAMOVER_REGISTER_OFFS), offset)
                                                                                         ^
full_system.c:289:5: note: in expansion of macro 'DATAMOVER_WRITE_REG'
     DATAMOVER_WRITE_REG(DATAMOVER_REG_IN_D0_LEN,     beats);
     ^~~~~~~~~~~~~~~~~~~
hal_datamover.h:84:89: note: expected 'void *' but argument is of type 'volatile int *'
   #define DATAMOVER_WRITE_REG(offset, value)        __builtin_pulp_OffsetedWrite(value, (int volatile *)(DATAMOVER_ADDR_BASE + DATAMOVER_REGISTER_OFFS), offset)
                                                                                         ^
full_system.c:289:5: note: in expansion of macro 'DATAMOVER_WRITE_REG'
     DATAMOVER_WRITE_REG(DATAMOVER_REG_IN_D0_LEN,     beats);
     ^~~~~~~~~~~~~~~~~~~
hal_datamover.h:84:89: warning: passing argument 2 of '__builtin_pulp_OffsetedWrite' discards 'volatile' qualifier from pointer target type [-Wdiscarded-qualifiers]
   #define DATAMOVER_WRITE_REG(offset, value)        __builtin_pulp_OffsetedWrite(value, (int volatile *)(DATAMOVER_ADDR_BASE + DATAMOVER_REGISTER_OFFS), offset)
                                                                                         ^
full_system.c:290:5: note: in expansion of macro 'DATAMOVER_WRITE_REG'
     DATAMOVER_WRITE_REG(DATAMOVER_REG_IN_D0_STRIDE,  BW);
     ^~~~~~~~~~~~~~~~~~~
hal_datamover.h:84:89: note: expected 'void *' but argument is of type 'volatile int *'
   #define DATAMOVER_WRITE_REG(offset, value)        __builtin_pulp_OffsetedWrite(value, (int volatile *)(DATAMOVER_ADDR_BASE + DATAMOVER_REGISTER_OFFS), offset)
                                                                                         ^
full_system.c:290:5: note: in expansion of macro 'DATAMOVER_WRITE_REG'
     DATAMOVER_WRITE_REG(DATAMOVER_REG_IN_D0_STRIDE,  BW);
     ^~~~~~~~~~~~~~~~~~~
hal_datamover.h:84:89: warning: passing argument 2 of '__builtin_pulp_OffsetedWrite' discards 'volatile' qualifier from pointer target type [-Wdiscarded-qualifiers]
   #define DATAMOVER_WRITE_REG(offset, value)        __builtin_pulp_OffsetedWrite(value, (int volatile *)(DATAMOVER_ADDR_BASE + DATAMOVER_REGISTER_OFFS), offset)
                                                                                         ^
full_system.c:291:5: note: in expansion of macro 'DATAMOVER_WRITE_REG'
     DATAMOVER_WRITE_REG(DATAMOVER_REG_IN_D1_LEN,     beats);
     ^~~~~~~~~~~~~~~~~~~
hal_datamover.h:84:89: note: expected 'void *' but argument is of type 'volatile int *'
   #define DATAMOVER_WRITE_REG(offset, value)        __builtin_pulp_OffsetedWrite(value, (int volatile *)(DATAMOVER_ADDR_BASE + DATAMOVER_REGISTER_OFFS), offset)
                                                                                         ^
full_system.c:291:5: note: in expansion of macro 'DATAMOVER_WRITE_REG'
     DATAMOVER_WRITE_REG(DATAMOVER_REG_IN_D1_LEN,     beats);
     ^~~~~~~~~~~~~~~~~~~
hal_datamover.h:84:89: warning: passing argument 2 of '__builtin_pulp_OffsetedWrite' discards 'volatile' qualifier from pointer target type [-Wdiscarded-qualifiers]
   #define DATAMOVER_WRITE_REG(offset, value)        __builtin_pulp_OffsetedWrite(value, (int volatile *)(DATAMOVER_ADDR_BASE + DATAMOVER_REGISTER_OFFS), offset)
                                                                                         ^
full_system.c:292:5: note: in expansion of macro 'DATAMOVER_WRITE_REG'
     DATAMOVER_WRITE_REG(DATAMOVER_REG_IN_D1_STRIDE,  0);
     ^~~~~~~~~~~~~~~~~~~
hal_datamover.h:84:89: note: expected 'void *' but argument is of type 'volatile int *'
   #define DATAMOVER_WRITE_REG(offset, value)        __builtin_pulp_OffsetedWrite(value, (int volatile *)(DATAMOVER_ADDR_BASE + DATAMOVER_REGISTER_OFFS), offset)
                                                                                         ^
full_system.c:292:5: note: in expansion of macro 'DATAMOVER_WRITE_REG'
     DATAMOVER_WRITE_REG(DATAMOVER_REG_IN_D1_STRIDE,  0);
     ^~~~~~~~~~~~~~~~~~~
hal_datamover.h:84:89: warning: passing argument 2 of '__builtin_pulp_OffsetedWrite' discards 'volatile' qualifier from pointer target type [-Wdiscarded-qualifiers]
   #define DATAMOVER_WRITE_REG(offset, value)        __builtin_pulp_OffsetedWrite(value, (int volatile *)(DATAMOVER_ADDR_BASE + DATAMOVER_REGISTER_OFFS), offset)
                                                                                         ^
full_system.c:293:5: note: in expansion of macro 'DATAMOVER_WRITE_REG'
     DATAMOVER_WRITE_REG(DATAMOVER_REG_IN_D2_STRIDE,  0);
     ^~~~~~~~~~~~~~~~~~~
hal_datamover.h:84:89: note: expected 'void *' but argument is of type 'volatile int *'
   #define DATAMOVER_WRITE_REG(offset, value)        __builtin_pulp_OffsetedWrite(value, (int volatile *)(DATAMOVER_ADDR_BASE + DATAMOVER_REGISTER_OFFS), offset)
                                                                                         ^
full_system.c:293:5: note: in expansion of macro 'DATAMOVER_WRITE_REG'
     DATAMOVER_WRITE_REG(DATAMOVER_REG_IN_D2_STRIDE,  0);
     ^~~~~~~~~~~~~~~~~~~
hal_datamover.h:84:89: warning: passing argument 2 of '__builtin_pulp_OffsetedWrite' discards 'volatile' qualifier from pointer target type [-Wdiscarded-qualifiers]
   #define DATAMOVER_WRITE_REG(offset, value)        __builtin_pulp_OffsetedWrite(value, (int volatile *)(DATAMOVER_ADDR_BASE + DATAMOVER_REGISTER_OFFS), offset)
                                                                                         ^
full_system.c:294:5: note: in expansion of macro 'DATAMOVER_WRITE_REG'
     DATAMOVER_WRITE_REG(DATAMOVER_REG_OUT_D0_LEN,    beats);
     ^~~~~~~~~~~~~~~~~~~
hal_datamover.h:84:89: note: expected 'void *' but argument is of type 'volatile int *'
   #define DATAMOVER_WRITE_REG(offset, value)        __builtin_pulp_OffsetedWrite(value, (int volatile *)(DATAMOVER_ADDR_BASE + DATAMOVER_REGISTER_OFFS), offset)
                                                                                         ^
full_system.c:294:5: note: in expansion of macro 'DATAMOVER_WRITE_REG'
     DATAMOVER_WRITE_REG(DATAMOVER_REG_OUT_D0_LEN,    beats);
     ^~~~~~~~~~~~~~~~~~~
hal_datamover.h:84:89: warning: passing argument 2 of '__builtin_pulp_OffsetedWrite' discards 'volatile' qualifier from pointer target type [-Wdiscarded-qualifiers]
   #define DATAMOVER_WRITE_REG(offset, value)        __builtin_pulp_OffsetedWrite(value, (int volatile *)(DATAMOVER_ADDR_BASE + DATAMOVER_REGISTER_OFFS), offset)
                                                                                         ^
full_system.c:295:5: note: in expansion of macro 'DATAMOVER_WRITE_REG'
     DATAMOVER_WRITE_REG(DATAMOVER_REG_OUT_D0_STRIDE, BW);
     ^~~~~~~~~~~~~~~~~~~
hal_datamover.h:84:89: note: expected 'void *' but argument is of type 'volatile int *'
   #define DATAMOVER_WRITE_REG(offset, value)        __builtin_pulp_OffsetedWrite(value, (int volatile *)(DATAMOVER_ADDR_BASE + DATAMOVER_REGISTER_OFFS), offset)
                                                                                         ^
full_system.c:295:5: note: in expansion of macro 'DATAMOVER_WRITE_REG'
     DATAMOVER_WRITE_REG(DATAMOVER_REG_OUT_D0_STRIDE, BW);
     ^~~~~~~~~~~~~~~~~~~
hal_datamover.h:84:89: warning: passing argument 2 of '__builtin_pulp_OffsetedWrite' discards 'volatile' qualifier from pointer target type [-Wdiscarded-qualifiers]
   #define DATAMOVER_WRITE_REG(offset, value)        __builtin_pulp_OffsetedWrite(value, (int volatile *)(DATAMOVER_ADDR_BASE + DATAMOVER_REGISTER_OFFS), offset)
                                                                                         ^
full_system.c:296:5: note: in expansion of macro 'DATAMOVER_WRITE_REG'
     DATAMOVER_WRITE_REG(DATAMOVER_REG_OUT_D1_LEN,    beats);
     ^~~~~~~~~~~~~~~~~~~
hal_datamover.h:84:89: note: expected 'void *' but argument is of type 'volatile int *'
   #define DATAMOVER_WRITE_REG(offset, value)        __builtin_pulp_OffsetedWrite(value, (int volatile *)(DATAMOVER_ADDR_BASE + DATAMOVER_REGISTER_OFFS), offset)
                                                                                         ^
full_system.c:296:5: note: in expansion of macro 'DATAMOVER_WRITE_REG'
     DATAMOVER_WRITE_REG(DATAMOVER_REG_OUT_D1_LEN,    beats);
     ^~~~~~~~~~~~~~~~~~~
hal_datamover.h:84:89: warning: passing argument 2 of '__builtin_pulp_OffsetedWrite' discards 'volatile' qualifier from pointer target type [-Wdiscarded-qualifiers]
   #define DATAMOVER_WRITE_REG(offset, value)        __builtin_pulp_OffsetedWrite(value, (int volatile *)(DATAMOVER_ADDR_BASE + DATAMOVER_REGISTER_OFFS), offset)
                                                                                         ^
full_system.c:297:5: note: in expansion of macro 'DATAMOVER_WRITE_REG'
     DATAMOVER_WRITE_REG(DATAMOVER_REG_OUT_D1_STRIDE, 0);
     ^~~~~~~~~~~~~~~~~~~
hal_datamover.h:84:89: note: expected 'void *' but argument is of type 'volatile int *'
   #define DATAMOVER_WRITE_REG(offset, value)        __builtin_pulp_OffsetedWrite(value, (int volatile *)(DATAMOVER_ADDR_BASE + DATAMOVER_REGISTER_OFFS), offset)
                                                                                         ^
full_system.c:297:5: note: in expansion of macro 'DATAMOVER_WRITE_REG'
     DATAMOVER_WRITE_REG(DATAMOVER_REG_OUT_D1_STRIDE, 0);
     ^~~~~~~~~~~~~~~~~~~
hal_datamover.h:84:89: warning: passing argument 2 of '__builtin_pulp_OffsetedWrite' discards 'volatile' qualifier from pointer target type [-Wdiscarded-qualifiers]
   #define DATAMOVER_WRITE_REG(offset, value)        __builtin_pulp_OffsetedWrite(value, (int volatile *)(DATAMOVER_ADDR_BASE + DATAMOVER_REGISTER_OFFS), offset)
                                                                                         ^
full_system.c:298:5: note: in expansion of macro 'DATAMOVER_WRITE_REG'
     DATAMOVER_WRITE_REG(DATAMOVER_REG_OUT_D2_STRIDE, 0);
     ^~~~~~~~~~~~~~~~~~~
hal_datamover.h:84:89: note: expected 'void *' but argument is of type 'volatile int *'
   #define DATAMOVER_WRITE_REG(offset, value)        __builtin_pulp_OffsetedWrite(value, (int volatile *)(DATAMOVER_ADDR_BASE + DATAMOVER_REGISTER_OFFS), offset)
                                                                                         ^
full_system.c:298:5: note: in expansion of macro 'DATAMOVER_WRITE_REG'
     DATAMOVER_WRITE_REG(DATAMOVER_REG_OUT_D2_STRIDE, 0);
     ^~~~~~~~~~~~~~~~~~~
In file included from full_system.c:14:0:
hal_datamover.h:79:89: warning: passing argument 2 of '__builtin_pulp_OffsetedWrite' discards 'volatile' qualifier from pointer target type [-Wdiscarded-qualifiers]
   #define DATAMOVER_WRITE_CMD(offset, value)        __builtin_pulp_OffsetedWrite(value, (int volatile *)(DATAMOVER_ADDR_BASE), offset)
                                                                                         ^
full_system.c:300:5: note: in expansion of macro 'DATAMOVER_WRITE_CMD'
     DATAMOVER_WRITE_CMD(DATAMOVER_COMMIT_AND_TRIGGER, DATAMOVER_TRIGGER_CMD);
     ^~~~~~~~~~~~~~~~~~~
hal_datamover.h:79:89: note: expected 'void *' but argument is of type 'volatile int *'
   #define DATAMOVER_WRITE_CMD(offset, value)        __builtin_pulp_OffsetedWrite(value, (int volatile *)(DATAMOVER_ADDR_BASE), offset)
                                                                                         ^
full_system.c:300:5: note: in expansion of macro 'DATAMOVER_WRITE_CMD'
     DATAMOVER_WRITE_CMD(DATAMOVER_COMMIT_AND_TRIGGER, DATAMOVER_TRIGGER_CMD);
     ^~~~~~~~~~~~~~~~~~~
CC  demo_data.c
mkdir -p `dirname /home/dungpc/ndmoney4porche/projects/pulp/sw/full_system/build/test/demo_data.o`
/home/dungpc/ndmoney4porche/tools/v1.0.16-pulp-riscv-gcc-ubuntu-16/bin/riscv32-unknown-elf-gcc  -c demo_data.c -o /home/dungpc/ndmoney4porche/projects/pulp/sw/full_system/build/test/demo_data.o -MMD -MP -march=rv32imcxgap9 -O2 -g -DCLUSTER_STACK_SIZE=0x1000 -DDEMO_INJECT_FAULT_CORE3 -D__riscv__ -fdata-sections -ffunction-sections -include chips/pulp/config.h -I/home/dungpc/ndmoney4porche/projects/pulp/pulp-runtime/include/chips/pulp  -fno-jump-tables -fno-tree-loop-distribute-patterns -D__PLATFORM__=ARCHI_PLATFORM_RTL -DCONFIG_IO_UART=0 -DCONFIG_IO_UART_BAUDRATE=115200 -DCONFIG_IO_UART_ITF=0 -I/home/dungpc/ndmoney4porche/projects/pulp/pulp-runtime/lib/libc/minimal/include -I/home/dungpc/ndmoney4porche/projects/pulp/pulp-runtime/include -I/home/dungpc/ndmoney4porche/projects/pulp/pulp-runtime/kernel 
CC  /home/dungpc/ndmoney4porche/projects/pulp/pulp-runtime/kernel/fll-v1.c
mkdir -p `dirname /home/dungpc/ndmoney4porche/projects/pulp/sw/full_system/build/test/kernel/fll-v1.o`
/home/dungpc/ndmoney4porche/tools/v1.0.16-pulp-riscv-gcc-ubuntu-16/bin/riscv32-unknown-elf-gcc  -c /home/dungpc/ndmoney4porche/projects/pulp/pulp-runtime/kernel/fll-v1.c -o /home/dungpc/ndmoney4porche/projects/pulp/sw/full_system/build/test/kernel/fll-v1.o -MMD -MP -march=rv32imcxgap9 -O2 -g -DCLUSTER_STACK_SIZE=0x1000 -DDEMO_INJECT_FAULT_CORE3 -D__riscv__ -fdata-sections -ffunction-sections -include chips/pulp/config.h -I/home/dungpc/ndmoney4porche/projects/pulp/pulp-runtime/include/chips/pulp  -fno-jump-tables -fno-tree-loop-distribute-patterns -D__PLATFORM__=ARCHI_PLATFORM_RTL -DCONFIG_IO_UART=0 -DCONFIG_IO_UART_BAUDRATE=115200 -DCONFIG_IO_UART_ITF=0 -I/home/dungpc/ndmoney4porche/projects/pulp/pulp-runtime/lib/libc/minimal/include -I/home/dungpc/ndmoney4porche/projects/pulp/pulp-runtime/include -I/home/dungpc/ndmoney4porche/projects/pulp/pulp-runtime/kernel 
CC  /home/dungpc/ndmoney4porche/projects/pulp/pulp-runtime/kernel/freq-domains.c
mkdir -p `dirname /home/dungpc/ndmoney4porche/projects/pulp/sw/full_system/build/test/kernel/freq-domains.o`
/home/dungpc/ndmoney4porche/tools/v1.0.16-pulp-riscv-gcc-ubuntu-16/bin/riscv32-unknown-elf-gcc  -c /home/dungpc/ndmoney4porche/projects/pulp/pulp-runtime/kernel/freq-domains.c -o /home/dungpc/ndmoney4porche/projects/pulp/sw/full_system/build/test/kernel/freq-domains.o -MMD -MP -march=rv32imcxgap9 -O2 -g -DCLUSTER_STACK_SIZE=0x1000 -DDEMO_INJECT_FAULT_CORE3 -D__riscv__ -fdata-sections -ffunction-sections -include chips/pulp/config.h -I/home/dungpc/ndmoney4porche/projects/pulp/pulp-runtime/include/chips/pulp  -fno-jump-tables -fno-tree-loop-distribute-patterns -D__PLATFORM__=ARCHI_PLATFORM_RTL -DCONFIG_IO_UART=0 -DCONFIG_IO_UART_BAUDRATE=115200 -DCONFIG_IO_UART_ITF=0 -I/home/dungpc/ndmoney4porche/projects/pulp/pulp-runtime/lib/libc/minimal/include -I/home/dungpc/ndmoney4porche/projects/pulp/pulp-runtime/include -I/home/dungpc/ndmoney4porche/projects/pulp/pulp-runtime/kernel 
CC  /home/dungpc/ndmoney4porche/projects/pulp/pulp-runtime/kernel/chips/pulp/soc.c
mkdir -p `dirname /home/dungpc/ndmoney4porche/projects/pulp/sw/full_system/build/test/kernel/chips/pulp/soc.o`
/home/dungpc/ndmoney4porche/tools/v1.0.16-pulp-riscv-gcc-ubuntu-16/bin/riscv32-unknown-elf-gcc  -c /home/dungpc/ndmoney4porche/projects/pulp/pulp-runtime/kernel/chips/pulp/soc.c -o /home/dungpc/ndmoney4porche/projects/pulp/sw/full_system/build/test/kernel/chips/pulp/soc.o -MMD -MP -march=rv32imcxgap9 -O2 -g -DCLUSTER_STACK_SIZE=0x1000 -DDEMO_INJECT_FAULT_CORE3 -D__riscv__ -fdata-sections -ffunction-sections -include chips/pulp/config.h -I/home/dungpc/ndmoney4porche/projects/pulp/pulp-runtime/include/chips/pulp  -fno-jump-tables -fno-tree-loop-distribute-patterns -D__PLATFORM__=ARCHI_PLATFORM_RTL -DCONFIG_IO_UART=0 -DCONFIG_IO_UART_BAUDRATE=115200 -DCONFIG_IO_UART_ITF=0 -I/home/dungpc/ndmoney4porche/projects/pulp/pulp-runtime/lib/libc/minimal/include -I/home/dungpc/ndmoney4porche/projects/pulp/pulp-runtime/include -I/home/dungpc/ndmoney4porche/projects/pulp/pulp-runtime/kernel 
CC  /home/dungpc/ndmoney4porche/projects/pulp/pulp-runtime/lib/libc/minimal/io.c
mkdir -p `dirname /home/dungpc/ndmoney4porche/projects/pulp/sw/full_system/build/test/lib/libc/minimal/io.o`
/home/dungpc/ndmoney4porche/tools/v1.0.16-pulp-riscv-gcc-ubuntu-16/bin/riscv32-unknown-elf-gcc  -c /home/dungpc/ndmoney4porche/projects/pulp/pulp-runtime/lib/libc/minimal/io.c -o /home/dungpc/ndmoney4porche/projects/pulp/sw/full_system/build/test/lib/libc/minimal/io.o -MMD -MP -march=rv32imcxgap9 -O2 -g -DCLUSTER_STACK_SIZE=0x1000 -DDEMO_INJECT_FAULT_CORE3 -D__riscv__ -fdata-sections -ffunction-sections -include chips/pulp/config.h -I/home/dungpc/ndmoney4porche/projects/pulp/pulp-runtime/include/chips/pulp  -fno-jump-tables -fno-tree-loop-distribute-patterns -D__PLATFORM__=ARCHI_PLATFORM_RTL -DCONFIG_IO_UART=0 -DCONFIG_IO_UART_BAUDRATE=115200 -DCONFIG_IO_UART_ITF=0 -I/home/dungpc/ndmoney4porche/projects/pulp/pulp-runtime/lib/libc/minimal/include -I/home/dungpc/ndmoney4porche/projects/pulp/pulp-runtime/include -I/home/dungpc/ndmoney4porche/projects/pulp/pulp-runtime/kernel 
CC  /home/dungpc/ndmoney4porche/projects/pulp/pulp-runtime/lib/libc/minimal/fprintf.c
mkdir -p `dirname /home/dungpc/ndmoney4porche/projects/pulp/sw/full_system/build/test/lib/libc/minimal/fprintf.o`
/home/dungpc/ndmoney4porche/tools/v1.0.16-pulp-riscv-gcc-ubuntu-16/bin/riscv32-unknown-elf-gcc  -c /home/dungpc/ndmoney4porche/projects/pulp/pulp-runtime/lib/libc/minimal/fprintf.c -o /home/dungpc/ndmoney4porche/projects/pulp/sw/full_system/build/test/lib/libc/minimal/fprintf.o -MMD -MP -march=rv32imcxgap9 -O2 -g -DCLUSTER_STACK_SIZE=0x1000 -DDEMO_INJECT_FAULT_CORE3 -D__riscv__ -fdata-sections -ffunction-sections -include chips/pulp/config.h -I/home/dungpc/ndmoney4porche/projects/pulp/pulp-runtime/include/chips/pulp  -fno-jump-tables -fno-tree-loop-distribute-patterns -D__PLATFORM__=ARCHI_PLATFORM_RTL -DCONFIG_IO_UART=0 -DCONFIG_IO_UART_BAUDRATE=115200 -DCONFIG_IO_UART_ITF=0 -I/home/dungpc/ndmoney4porche/projects/pulp/pulp-runtime/lib/libc/minimal/include -I/home/dungpc/ndmoney4porche/projects/pulp/pulp-runtime/include -I/home/dungpc/ndmoney4porche/projects/pulp/pulp-runtime/kernel 
CC  /home/dungpc/ndmoney4porche/projects/pulp/pulp-runtime/lib/libc/minimal/prf.c
mkdir -p `dirname /home/dungpc/ndmoney4porche/projects/pulp/sw/full_system/build/test/lib/libc/minimal/prf.o`
/home/dungpc/ndmoney4porche/tools/v1.0.16-pulp-riscv-gcc-ubuntu-16/bin/riscv32-unknown-elf-gcc  -c /home/dungpc/ndmoney4porche/projects/pulp/pulp-runtime/lib/libc/minimal/prf.c -o /home/dungpc/ndmoney4porche/projects/pulp/sw/full_system/build/test/lib/libc/minimal/prf.o -MMD -MP -march=rv32imcxgap9 -O2 -g -DCLUSTER_STACK_SIZE=0x1000 -DDEMO_INJECT_FAULT_CORE3 -D__riscv__ -fdata-sections -ffunction-sections -include chips/pulp/config.h -I/home/dungpc/ndmoney4porche/projects/pulp/pulp-runtime/include/chips/pulp  -fno-jump-tables -fno-tree-loop-distribute-patterns -D__PLATFORM__=ARCHI_PLATFORM_RTL -DCONFIG_IO_UART=0 -DCONFIG_IO_UART_BAUDRATE=115200 -DCONFIG_IO_UART_ITF=0 -I/home/dungpc/ndmoney4porche/projects/pulp/pulp-runtime/lib/libc/minimal/include -I/home/dungpc/ndmoney4porche/projects/pulp/pulp-runtime/include -I/home/dungpc/ndmoney4porche/projects/pulp/pulp-runtime/kernel 
CC  /home/dungpc/ndmoney4porche/projects/pulp/pulp-runtime/lib/libc/minimal/sprintf.c
mkdir -p `dirname /home/dungpc/ndmoney4porche/projects/pulp/sw/full_system/build/test/lib/libc/minimal/sprintf.o`
/home/dungpc/ndmoney4porche/tools/v1.0.16-pulp-riscv-gcc-ubuntu-16/bin/riscv32-unknown-elf-gcc  -c /home/dungpc/ndmoney4porche/projects/pulp/pulp-runtime/lib/libc/minimal/sprintf.c -o /home/dungpc/ndmoney4porche/projects/pulp/sw/full_system/build/test/lib/libc/minimal/sprintf.o -MMD -MP -march=rv32imcxgap9 -O2 -g -DCLUSTER_STACK_SIZE=0x1000 -DDEMO_INJECT_FAULT_CORE3 -D__riscv__ -fdata-sections -ffunction-sections -include chips/pulp/config.h -I/home/dungpc/ndmoney4porche/projects/pulp/pulp-runtime/include/chips/pulp  -fno-jump-tables -fno-tree-loop-distribute-patterns -D__PLATFORM__=ARCHI_PLATFORM_RTL -DCONFIG_IO_UART=0 -DCONFIG_IO_UART_BAUDRATE=115200 -DCONFIG_IO_UART_ITF=0 -I/home/dungpc/ndmoney4porche/projects/pulp/pulp-runtime/lib/libc/minimal/include -I/home/dungpc/ndmoney4porche/projects/pulp/pulp-runtime/include -I/home/dungpc/ndmoney4porche/projects/pulp/pulp-runtime/kernel 
CC  /home/dungpc/ndmoney4porche/projects/pulp/pulp-runtime/kernel/init.c
mkdir -p `dirname /home/dungpc/ndmoney4porche/projects/pulp/sw/full_system/build/test/kernel/init.o`
/home/dungpc/ndmoney4porche/tools/v1.0.16-pulp-riscv-gcc-ubuntu-16/bin/riscv32-unknown-elf-gcc  -c /home/dungpc/ndmoney4porche/projects/pulp/pulp-runtime/kernel/init.c -o /home/dungpc/ndmoney4porche/projects/pulp/sw/full_system/build/test/kernel/init.o -MMD -MP -march=rv32imcxgap9 -O2 -g -DCLUSTER_STACK_SIZE=0x1000 -DDEMO_INJECT_FAULT_CORE3 -D__riscv__ -fdata-sections -ffunction-sections -include chips/pulp/config.h -I/home/dungpc/ndmoney4porche/projects/pulp/pulp-runtime/include/chips/pulp  -fno-jump-tables -fno-tree-loop-distribute-patterns -D__PLATFORM__=ARCHI_PLATFORM_RTL -DCONFIG_IO_UART=0 -DCONFIG_IO_UART_BAUDRATE=115200 -DCONFIG_IO_UART_ITF=0 -I/home/dungpc/ndmoney4porche/projects/pulp/pulp-runtime/lib/libc/minimal/include -I/home/dungpc/ndmoney4porche/projects/pulp/pulp-runtime/include -I/home/dungpc/ndmoney4porche/projects/pulp/pulp-runtime/kernel 
CC  /home/dungpc/ndmoney4porche/projects/pulp/pulp-runtime/kernel/kernel.c
mkdir -p `dirname /home/dungpc/ndmoney4porche/projects/pulp/sw/full_system/build/test/kernel/kernel.o`
/home/dungpc/ndmoney4porche/tools/v1.0.16-pulp-riscv-gcc-ubuntu-16/bin/riscv32-unknown-elf-gcc  -c /home/dungpc/ndmoney4porche/projects/pulp/pulp-runtime/kernel/kernel.c -o /home/dungpc/ndmoney4porche/projects/pulp/sw/full_system/build/test/kernel/kernel.o -MMD -MP -march=rv32imcxgap9 -O2 -g -DCLUSTER_STACK_SIZE=0x1000 -DDEMO_INJECT_FAULT_CORE3 -D__riscv__ -fdata-sections -ffunction-sections -include chips/pulp/config.h -I/home/dungpc/ndmoney4porche/projects/pulp/pulp-runtime/include/chips/pulp  -fno-jump-tables -fno-tree-loop-distribute-patterns -D__PLATFORM__=ARCHI_PLATFORM_RTL -DCONFIG_IO_UART=0 -DCONFIG_IO_UART_BAUDRATE=115200 -DCONFIG_IO_UART_ITF=0 -I/home/dungpc/ndmoney4porche/projects/pulp/pulp-runtime/lib/libc/minimal/include -I/home/dungpc/ndmoney4porche/projects/pulp/pulp-runtime/include -I/home/dungpc/ndmoney4porche/projects/pulp/pulp-runtime/kernel 
CC  /home/dungpc/ndmoney4porche/projects/pulp/pulp-runtime/kernel/alloc.c
mkdir -p `dirname /home/dungpc/ndmoney4porche/projects/pulp/sw/full_system/build/test/kernel/alloc.o`
/home/dungpc/ndmoney4porche/tools/v1.0.16-pulp-riscv-gcc-ubuntu-16/bin/riscv32-unknown-elf-gcc  -c /home/dungpc/ndmoney4porche/projects/pulp/pulp-runtime/kernel/alloc.c -o /home/dungpc/ndmoney4porche/projects/pulp/sw/full_system/build/test/kernel/alloc.o -MMD -MP -march=rv32imcxgap9 -O2 -g -DCLUSTER_STACK_SIZE=0x1000 -DDEMO_INJECT_FAULT_CORE3 -D__riscv__ -fdata-sections -ffunction-sections -include chips/pulp/config.h -I/home/dungpc/ndmoney4porche/projects/pulp/pulp-runtime/include/chips/pulp  -fno-jump-tables -fno-tree-loop-distribute-patterns -D__PLATFORM__=ARCHI_PLATFORM_RTL -DCONFIG_IO_UART=0 -DCONFIG_IO_UART_BAUDRATE=115200 -DCONFIG_IO_UART_ITF=0 -I/home/dungpc/ndmoney4porche/projects/pulp/pulp-runtime/lib/libc/minimal/include -I/home/dungpc/ndmoney4porche/projects/pulp/pulp-runtime/include -I/home/dungpc/ndmoney4porche/projects/pulp/pulp-runtime/kernel 
CC  /home/dungpc/ndmoney4porche/projects/pulp/pulp-runtime/kernel/alloc_pool.c
mkdir -p `dirname /home/dungpc/ndmoney4porche/projects/pulp/sw/full_system/build/test/kernel/alloc_pool.o`
/home/dungpc/ndmoney4porche/tools/v1.0.16-pulp-riscv-gcc-ubuntu-16/bin/riscv32-unknown-elf-gcc  -c /home/dungpc/ndmoney4porche/projects/pulp/pulp-runtime/kernel/alloc_pool.c -o /home/dungpc/ndmoney4porche/projects/pulp/sw/full_system/build/test/kernel/alloc_pool.o -MMD -MP -march=rv32imcxgap9 -O2 -g -DCLUSTER_STACK_SIZE=0x1000 -DDEMO_INJECT_FAULT_CORE3 -D__riscv__ -fdata-sections -ffunction-sections -include chips/pulp/config.h -I/home/dungpc/ndmoney4porche/projects/pulp/pulp-runtime/include/chips/pulp  -fno-jump-tables -fno-tree-loop-distribute-patterns -D__PLATFORM__=ARCHI_PLATFORM_RTL -DCONFIG_IO_UART=0 -DCONFIG_IO_UART_BAUDRATE=115200 -DCONFIG_IO_UART_ITF=0 -I/home/dungpc/ndmoney4porche/projects/pulp/pulp-runtime/lib/libc/minimal/include -I/home/dungpc/ndmoney4porche/projects/pulp/pulp-runtime/include -I/home/dungpc/ndmoney4porche/projects/pulp/pulp-runtime/kernel 
CC  /home/dungpc/ndmoney4porche/projects/pulp/pulp-runtime/kernel/irq.c
mkdir -p `dirname /home/dungpc/ndmoney4porche/projects/pulp/sw/full_system/build/test/kernel/irq.o`
/home/dungpc/ndmoney4porche/tools/v1.0.16-pulp-riscv-gcc-ubuntu-16/bin/riscv32-unknown-elf-gcc  -c /home/dungpc/ndmoney4porche/projects/pulp/pulp-runtime/kernel/irq.c -o /home/dungpc/ndmoney4porche/projects/pulp/sw/full_system/build/test/kernel/irq.o -MMD -MP -march=rv32imcxgap9 -O2 -g -DCLUSTER_STACK_SIZE=0x1000 -DDEMO_INJECT_FAULT_CORE3 -D__riscv__ -fdata-sections -ffunction-sections -include chips/pulp/config.h -I/home/dungpc/ndmoney4porche/projects/pulp/pulp-runtime/include/chips/pulp  -fno-jump-tables -fno-tree-loop-distribute-patterns -D__PLATFORM__=ARCHI_PLATFORM_RTL -DCONFIG_IO_UART=0 -DCONFIG_IO_UART_BAUDRATE=115200 -DCONFIG_IO_UART_ITF=0 -I/home/dungpc/ndmoney4porche/projects/pulp/pulp-runtime/lib/libc/minimal/include -I/home/dungpc/ndmoney4porche/projects/pulp/pulp-runtime/include -I/home/dungpc/ndmoney4porche/projects/pulp/pulp-runtime/kernel 
CC  /home/dungpc/ndmoney4porche/projects/pulp/pulp-runtime/kernel/soc_event.c
mkdir -p `dirname /home/dungpc/ndmoney4porche/projects/pulp/sw/full_system/build/test/kernel/soc_event.o`
/home/dungpc/ndmoney4porche/tools/v1.0.16-pulp-riscv-gcc-ubuntu-16/bin/riscv32-unknown-elf-gcc  -c /home/dungpc/ndmoney4porche/projects/pulp/pulp-runtime/kernel/soc_event.c -o /home/dungpc/ndmoney4porche/projects/pulp/sw/full_system/build/test/kernel/soc_event.o -MMD -MP -march=rv32imcxgap9 -O2 -g -DCLUSTER_STACK_SIZE=0x1000 -DDEMO_INJECT_FAULT_CORE3 -D__riscv__ -fdata-sections -ffunction-sections -include chips/pulp/config.h -I/home/dungpc/ndmoney4porche/projects/pulp/pulp-runtime/include/chips/pulp  -fno-jump-tables -fno-tree-loop-distribute-patterns -D__PLATFORM__=ARCHI_PLATFORM_RTL -DCONFIG_IO_UART=0 -DCONFIG_IO_UART_BAUDRATE=115200 -DCONFIG_IO_UART_ITF=0 -I/home/dungpc/ndmoney4porche/projects/pulp/pulp-runtime/lib/libc/minimal/include -I/home/dungpc/ndmoney4porche/projects/pulp/pulp-runtime/include -I/home/dungpc/ndmoney4porche/projects/pulp/pulp-runtime/kernel 
CC  /home/dungpc/ndmoney4porche/projects/pulp/pulp-runtime/kernel/bench.c
mkdir -p `dirname /home/dungpc/ndmoney4porche/projects/pulp/sw/full_system/build/test/kernel/bench.o`
/home/dungpc/ndmoney4porche/tools/v1.0.16-pulp-riscv-gcc-ubuntu-16/bin/riscv32-unknown-elf-gcc  -c /home/dungpc/ndmoney4porche/projects/pulp/pulp-runtime/kernel/bench.c -o /home/dungpc/ndmoney4porche/projects/pulp/sw/full_system/build/test/kernel/bench.o -MMD -MP -march=rv32imcxgap9 -O2 -g -DCLUSTER_STACK_SIZE=0x1000 -DDEMO_INJECT_FAULT_CORE3 -D__riscv__ -fdata-sections -ffunction-sections -include chips/pulp/config.h -I/home/dungpc/ndmoney4porche/projects/pulp/pulp-runtime/include/chips/pulp  -fno-jump-tables -fno-tree-loop-distribute-patterns -D__PLATFORM__=ARCHI_PLATFORM_RTL -DCONFIG_IO_UART=0 -DCONFIG_IO_UART_BAUDRATE=115200 -DCONFIG_IO_UART_ITF=0 -I/home/dungpc/ndmoney4porche/projects/pulp/pulp-runtime/lib/libc/minimal/include -I/home/dungpc/ndmoney4porche/projects/pulp/pulp-runtime/include -I/home/dungpc/ndmoney4porche/projects/pulp/pulp-runtime/kernel 
CC  /home/dungpc/ndmoney4porche/projects/pulp/pulp-runtime/drivers/uart.c
mkdir -p `dirname /home/dungpc/ndmoney4porche/projects/pulp/sw/full_system/build/test/drivers/uart.o`
/home/dungpc/ndmoney4porche/tools/v1.0.16-pulp-riscv-gcc-ubuntu-16/bin/riscv32-unknown-elf-gcc  -c /home/dungpc/ndmoney4porche/projects/pulp/pulp-runtime/drivers/uart.c -o /home/dungpc/ndmoney4porche/projects/pulp/sw/full_system/build/test/drivers/uart.o -MMD -MP -march=rv32imcxgap9 -O2 -g -DCLUSTER_STACK_SIZE=0x1000 -DDEMO_INJECT_FAULT_CORE3 -D__riscv__ -fdata-sections -ffunction-sections -include chips/pulp/config.h -I/home/dungpc/ndmoney4porche/projects/pulp/pulp-runtime/include/chips/pulp  -fno-jump-tables -fno-tree-loop-distribute-patterns -D__PLATFORM__=ARCHI_PLATFORM_RTL -DCONFIG_IO_UART=0 -DCONFIG_IO_UART_BAUDRATE=115200 -DCONFIG_IO_UART_ITF=0 -I/home/dungpc/ndmoney4porche/projects/pulp/pulp-runtime/lib/libc/minimal/include -I/home/dungpc/ndmoney4porche/projects/pulp/pulp-runtime/include -I/home/dungpc/ndmoney4porche/projects/pulp/pulp-runtime/kernel 
CC  /home/dungpc/ndmoney4porche/projects/pulp/pulp-runtime/kernel/cluster.c
mkdir -p `dirname /home/dungpc/ndmoney4porche/projects/pulp/sw/full_system/build/test/kernel/cluster.o`
/home/dungpc/ndmoney4porche/tools/v1.0.16-pulp-riscv-gcc-ubuntu-16/bin/riscv32-unknown-elf-gcc  -c /home/dungpc/ndmoney4porche/projects/pulp/pulp-runtime/kernel/cluster.c -o /home/dungpc/ndmoney4porche/projects/pulp/sw/full_system/build/test/kernel/cluster.o -MMD -MP -march=rv32imcxgap9 -O2 -g -DCLUSTER_STACK_SIZE=0x1000 -DDEMO_INJECT_FAULT_CORE3 -D__riscv__ -fdata-sections -ffunction-sections -include chips/pulp/config.h -I/home/dungpc/ndmoney4porche/projects/pulp/pulp-runtime/include/chips/pulp  -fno-jump-tables -fno-tree-loop-distribute-patterns -D__PLATFORM__=ARCHI_PLATFORM_RTL -DCONFIG_IO_UART=0 -DCONFIG_IO_UART_BAUDRATE=115200 -DCONFIG_IO_UART_ITF=0 -I/home/dungpc/ndmoney4porche/projects/pulp/pulp-runtime/lib/libc/minimal/include -I/home/dungpc/ndmoney4porche/projects/pulp/pulp-runtime/include -I/home/dungpc/ndmoney4porche/projects/pulp/pulp-runtime/kernel 
CC  /home/dungpc/ndmoney4porche/projects/pulp/pulp-runtime/kernel/crt0.S
mkdir -p `dirname /home/dungpc/ndmoney4porche/projects/pulp/sw/full_system/build/test/kernel/crt0.o`
/home/dungpc/ndmoney4porche/tools/v1.0.16-pulp-riscv-gcc-ubuntu-16/bin/riscv32-unknown-elf-gcc  -c /home/dungpc/ndmoney4porche/projects/pulp/pulp-runtime/kernel/crt0.S -o /home/dungpc/ndmoney4porche/projects/pulp/sw/full_system/build/test/kernel/crt0.o -MMD -MP -DLANGUAGE_ASSEMBLY -march=rv32imcxgap9 -O2 -g -DCLUSTER_STACK_SIZE=0x1000 -DDEMO_INJECT_FAULT_CORE3 -D__riscv__ -fdata-sections -ffunction-sections -include chips/pulp/config.h -I/home/dungpc/ndmoney4porche/projects/pulp/pulp-runtime/include/chips/pulp  -fno-jump-tables -fno-tree-loop-distribute-patterns -D__PLATFORM__=ARCHI_PLATFORM_RTL -DCONFIG_IO_UART=0 -DCONFIG_IO_UART_BAUDRATE=115200 -DCONFIG_IO_UART_ITF=0 -I/home/dungpc/ndmoney4porche/projects/pulp/pulp-runtime/lib/libc/minimal/include -I/home/dungpc/ndmoney4porche/projects/pulp/pulp-runtime/include -I/home/dungpc/ndmoney4porche/projects/pulp/pulp-runtime/kernel 
CC  /home/dungpc/ndmoney4porche/projects/pulp/pulp-runtime/kernel/irq_asm.S
mkdir -p `dirname /home/dungpc/ndmoney4porche/projects/pulp/sw/full_system/build/test/kernel/irq_asm.o`
/home/dungpc/ndmoney4porche/tools/v1.0.16-pulp-riscv-gcc-ubuntu-16/bin/riscv32-unknown-elf-gcc  -c /home/dungpc/ndmoney4porche/projects/pulp/pulp-runtime/kernel/irq_asm.S -o /home/dungpc/ndmoney4porche/projects/pulp/sw/full_system/build/test/kernel/irq_asm.o -MMD -MP -DLANGUAGE_ASSEMBLY -march=rv32imcxgap9 -O2 -g -DCLUSTER_STACK_SIZE=0x1000 -DDEMO_INJECT_FAULT_CORE3 -D__riscv__ -fdata-sections -ffunction-sections -include chips/pulp/config.h -I/home/dungpc/ndmoney4porche/projects/pulp/pulp-runtime/include/chips/pulp  -fno-jump-tables -fno-tree-loop-distribute-patterns -D__PLATFORM__=ARCHI_PLATFORM_RTL -DCONFIG_IO_UART=0 -DCONFIG_IO_UART_BAUDRATE=115200 -DCONFIG_IO_UART_ITF=0 -I/home/dungpc/ndmoney4porche/projects/pulp/pulp-runtime/lib/libc/minimal/include -I/home/dungpc/ndmoney4porche/projects/pulp/pulp-runtime/include -I/home/dungpc/ndmoney4porche/projects/pulp/pulp-runtime/kernel 
LD  /home/dungpc/ndmoney4porche/projects/pulp/sw/full_system/build/test/test
mkdir -p `dirname /home/dungpc/ndmoney4porche/projects/pulp/sw/full_system/build/test/test`
/home/dungpc/ndmoney4porche/tools/v1.0.16-pulp-riscv-gcc-ubuntu-16/bin/riscv32-unknown-elf-gcc -o /home/dungpc/ndmoney4porche/projects/pulp/sw/full_system/build/test/test /home/dungpc/ndmoney4porche/projects/pulp/sw/full_system/build/test/full_system.o /home/dungpc/ndmoney4porche/projects/pulp/sw/full_system/build/test/demo_data.o /home/dungpc/ndmoney4porche/projects/pulp/sw/full_system/build/test/kernel/fll-v1.o /home/dungpc/ndmoney4porche/projects/pulp/sw/full_system/build/test/kernel/freq-domains.o /home/dungpc/ndmoney4porche/projects/pulp/sw/full_system/build/test/kernel/chips/pulp/soc.o /home/dungpc/ndmoney4porche/projects/pulp/sw/full_system/build/test/lib/libc/minimal/io.o /home/dungpc/ndmoney4porche/projects/pulp/sw/full_system/build/test/lib/libc/minimal/fprintf.o /home/dungpc/ndmoney4porche/projects/pulp/sw/full_system/build/test/lib/libc/minimal/prf.o /home/dungpc/ndmoney4porche/projects/pulp/sw/full_system/build/test/lib/libc/minimal/sprintf.o /home/dungpc/ndmoney4porche/projects/pulp/sw/full_system/build/test/kernel/init.o /home/dungpc/ndmoney4porche/projects/pulp/sw/full_system/build/test/kernel/kernel.o /home/dungpc/ndmoney4porche/projects/pulp/sw/full_system/build/test/kernel/alloc.o /home/dungpc/ndmoney4porche/projects/pulp/sw/full_system/build/test/kernel/alloc_pool.o /home/dungpc/ndmoney4porche/projects/pulp/sw/full_system/build/test/kernel/irq.o /home/dungpc/ndmoney4porche/projects/pulp/sw/full_system/build/test/kernel/soc_event.o /home/dungpc/ndmoney4porche/projects/pulp/sw/full_system/build/test/kernel/bench.o /home/dungpc/ndmoney4porche/projects/pulp/sw/full_system/build/test/drivers/uart.o /home/dungpc/ndmoney4porche/projects/pulp/sw/full_system/build/test/kernel/cluster.o /home/dungpc/ndmoney4porche/projects/pulp/sw/full_system/build/test/kernel/crt0.o /home/dungpc/ndmoney4porche/projects/pulp/sw/full_system/build/test/kernel/irq_asm.o -MMD -MP -march=rv32imcxgap9 -nostartfiles -nostdlib -Wl,--gc-sections -L/home/dungpc/ndmoney4porche/projects/pulp/pulp-runtime/kernel -Tchips/pulp/link.ld -lgcc 
ln -s /home/dungpc/ndmoney4porche/projects/pulp/sim/modelsim.ini /home/dungpc/ndmoney4porche/projects/pulp/sw/full_system/build/modelsim.ini
ln -s /home/dungpc/ndmoney4porche/projects/pulp/sim/work /home/dungpc/ndmoney4porche/projects/pulp/sw/full_system/build/work
ln -s /home/dungpc/ndmoney4porche/projects/pulp/sim/boot /home/dungpc/ndmoney4porche/projects/pulp/sw/full_system/build/boot
ln -s /home/dungpc/ndmoney4porche/projects/pulp/sim/tcl_files /home/dungpc/ndmoney4porche/projects/pulp/sw/full_system/build/tcl_files
mkdir -p /home/dungpc/ndmoney4porche/projects/pulp/sw/full_system/build/stdout
mkdir -p /home/dungpc/ndmoney4porche/projects/pulp/sw/full_system/build/fs
ln -s /home/dungpc/ndmoney4porche/projects/pulp/sim/waves /home/dungpc/ndmoney4porche/projects/pulp/sw/full_system/build/waves
/home/dungpc/ndmoney4porche/projects/pulp/pulp-runtime/bin/stim_utils.py --binary=/home/dungpc/ndmoney4porche/projects/pulp/sw/full_system/build/test/test --vectors=/home/dungpc/ndmoney4porche/projects/pulp/sw/full_system/build/vectors/stim.txt
Created stimuli generator
  Added binary: /home/dungpc/ndmoney4porche/projects/pulp/sw/full_system/build/test/test
  Handling section (base: 0x10000020, size: 0x844)
  Handling section (base: 0x1c000004, size: 0x514)
  Init section to 0 (base: 0x1c000518, size: 0x844)
  Handling section (base: 0x1c008000, size: 0x1eb8)
  Handling section (base: 0x1c010000, size: 0x800)
  Generating to file: /home/dungpc/ndmoney4porche/projects/pulp/sw/full_system/build/vectors/stim.txt
/home/dungpc/ndmoney4porche/projects/pulp/pulp-runtime/bin/plp_mkflash  --flash-boot-binary=/home/dungpc/ndmoney4porche/projects/pulp/sw/full_system/build/test/test  --stimuli=/home/dungpc/ndmoney4porche/projects/pulp/sw/full_system/build/vectors/qspi_stim.slm --flash-type=spi --qpi
/home/dungpc/ndmoney4porche/projects/pulp/pulp-runtime/bin/slm_hyper.py  --input=/home/dungpc/ndmoney4porche/projects/pulp/sw/full_system/build/vectors/qspi_stim.slm  --output=/home/dungpc/ndmoney4porche/projects/pulp/sw/full_system/build/vectors/hyper_stim.slm
cd /home/dungpc/ndmoney4porche/projects/pulp/sw/full_system/build && export VSIM_RUNNER_FLAGS='+ENTRY_POINT=0x1c008080 -permit_unmatched_virtual_intf -gBAUDRATE=115200 -gUSE_HWPE_CL=1 -gLOAD_L2=JTAG' && vsim -64 -c -do 'source /home/dungpc/ndmoney4porche/projects/pulp/sim/tcl_files/config/run_and_exit.tcl' -do 'source /home/dungpc/ndmoney4porche/projects/pulp/sim/tcl_files/run.tcl; run_and_exit;'
Reading pref.tcl

# 10.7c

# source /home/dungpc/ndmoney4porche/projects/pulp/sim/tcl_files/config/run_and_exit.tcl
# source /home/dungpc/ndmoney4porche/projects/pulp/sim/tcl_files/run.tcl
# vsim -c -quiet vopt_tb -L models_lib -L vip_lib -t ps "+nowarnTRAN" "+nowarnTSCALE" "+nowarnTFMPC" "+TB_PATH=/home/dungpc/ndmoney4porche/projects/pulp/sim/../../fe/tb/" "+UVM_NO_RELNOTES" "+ENTRY_POINT=0x1c008080" -permit_unmatched_virtual_intf "+VSIM_PATH=/home/dungpc/ndmoney4porche/projects/pulp/sim" -gUSE_SDVT_SPI=0 -gUSE_SDVT_CPI=0 -gBAUDRATE=115200 -gENABLE_DEV_DPI=0 -gLOAD_L2=JTAG -gUSE_SDVT_I2S=0 -gUSE_HWPE_CL=1 
# Start time: 16:27:54 on Sep 06,2026
# //  Questa Sim-64
# //  Version 10.7c linux_x86_64 Aug 17 2018
# //
# //  Copyright 1991-2018 Mentor Graphics Corporation
# //  All Rights Reserved.
# //
# //  QuestaSim and its associated documentation contain trade
# //  secrets and commercial or financial information that are the property of
# //  Mentor Graphics Corporation and are privileged, confidential,
# //  and exempt from disclosure under the Freedom of Information Act,
# //  5 U.S.C. Section 552. Furthermore, this information
# //  is prohibited from disclosure under the Trade Secrets Act,
# //  18 U.S.C. Section 1905.
# //
# ** Error: (vsim-191) Questa has encountered an unexpected internal error: ../../src/vsim/vsimfunc.c(1989). 
# Please contact Questa support at http://supportnet.mentor.com
# ** Error: (vsim-191) Questa has encountered an unexpected internal error: ../../src/vsim/vsimfunc.c(1989). 
# Please contact Questa support at http://supportnet.mentor.com
# ** Error: (vsim-191) Questa has encountered an unexpected internal error: ../../src/vsim/vsimfunc.c(1989). 
# Please contact Questa support at http://supportnet.mentor.com
# ** Error: (vsim-191) Questa has encountered an unexpected internal error: ../../src/vsim/vsimfunc.c(1989). 
# Please contact Questa support at http://supportnet.mentor.com
# ** Warning: (vsim-3770) Failed to find user specified function 'jtag_tick' in DPI C/C++ source files.
#    Time: 0 ps  Iteration: 0  Region: /SimJTAG_sv_unit File: /home/dungpc/ndmoney4porche/projects/pulp/rtl/tb/SimJTAG.sv
# ** Warning: (vsim-8683) Uninitialized out port /tb_pulp/i_dut/soc_domain_i/pulp_soc_i/i_clk_rst_gen/i_fll_soc/i_FLL_digital/TQ has no driver.
# This port will contribute value (U) to the signal network.
# ** Warning: (vsim-8683) Uninitialized out port /tb_pulp/i_dut/soc_domain_i/pulp_soc_i/i_clk_rst_gen/i_fll_soc/i_FLL_digital/JTQ has no driver.
# This port will contribute value (U) to the signal network.
# ** Warning: (vsim-8683) Uninitialized out port /tb_pulp/i_dut/soc_domain_i/pulp_soc_i/i_clk_rst_gen/i_fll_per/i_FLL_digital/TQ has no driver.
# This port will contribute value (U) to the signal network.
# ** Warning: (vsim-8683) Uninitialized out port /tb_pulp/i_dut/soc_domain_i/pulp_soc_i/i_clk_rst_gen/i_fll_per/i_FLL_digital/JTQ has no driver.
# This port will contribute value (U) to the signal network.
# ** Warning: (vsim-8683) Uninitialized out port /tb_pulp/i_dut/soc_domain_i/pulp_soc_i/i_clk_rst_gen/i_fll_cluster/i_FLL_digital/TQ has no driver.
# This port will contribute value (U) to the signal network.
# ** Warning: (vsim-8683) Uninitialized out port /tb_pulp/i_dut/soc_domain_i/pulp_soc_i/i_clk_rst_gen/i_fll_cluster/i_FLL_digital/JTQ has no driver.
# This port will contribute value (U) to the signal network.
# ** Warning: (vsim-3040) Command line generic/parameter "USE_SDVT_I2S" not found in design.
# ** Warning: (vsim-3040) Command line generic/parameter "USE_SDVT_SPI" not found in design.
#  run_and_exit
# [CORE] Core settings: PULP_SECURE =           1, N_PMP_ENTRIES =          16, N_PMP_CFG           4
# ** Warning: (vsim-8315) No condition is true in the unique/priority if/case statement.
#    Time: 0 ps  Iteration: 0  Process: /tb_pulp/i_dut/soc_domain_i/pulp_soc_i/fc_subsystem_i/FC_CORE/lFC_CORE/RISCY_PMP/pmp_unit_i/<anonymous> File: /home/dungpc/ndmoney4porche/projects/pulp/.bender/git/checkouts/cv32e40p-0a3884e05ea5a482/rtl/riscv_pmp.sv Line: 677
# [CORE] Core settings: PULP_SECURE =           0, N_PMP_ENTRIES =          16, N_PMP_CFG           4
# [CORE] Core settings: PULP_SECURE =           0, N_PMP_ENTRIES =          16, N_PMP_CFG           4
# [CORE] Core settings: PULP_SECURE =           0, N_PMP_ENTRIES =          16, N_PMP_CFG           4
# [CORE] Core settings: PULP_SECURE =           0, N_PMP_ENTRIES =          16, N_PMP_CFG           4
# [CORE] Core settings: PULP_SECURE =           0, N_PMP_ENTRIES =          16, N_PMP_CFG           4
# [CORE] Core settings: PULP_SECURE =           0, N_PMP_ENTRIES =          16, N_PMP_CFG           4
# [CORE] Core settings: PULP_SECURE =           0, N_PMP_ENTRIES =          16, N_PMP_CFG           4
# [CORE] Core settings: PULP_SECURE =           0, N_PMP_ENTRIES =          16, N_PMP_CFG           4
# [TB]       0ns - Entry point is set to 0x1c008080
# [TB]       0ns - Asserting hard reset
# ** Warning: (vsim-8315) No condition is true in the unique/priority if/case statement.
#    Time: 0 ps  Iteration: 1  Process: /tb_pulp/i_dut/soc_domain_i/pulp_soc_i/fc_subsystem_i/FC_CORE/lFC_CORE/RISCY_PMP/pmp_unit_i/<anonymous> File: /home/dungpc/ndmoney4porche/projects/pulp/.bender/git/checkouts/cv32e40p-0a3884e05ea5a482/rtl/riscv_pmp.sv Line: 677
# ** Warning: (vsim-8315) No condition is true in the unique/priority if/case statement.
#    Time: 0 ps  Iteration: 2  Process: /tb_pulp/i_dut/soc_domain_i/pulp_soc_i/fc_subsystem_i/FC_CORE/lFC_CORE/RISCY_PMP/pmp_unit_i/<anonymous> File: /home/dungpc/ndmoney4porche/projects/pulp/.bender/git/checkouts/cv32e40p-0a3884e05ea5a482/rtl/riscv_pmp.sv Line: 677
# [TB]       1ns - Using FLL
# [TB]       1ns - Not using CAM SDVT
# Loading default stimuli
# [JTAG] SoftReset Done(    701ns)
# [JTAG] Bypass Test Passed (  33301ns)
# [JTAG] Tap ID: 249511c3 (  43701ns)
# [JTAG] Tap ID Test PASSED (  43701ns)
# [test_mode_if]   50301ns - Init
# [TB]   50301ns - Enabling clock out via jtag
# [test_mode_if]   51801ns - Setting confreg to value 002.
# [TB]   51801ns - jtag_conf_reg set to 002
# [TB]   51801ns - Releasing hard reset
# [TB]   53401ns - Init PULP TAP
# [pulp_tap_if] WRITE32 burst @1c008080 for           4 bytes.
# [TB]   67501ns - Write32 PULP TAP
# [JTAG] R/W test of L2 succeeded
# [TB]  177701ns - Halting the Core
# [TB]  236501ns - Writing the boot address into dpc
# [TB]  280601ns - Loading L2
# [JTAG] Loading L2 with pulp tap jtag interface
# [pulp_tap_if] WRITE32 burst @10000020 for        1024 bytes.
# [pulp_tap_if] WRITE32 burst @10000420 for        1024 bytes.
# [pulp_tap_if] WRITE32 burst @10000820 for          72 bytes.
# [pulp_tap_if] WRITE32 burst @1c000000 for        1024 bytes.
# [pulp_tap_if] WRITE32 burst @1c000400 for        1024 bytes.
# [pulp_tap_if] WRITE32 burst @1c000800 for        1024 bytes.
# [pulp_tap_if] WRITE32 burst @1c000c00 for         352 bytes.
# [pulp_tap_if] WRITE32 burst @1c008000 for        1024 bytes.
# [pulp_tap_if] WRITE32 burst @1c008400 for        1024 bytes.
# [pulp_tap_if] WRITE32 burst @1c008800 for        1024 bytes.
# [pulp_tap_if] WRITE32 burst @1c008c00 for        1024 bytes.
# [pulp_tap_if] WRITE32 burst @1c009000 for        1024 bytes.
# [pulp_tap_if] WRITE32 burst @1c009400 for        1024 bytes.
# [pulp_tap_if] WRITE32 burst @1c009800 for        1024 bytes.
# [pulp_tap_if] WRITE32 burst @1c009c00 for         696 bytes.
# [pulp_tap_if] WRITE32 burst @1c010000 for        1024 bytes.
# [pulp_tap_if] WRITE32 burst @1c010400 for        1024 bytes.
# [TB] 12833901ns - Resuming the CORE
# [TB] 12878001ns retrying debug reg access
# [TB] 12907301ns retrying debug reg access
# [TB] 12936601ns retrying debug reg access
# [TB] 12965901ns retrying debug reg access
# [TB] 12995201ns retrying debug reg access
# [TB] 13024501ns retrying debug reg access
# [TB] 13053801ns retrying debug reg access
# [TB] 13083101ns retrying debug reg access
# [TB] 13112401ns retrying debug reg access
# [TB] 13141701ns retrying debug reg access
# [TB] 13171001ns retrying debug reg access
# [TB] 13200301ns retrying debug reg access
# [TB] 13229601ns retrying debug reg access
# [TB] 13258901ns retrying debug reg access
# [TB] 13288201ns retrying debug reg access
# [TB] 13317501ns retrying debug reg access
# [TB] 13346801ns retrying debug reg access
# [TB] 13376101ns retrying debug reg access
# [TB] 13405401ns retrying debug reg access
# [TB] 13434701ns retrying debug reg access
# [TB] 13464001ns retrying debug reg access
# [TB] 13493301ns retrying debug reg access
# [TB] 13522601ns retrying debug reg access
# [TB] 13551901ns retrying debug reg access
# [TB] 13581201ns retrying debug reg access
# [TB] 14154601ns - Waiting for end of computation
# [STDOUT-CL31_PE0] 
# [STDOUT-CL31_PE0] === PULP full-system demo ===
# [STDOUT-CL31_PE0] [PHASE 0] FC, L2, duong stdout           ... 
# [STDOUT-CL31_PE0]           cluster_id=31 core_id=0 nb_pe=8
# [STDOUT-CL31_PE0] [PHASE 0] FC, L2, duong stdout           ... OK
# [STDOUT-CL31_PE0] [PHASE 1] FC core, L2, SoC interco       ... OK
# [STDOUT-CL31_PE0] [PHASE 2] APB timer, FC clock            ... OK
# [STDOUT-CL31_PE0] [PHASE 3] PMU, cluster clk/rst, AXI      ... 
# [STDOUT-CL0_PE1]           core 1 dang chay
# [STDOUT-CL0_PE0]           core 0 dang chay
# [STDOUT-CL0_PE2]           core 2 dang chay
# [STDOUT-CL0_PE3]           core 3 dang chay
# [STDOUT-CL0_PE4]           core 4 dang chay
# [STDOUT-CL0_PE5]           core 5 dang chay
# [STDOUT-CL0_PE6]           core 6 dang chay
# [STDOUT-CL0_PE7]           core 7 dang chay
# [STDOUT-CL0_PE0] [PHASE 4] 8 core, event unit, barrier    ... OK
# [STDOUT-CL0_PE2] 
# [STDOUT-CL0_PE2] [PHASE 5] core 2 thay word 3 cua core 3 = 0xfffcfffc, mong doi 0x00030003
# [STDOUT-CL0_PE0] [PHASE 5] TCDM va interconnect           ... FAIL  1 core bao sai lech, xem cac dong PHASE 5 phia tren
# [STDOUT-CL0_PE0] [PHASE 6] MCHAN DMA, AXI hai chieu       ... OK
# [STDOUT-CL0_PE0] [PHASE 7] HWPE datamover                 ... OK
# [STDOUT-CL31_PE0] [PHASE 3] PMU, cluster clk/rst, AXI      ... FAIL  cluster bao 1 loi o phase 4-7
# [STDOUT-CL31_PE0] [PHASE 8] GPIO, safe domain padmux       ... OK
# [STDOUT-CL31_PE0] 
# [STDOUT-CL31_PE0] ==== FULL-SYSTEM SUMMARY: FAIL (1 phase loi)
# [TB] 18565401ns - Received status core: 0x00000001
# ** Note: $stop    : /home/dungpc/ndmoney4porche/projects/pulp/rtl/tb/tb_pulp.sv(1008)
#    Time: 18565401 ns  Iteration: 0  Instance: /tb_pulp
# Break at /home/dungpc/ndmoney4porche/projects/pulp/rtl/tb/tb_pulp.sv line 1008
# Stopped at /home/dungpc/ndmoney4porche/projects/pulp/rtl/tb/tb_pulp.sv line 1008
# End time: 16:29:40 on Sep 06,2026, Elapsed time: 0:01:46
# Errors: 4, Warnings: 12
make: *** [/home/dungpc/ndmoney4porche/projects/pulp/pulp-runtime/rules/pulpos/default_rules.mk:325: run] Error 1
