RM  /home/dungpc/pulp-sdk/tests/fs/read/BUILD/PULP/GCC_RISCV/read_cl
CC  test.c
CC  /home/dungpc/pulp-sdk/rtos/pulpos/common/kernel/fll-v1.c
CC  /home/dungpc/pulp-sdk/rtos/pulpos/common/kernel/freq-domains.c
CC  /home/dungpc/pulp-sdk/rtos/pulpos/pulp/kernel/chips/pulp/soc.c
CC  /home/dungpc/pulp-sdk/rtos/pmsis/pmsis_bsp/fs/read_fs/read_fs.c
CC  /home/dungpc/pulp-sdk/rtos/pmsis/pmsis_bsp/fs/host_fs/semihost.c
CC  /home/dungpc/pulp-sdk/rtos/pmsis/pmsis_bsp/fs/host_fs/host_fs.c
CC  /home/dungpc/pulp-sdk/rtos/pmsis/pmsis_bsp/fs/fs.c
CC  /home/dungpc/pulp-sdk/rtos/pmsis/pmsis_bsp/flash/hyperflash/hyperflash.c
CC  /home/dungpc/pulp-sdk/rtos/pmsis/pmsis_bsp/flash/flash.c
CC  /home/dungpc/pulp-sdk/rtos/pmsis/pmsis_bsp/partition/partition.c
CC  /home/dungpc/pulp-sdk/rtos/pmsis/pmsis_bsp/partition/flash_partition.c
CC  /home/dungpc/pulp-sdk/rtos/pmsis/pmsis_bsp/crc/md5.c
CC  /home/dungpc/pulp-sdk/rtos/pmsis/pmsis_bsp/bsp/pulp.c
CC  /home/dungpc/pulp-sdk/rtos/pulpos/common/lib/libc/minimal/io.c
CC  /home/dungpc/pulp-sdk/rtos/pulpos/common/lib/libc/minimal/fprintf.c
CC  /home/dungpc/pulp-sdk/rtos/pulpos/common/lib/libc/minimal/prf.c
CC  /home/dungpc/pulp-sdk/rtos/pulpos/common/lib/libc/minimal/sprintf.c
CC  /home/dungpc/pulp-sdk/rtos/pulpos/common/lib/libc/minimal/semihost.c
CC  /home/dungpc/pulp-sdk/rtos/pulpos/common/kernel/init.c
CC  /home/dungpc/pulp-sdk/rtos/pulpos/common/kernel/kernel.c
CC  /home/dungpc/pulp-sdk/rtos/pulpos/common/kernel/device.c
CC  /home/dungpc/pulp-sdk/rtos/pulpos/common/kernel/task.c
CC  /home/dungpc/pulp-sdk/rtos/pulpos/common/kernel/alloc.c
CC  /home/dungpc/pulp-sdk/rtos/pulpos/common/kernel/alloc_pool.c
CC  /home/dungpc/pulp-sdk/rtos/pulpos/common/kernel/irq.c
CC  /home/dungpc/pulp-sdk/rtos/pulpos/common/kernel/soc_event.c
CC  /home/dungpc/pulp-sdk/rtos/pulpos/common/kernel/log.c
CC  /home/dungpc/pulp-sdk/rtos/pulpos/common/kernel/time.c
CC  /home/dungpc/pulp-sdk/rtos/pulpos/pulp/drivers/hyperbus/hyperbus-v3.c
CC  /home/dungpc/pulp-sdk/rtos/pulpos/pulp/drivers/uart/uart-v1.c
CC  /home/dungpc/pulp-sdk/rtos/pulpos/pulp/drivers/udma/udma-v3.c
CC  /home/dungpc/pulp-sdk/rtos/pulpos/pulp/drivers/cluster/cluster.c
CC  /home/dungpc/pulp-sdk/rtos/pulpos/common/kernel/crt0.S
CC  /home/dungpc/pulp-sdk/rtos/pulpos/common/kernel/irq_asm.S
CC  /home/dungpc/pulp-sdk/rtos/pulpos/common/kernel/task_asm.S
CC  /home/dungpc/pulp-sdk/rtos/pulpos/common/kernel/time_asm.S
CC  /home/dungpc/pulp-sdk/rtos/pulpos/common/kernel/soc_event_v2_itc.S
CC  /home/dungpc/pulp-sdk/rtos/pulpos/pulp/drivers/cluster/pe-eu-v3.S
LD  /home/dungpc/pulp-sdk/tests/fs/read/BUILD/PULP/GCC_RISCV/read_cl/test/test
gvrun --target=pulp-open --work-dir=/home/dungpc/pulp-sdk/tests/fs/read/BUILD/PULP/GCC_RISCV/read_cl --param chip/soc/binary=/home/dungpc/pulp-sdk/tests/fs/read/BUILD/PULP/GCC_RISCV/read_cl/test/test  --config-opt=hyperflash/content/partitions/readfs/files=/home/dungpc/pulp-sdk/tests/fs/read/files/flash_file_0.bin  --config-opt=hyperflash/content/partitions/readfs/files=/home/dungpc/pulp-sdk/tests/fs/read/files/flash_file_1.bin    --flash-property=/home/dungpc/pulp-sdk/tests/fs/read/files/flash_file_0.bin@hyperflash:readfs:files  --flash-property=/home/dungpc/pulp-sdk/tests/fs/read/files/flash_file_1.bin@hyperflash:readfs:files  image
gvrun --target=pulp-open --work-dir=/home/dungpc/pulp-sdk/tests/fs/read/BUILD/PULP/GCC_RISCV/read_cl --param chip/soc/binary=/home/dungpc/pulp-sdk/tests/fs/read/BUILD/PULP/GCC_RISCV/read_cl/test/test  --config-opt=hyperflash/content/partitions/readfs/files=/home/dungpc/pulp-sdk/tests/fs/read/files/flash_file_0.bin  --config-opt=hyperflash/content/partitions/readfs/files=/home/dungpc/pulp-sdk/tests/fs/read/files/flash_file_1.bin    --flash-property=/home/dungpc/pulp-sdk/tests/fs/read/files/flash_file_0.bin@hyperflash:readfs:files  --flash-property=/home/dungpc/pulp-sdk/tests/fs/read/files/flash_file_1.bin@hyperflash:readfs:files  flash
gvrun --target=pulp-open --work-dir=/home/dungpc/pulp-sdk/tests/fs/read/BUILD/PULP/GCC_RISCV/read_cl --param chip/soc/binary=/home/dungpc/pulp-sdk/tests/fs/read/BUILD/PULP/GCC_RISCV/read_cl/test/test  --config-opt=hyperflash/content/partitions/readfs/files=/home/dungpc/pulp-sdk/tests/fs/read/files/flash_file_0.bin  --config-opt=hyperflash/content/partitions/readfs/files=/home/dungpc/pulp-sdk/tests/fs/read/files/flash_file_1.bin    --flash-property=/home/dungpc/pulp-sdk/tests/fs/read/files/flash_file_0.bin@hyperflash:readfs:files  --flash-property=/home/dungpc/pulp-sdk/tests/fs/read/files/flash_file_1.bin@hyperflash:readfs:files  image flash run
Starting test (type: read_fs)
Exec test on cluster
Test success
