make: Entering directory '/home/dungpc/ndmoney4porche/projects/pulp/sw/gvsoc/ubench'
RM  /home/dungpc/ndmoney4porche/projects/pulp/sw/gvsoc/ubench/BUILD/PULP/GCC_RISCV/
CC  test.c
test.c: In function 'single_core_tests':
test.c:169:5: warning: implicit declaration of function 'snprintf' [-Wimplicit-function-declaration]
     snprintf(name, sizeof(name), "%s_alu", who);
     ^~~~~~~~
test.c:169:5: warning: incompatible implicit declaration of built-in function 'snprintf'
test.c:169:5: note: include '<stdio.h>' or provide a declaration of 'snprintf'
CC  /home/dungpc/pulp-sdk/rtos/pulpos/common/kernel/fll-v1.c
CC  /home/dungpc/pulp-sdk/rtos/pulpos/common/kernel/freq-domains.c
CC  /home/dungpc/pulp-sdk/rtos/pulpos/pulp/kernel/chips/pulp/soc.c
CC  /home/dungpc/pulp-sdk/rtos/pmsis/pmsis_bsp/fs/read_fs/read_fs.c
CC  /home/dungpc/pulp-sdk/rtos/pmsis/pmsis_bsp/fs/host_fs/semihost.c
CC  /home/dungpc/pulp-sdk/rtos/pmsis/pmsis_bsp/fs/host_fs/host_fs.c
CC  /home/dungpc/pulp-sdk/rtos/pmsis/pmsis_bsp/fs/fs.c
CC  /home/dungpc/pulp-sdk/rtos/pmsis/pmsis_bsp/bsp/pulp.c
CC  /home/dungpc/pulp-sdk/rtos/pulpos/common/lib/libc/minimal/io.c
CC  /home/dungpc/pulp-sdk/rtos/pulpos/common/lib/libc/minimal/fprintf.c
CC  /home/dungpc/pulp-sdk/rtos/pulpos/common/lib/libc/minimal/prf.c
CC  /home/dungpc/pulp-sdk/rtos/pulpos/common/lib/libc/minimal/sprintf.c
CC  /home/dungpc/pulp-sdk/rtos/pulpos/common/lib/libc/minimal/semihost.c
CC  /home/dungpc/pulp-sdk/rtos/pulpos/common/kernel/init.c
CC  /home/dungpc/pulp-sdk/rtos/pulpos/common/kernel/kernel.c
CC  /home/dungpc/pulp-sdk/rtos/pulpos/common/kernel/device.c
CC  /home/dungpc/pulp-sdk/rtos/pulpos/common/kernel/task.c
CC  /home/dungpc/pulp-sdk/rtos/pulpos/common/kernel/alloc.c
CC  /home/dungpc/pulp-sdk/rtos/pulpos/common/kernel/alloc_pool.c
CC  /home/dungpc/pulp-sdk/rtos/pulpos/common/kernel/irq.c
CC  /home/dungpc/pulp-sdk/rtos/pulpos/common/kernel/soc_event.c
CC  /home/dungpc/pulp-sdk/rtos/pulpos/common/kernel/log.c
CC  /home/dungpc/pulp-sdk/rtos/pulpos/common/kernel/time.c
CC  /home/dungpc/pulp-sdk/rtos/pulpos/pulp/drivers/uart/uart-v1.c
CC  /home/dungpc/pulp-sdk/rtos/pulpos/pulp/drivers/udma/udma-v3.c
CC  /home/dungpc/pulp-sdk/rtos/pulpos/pulp/drivers/cluster/cluster.c
CC  /home/dungpc/pulp-sdk/rtos/pulpos/common/kernel/crt0.S
CC  /home/dungpc/pulp-sdk/rtos/pulpos/common/kernel/irq_asm.S
CC  /home/dungpc/pulp-sdk/rtos/pulpos/common/kernel/task_asm.S
CC  /home/dungpc/pulp-sdk/rtos/pulpos/common/kernel/time_asm.S
CC  /home/dungpc/pulp-sdk/rtos/pulpos/common/kernel/soc_event_v2_itc.S
CC  /home/dungpc/pulp-sdk/rtos/pulpos/pulp/drivers/cluster/pe-eu-v3.S
LD  /home/dungpc/ndmoney4porche/projects/pulp/sw/gvsoc/ubench/BUILD/PULP/GCC_RISCV//test/test
gvrun --target=pulp-open --work-dir=/home/dungpc/ndmoney4porche/projects/pulp/sw/gvsoc/ubench/BUILD/PULP/GCC_RISCV/ --param chip/soc/binary=/home/dungpc/ndmoney4porche/projects/pulp/sw/gvsoc/ubench/BUILD/PULP/GCC_RISCV//test/test      image
gvrun --target=pulp-open --work-dir=/home/dungpc/ndmoney4porche/projects/pulp/sw/gvsoc/ubench/BUILD/PULP/GCC_RISCV/ --param chip/soc/binary=/home/dungpc/ndmoney4porche/projects/pulp/sw/gvsoc/ubench/BUILD/PULP/GCC_RISCV//test/test      flash
gvrun --target=pulp-open --work-dir=/home/dungpc/ndmoney4porche/projects/pulp/sw/gvsoc/ubench/BUILD/PULP/GCC_RISCV/ --param chip/soc/binary=/home/dungpc/ndmoney4porche/projects/pulp/sw/gvsoc/ubench/BUILD/PULP/GCC_RISCV//test/test      image flash run
INFO,start
CSV,fc_alu,1000,0,cycles=22052,active=22046,instr=10010,ld_stall=0,jr_stall=0,imiss=10025,ld=0,st=1,jump=3,branch=1001,btaken=1000,rvc=10004,ld_ext=0,st_ext=0,ld_ext_cyc=0,st_ext_cyc=0,tcdm_cont=0
CSV,fc_ld_dep,1000,0,cycles=7044,active=7043,instr=4010,ld_stall=1000,jr_stall=0,imiss=25,ld=1000,st=1,jump=2,branch=1001,btaken=999,rvc=3004,ld_ext=0,st_ext=0,ld_ext_cyc=0,st_ext_cyc=0,tcdm_cont=0
CSV,fc_ld_indep,1000,0,cycles=6058,active=6057,instr=4011,ld_stall=0,jr_stall=0,imiss=40,ld=1000,st=1,jump=3,branch=1001,btaken=1000,rvc=3006,ld_ext=0,st_ext=0,ld_ext_cyc=0,st_ext_cyc=0,tcdm_cont=0
CSV,fc_chase_l2,256,0,cycles=1338,active=1332,instr=779,ld_stall=0,jr_stall=0,imiss=30,ld=256,st=1,jump=3,branch=257,btaken=256,rvc=773,ld_ext=0,st_ext=0,ld_ext_cyc=0,st_ext_cyc=0,tcdm_cont=0
INFO,cluster,nb_pe=8
CSV,cl_alu,1000,0,cycles=12067,active=12084,instr=10010,ld_stall=0,jr_stall=0,imiss=72,ld=0,st=1,jump=2,branch=1001,btaken=999,rvc=10004,ld_ext=0,st_ext=0,ld_ext_cyc=0,st_ext_cyc=0,tcdm_cont=0
CSV,cl_ld_dep,1000,0,cycles=7070,active=7069,instr=4011,ld_stall=1000,jr_stall=0,imiss=56,ld=1000,st=1,jump=2,branch=1001,btaken=999,rvc=3005,ld_ext=0,st_ext=0,ld_ext_cyc=0,st_ext_cyc=0,tcdm_cont=0
CSV,cl_ld_indep,1000,0,cycles=6086,active=6085,instr=4011,ld_stall=0,jr_stall=0,imiss=72,ld=1000,st=1,jump=2,branch=1001,btaken=999,rvc=3005,ld_ext=0,st_ext=0,ld_ext_cyc=0,st_ext_cyc=0,tcdm_cont=0
CSV,cl_chase_l2,256,0,cycles=4934,active=4933,instr=779,ld_stall=0,jr_stall=0,imiss=56,ld=256,st=1,jump=2,branch=257,btaken=255,rvc=772,ld_ext=0,st_ext=0,ld_ext_cyc=0,st_ext_cyc=0,tcdm_cont=0
CSV,cl_chase_l1,256,0,cycles=1350,active=1349,instr=779,ld_stall=0,jr_stall=0,imiss=56,ld=256,st=1,jump=2,branch=257,btaken=255,rvc=773,ld_ext=0,st_ext=0,ld_ext_cyc=0,st_ext_cyc=0,tcdm_cont=0
CSV,tcdm_diff_bank,128,0,cycles=0,active=794,instr=516,ld_stall=0,jr_stall=0,imiss=22,ld=128,st=0,jump=2,branch=128,btaken=127,rvc=259,ld_ext=0,st_ext=0,ld_ext_cyc=0,st_ext_cyc=0,tcdm_cont=0
CSV,tcdm_diff_bank,128,1,cycles=0,active=794,instr=516,ld_stall=0,jr_stall=0,imiss=22,ld=128,st=0,jump=2,branch=128,btaken=127,rvc=259,ld_ext=0,st_ext=0,ld_ext_cyc=0,st_ext_cyc=0,tcdm_cont=0
CSV,tcdm_diff_bank,128,2,cycles=0,active=794,instr=516,ld_stall=0,jr_stall=0,imiss=22,ld=128,st=0,jump=2,branch=128,btaken=127,rvc=259,ld_ext=0,st_ext=0,ld_ext_cyc=0,st_ext_cyc=0,tcdm_cont=0
CSV,tcdm_diff_bank,128,3,cycles=0,active=794,instr=516,ld_stall=0,jr_stall=0,imiss=22,ld=128,st=0,jump=2,branch=128,btaken=127,rvc=259,ld_ext=0,st_ext=0,ld_ext_cyc=0,st_ext_cyc=0,tcdm_cont=0
CSV,tcdm_diff_bank,128,4,cycles=0,active=794,instr=516,ld_stall=0,jr_stall=0,imiss=22,ld=128,st=0,jump=2,branch=128,btaken=127,rvc=259,ld_ext=0,st_ext=0,ld_ext_cyc=0,st_ext_cyc=0,tcdm_cont=0
CSV,tcdm_diff_bank,128,5,cycles=0,active=794,instr=516,ld_stall=0,jr_stall=0,imiss=22,ld=128,st=0,jump=2,branch=128,btaken=127,rvc=259,ld_ext=0,st_ext=0,ld_ext_cyc=0,st_ext_cyc=0,tcdm_cont=0
CSV,tcdm_diff_bank,128,6,cycles=0,active=794,instr=516,ld_stall=0,jr_stall=0,imiss=22,ld=128,st=0,jump=2,branch=128,btaken=127,rvc=259,ld_ext=0,st_ext=0,ld_ext_cyc=0,st_ext_cyc=0,tcdm_cont=0
CSV,tcdm_diff_bank,128,7,cycles=0,active=794,instr=516,ld_stall=0,jr_stall=0,imiss=22,ld=128,st=0,jump=2,branch=128,btaken=127,rvc=259,ld_ext=0,st_ext=0,ld_ext_cyc=0,st_ext_cyc=0,tcdm_cont=0
CSV,tcdm_same_bank,128,0,cycles=0,active=792,instr=516,ld_stall=0,jr_stall=0,imiss=20,ld=128,st=0,jump=2,branch=128,btaken=127,rvc=259,ld_ext=0,st_ext=0,ld_ext_cyc=0,st_ext_cyc=0,tcdm_cont=0
CSV,tcdm_same_bank,128,1,cycles=0,active=776,instr=516,ld_stall=0,jr_stall=0,imiss=4,ld=128,st=0,jump=2,branch=128,btaken=127,rvc=259,ld_ext=0,st_ext=0,ld_ext_cyc=0,st_ext_cyc=0,tcdm_cont=0
CSV,tcdm_same_bank,128,2,cycles=0,active=776,instr=516,ld_stall=0,jr_stall=0,imiss=4,ld=128,st=0,jump=2,branch=128,btaken=127,rvc=259,ld_ext=0,st_ext=0,ld_ext_cyc=0,st_ext_cyc=0,tcdm_cont=0
CSV,tcdm_same_bank,128,3,cycles=0,active=776,instr=516,ld_stall=0,jr_stall=0,imiss=4,ld=128,st=0,jump=2,branch=128,btaken=127,rvc=259,ld_ext=0,st_ext=0,ld_ext_cyc=0,st_ext_cyc=0,tcdm_cont=0
CSV,tcdm_same_bank,128,4,cycles=0,active=776,instr=516,ld_stall=0,jr_stall=0,imiss=4,ld=128,st=0,jump=2,branch=128,btaken=127,rvc=259,ld_ext=0,st_ext=0,ld_ext_cyc=0,st_ext_cyc=0,tcdm_cont=0
CSV,tcdm_same_bank,128,5,cycles=0,active=776,instr=516,ld_stall=0,jr_stall=0,imiss=4,ld=128,st=0,jump=2,branch=128,btaken=127,rvc=259,ld_ext=0,st_ext=0,ld_ext_cyc=0,st_ext_cyc=0,tcdm_cont=0
CSV,tcdm_same_bank,128,6,cycles=0,active=776,instr=516,ld_stall=0,jr_stall=0,imiss=4,ld=128,st=0,jump=2,branch=128,btaken=127,rvc=259,ld_ext=0,st_ext=0,ld_ext_cyc=0,st_ext_cyc=0,tcdm_cont=0
CSV,tcdm_same_bank,128,7,cycles=0,active=776,instr=516,ld_stall=0,jr_stall=0,imiss=4,ld=128,st=0,jump=2,branch=128,btaken=127,rvc=259,ld_ext=0,st_ext=0,ld_ext_cyc=0,st_ext_cyc=0,tcdm_cont=0
CSV,dma_l2_to_l1,64,0,cycles=207,active=205,instr=29,ld_stall=2,jr_stall=0,imiss=162,ld=6,st=7,jump=0,branch=2,btaken=1,rvc=5,ld_ext=0,st_ext=0,ld_ext_cyc=0,st_ext_cyc=0,tcdm_cont=0
CSV,dma_l2_to_l1,128,0,cycles=95,active=93,instr=29,ld_stall=2,jr_stall=0,imiss=50,ld=6,st=7,jump=0,branch=2,btaken=1,rvc=5,ld_ext=0,st_ext=0,ld_ext_cyc=0,st_ext_cyc=0,tcdm_cont=0
CSV,dma_l2_to_l1,256,0,cycles=117,active=113,instr=40,ld_stall=3,jr_stall=0,imiss=36,ld=9,st=10,jump=0,branch=3,btaken=0,rvc=9,ld_ext=0,st_ext=0,ld_ext_cyc=0,st_ext_cyc=0,tcdm_cont=0
CSV,dma_l2_to_l1,512,0,cycles=142,active=97,instr=40,ld_stall=3,jr_stall=0,imiss=20,ld=9,st=10,jump=0,branch=3,btaken=0,rvc=9,ld_ext=0,st_ext=0,ld_ext_cyc=0,st_ext_cyc=0,tcdm_cont=0
CSV,dma_l2_to_l1,1024,0,cycles=206,active=97,instr=40,ld_stall=3,jr_stall=0,imiss=20,ld=9,st=10,jump=0,branch=3,btaken=0,rvc=9,ld_ext=0,st_ext=0,ld_ext_cyc=0,st_ext_cyc=0,tcdm_cont=0
CSV,dma_l2_to_l1,2048,0,cycles=334,active=97,instr=40,ld_stall=3,jr_stall=0,imiss=20,ld=9,st=10,jump=0,branch=3,btaken=0,rvc=9,ld_ext=0,st_ext=0,ld_ext_cyc=0,st_ext_cyc=0,tcdm_cont=0
CSV,dma_l2_to_l1,4096,0,cycles=590,active=97,instr=40,ld_stall=3,jr_stall=0,imiss=20,ld=9,st=10,jump=0,branch=3,btaken=0,rvc=9,ld_ext=0,st_ext=0,ld_ext_cyc=0,st_ext_cyc=0,tcdm_cont=0
CSV,dma_l2_to_l1,8192,0,cycles=1102,active=97,instr=40,ld_stall=3,jr_stall=0,imiss=20,ld=9,st=10,jump=0,branch=3,btaken=0,rvc=9,ld_ext=0,st_ext=0,ld_ext_cyc=0,st_ext_cyc=0,tcdm_cont=0
CSV,dma_l2_to_l1,16384,0,cycles=2126,active=97,instr=40,ld_stall=3,jr_stall=0,imiss=20,ld=9,st=10,jump=0,branch=3,btaken=0,rvc=9,ld_ext=0,st_ext=0,ld_ext_cyc=0,st_ext_cyc=0,tcdm_cont=0
CSV,dma_l1_to_l2,64,0,cycles=101,active=97,instr=40,ld_stall=3,jr_stall=0,imiss=20,ld=9,st=10,jump=0,branch=3,btaken=0,rvc=9,ld_ext=0,st_ext=0,ld_ext_cyc=0,st_ext_cyc=0,tcdm_cont=0
CSV,dma_l1_to_l2,128,0,cycles=101,active=97,instr=40,ld_stall=3,jr_stall=0,imiss=20,ld=9,st=10,jump=0,branch=3,btaken=0,rvc=9,ld_ext=0,st_ext=0,ld_ext_cyc=0,st_ext_cyc=0,tcdm_cont=0
CSV,dma_l1_to_l2,256,0,cycles=110,active=97,instr=40,ld_stall=3,jr_stall=0,imiss=20,ld=9,st=10,jump=0,branch=3,btaken=0,rvc=9,ld_ext=0,st_ext=0,ld_ext_cyc=0,st_ext_cyc=0,tcdm_cont=0
CSV,dma_l1_to_l2,512,0,cycles=143,active=97,instr=40,ld_stall=3,jr_stall=0,imiss=20,ld=9,st=10,jump=0,branch=3,btaken=0,rvc=9,ld_ext=0,st_ext=0,ld_ext_cyc=0,st_ext_cyc=0,tcdm_cont=0
CSV,dma_l1_to_l2,1024,0,cycles=209,active=97,instr=40,ld_stall=3,jr_stall=0,imiss=20,ld=9,st=10,jump=0,branch=3,btaken=0,rvc=9,ld_ext=0,st_ext=0,ld_ext_cyc=0,st_ext_cyc=0,tcdm_cont=0
CSV,dma_l1_to_l2,2048,0,cycles=341,active=97,instr=40,ld_stall=3,jr_stall=0,imiss=20,ld=9,st=10,jump=0,branch=3,btaken=0,rvc=9,ld_ext=0,st_ext=0,ld_ext_cyc=0,st_ext_cyc=0,tcdm_cont=0
CSV,dma_l1_to_l2,4096,0,cycles=605,active=97,instr=40,ld_stall=3,jr_stall=0,imiss=20,ld=9,st=10,jump=0,branch=3,btaken=0,rvc=9,ld_ext=0,st_ext=0,ld_ext_cyc=0,st_ext_cyc=0,tcdm_cont=0
CSV,dma_l1_to_l2,8192,0,cycles=1133,active=97,instr=40,ld_stall=3,jr_stall=0,imiss=20,ld=9,st=10,jump=0,branch=3,btaken=0,rvc=9,ld_ext=0,st_ext=0,ld_ext_cyc=0,st_ext_cyc=0,tcdm_cont=0
CSV,dma_l1_to_l2,16384,0,cycles=2189,active=97,instr=40,ld_stall=3,jr_stall=0,imiss=20,ld=9,st=10,jump=0,branch=3,btaken=0,rvc=9,ld_ext=0,st_ext=0,ld_ext_cyc=0,st_ext_cyc=0,tcdm_cont=0
CSV,fork_only,1,0,cycles=163,active=159,instr=21,ld_stall=0,jr_stall=0,imiss=108,ld=1,st=8,jump=2,branch=2,btaken=1,rvc=5,ld_ext=0,st_ext=0,ld_ext_cyc=0,st_ext_cyc=0,tcdm_cont=0
CSV,fork_barrier100,1,0,cycles=1111,active=907,instr=221,ld_stall=0,jr_stall=0,imiss=76,ld=101,st=8,jump=2,branch=2,btaken=0,rvc=202,ld_ext=0,st_ext=0,ld_ext_cyc=0,st_ext_cyc=0,tcdm_cont=0
CSV,fork_only,2,0,cycles=72,active=63,instr=21,ld_stall=0,jr_stall=0,imiss=28,ld=1,st=8,jump=2,branch=2,btaken=1,rvc=5,ld_ext=0,st_ext=0,ld_ext_cyc=0,st_ext_cyc=0,tcdm_cont=0
CSV,fork_barrier100,2,0,cycles=1065,active=859,instr=221,ld_stall=0,jr_stall=0,imiss=28,ld=101,st=8,jump=2,branch=2,btaken=0,rvc=202,ld_ext=0,st_ext=0,ld_ext_cyc=0,st_ext_cyc=0,tcdm_cont=0
CSV,fork_only,4,0,cycles=88,active=63,instr=21,ld_stall=0,jr_stall=0,imiss=28,ld=1,st=8,jump=2,branch=2,btaken=1,rvc=5,ld_ext=0,st_ext=0,ld_ext_cyc=0,st_ext_cyc=0,tcdm_cont=0
CSV,fork_barrier100,4,0,cycles=1048,active=843,instr=221,ld_stall=0,jr_stall=0,imiss=12,ld=101,st=8,jump=2,branch=2,btaken=0,rvc=202,ld_ext=0,st_ext=0,ld_ext_cyc=0,st_ext_cyc=0,tcdm_cont=0
CSV,fork_only,8,0,cycles=72,active=47,instr=21,ld_stall=0,jr_stall=0,imiss=12,ld=1,st=8,jump=2,branch=2,btaken=1,rvc=5,ld_ext=0,st_ext=0,ld_ext_cyc=0,st_ext_cyc=0,tcdm_cont=0
CSV,fork_barrier100,8,0,cycles=1048,active=843,instr=221,ld_stall=0,jr_stall=0,imiss=12,ld=101,st=8,jump=2,branch=2,btaken=0,rvc=202,ld_ext=0,st_ext=0,ld_ext_cyc=0,st_ext_cyc=0,tcdm_cont=0
INFO,done
make: Leaving directory '/home/dungpc/ndmoney4porche/projects/pulp/sw/gvsoc/ubench'
