%Warning-TIMESCALEMOD: /home/dungpc/ndmoney4porche/projects/pulp/.bender/git/checkouts/cv32e40p-0a3884e05ea5a482/rtl/include/apu_core_package.sv:22:9: Timescale missing on this module as other modules have it (IEEE 1800-2017 3.14.2.3)
   22 | package apu_core_package;
      |         ^~~~~~~~~~~~~~~~
                       /home/dungpc/ndmoney4porche/projects/pulp/report/microarchitecture_20260913_remaining/tb_control.sv:2:8: ... Location of module with timescale
    2 | module tb_control;
      |        ^~~~~~~~~~
                       ... For warning description see https://verilator.org/warn/TIMESCALEMOD?v=5.020
                       ... Use "/* verilator lint_off TIMESCALEMOD */" and lint_on around source to disable this message.
%Warning-TIMESCALEMOD: /home/dungpc/ndmoney4porche/projects/pulp/.bender/git/checkouts/udma_core-25b62500cd51a5c6/rtl/common/io_generic_fifo.sv:22:8: Timescale missing on this module as other modules have it (IEEE 1800-2017 3.14.2.3)
   22 | module io_generic_fifo
      |        ^~~~~~~~~~~~~~~
                       /home/dungpc/ndmoney4porche/projects/pulp/report/microarchitecture_20260913_remaining/tb_control.sv:2:8: ... Location of module with timescale
    2 | module tb_control;
      |        ^~~~~~~~~~
%Warning-TIMESCALEMOD: /home/dungpc/ndmoney4porche/projects/pulp/.bender/git/checkouts/udma_core-25b62500cd51a5c6/rtl/common/io_tx_fifo.sv:21:8: Timescale missing on this module as other modules have it (IEEE 1800-2017 3.14.2.3)
   21 | module io_tx_fifo
      |        ^~~~~~~~~~
                       /home/dungpc/ndmoney4porche/projects/pulp/report/microarchitecture_20260913_remaining/tb_control.sv:2:8: ... Location of module with timescale
    2 | module tb_control;
      |        ^~~~~~~~~~
%Warning-TIMESCALEMOD: /home/dungpc/ndmoney4porche/projects/pulp/.bender/git/checkouts/pulp_soc-c519334bd3ac5582/rtl/pulp_soc/soc_event_queue.sv:12:8: Timescale missing on this module as other modules have it (IEEE 1800-2017 3.14.2.3)
   12 | module soc_event_queue #(
      |        ^~~~~~~~~~~~~~~
                       /home/dungpc/ndmoney4porche/projects/pulp/report/microarchitecture_20260913_remaining/tb_control.sv:2:8: ... Location of module with timescale
    2 | module tb_control;
      |        ^~~~~~~~~~
%Warning-TIMESCALEMOD: /home/dungpc/ndmoney4porche/projects/pulp/.bender/git/checkouts/cv32e40p-0a3884e05ea5a482/rtl/riscv_apu_disp.sv:27:8: Timescale missing on this module as other modules have it (IEEE 1800-2017 3.14.2.3)
   27 | module riscv_apu_disp (
      |        ^~~~~~~~~~~~~~
                       /home/dungpc/ndmoney4porche/projects/pulp/report/microarchitecture_20260913_remaining/tb_control.sv:2:8: ... Location of module with timescale
    2 | module tb_control;
      |        ^~~~~~~~~~
%Warning-TIMESCALEMOD: /home/dungpc/ndmoney4porche/projects/pulp/.bender/git/checkouts/event_unit_flex-385402acb0ace331/rtl/hw_barrier_unit.sv:11:8: Timescale missing on this module as other modules have it (IEEE 1800-2017 3.14.2.3)
   11 | module hw_barrier_unit
      |        ^~~~~~~~~~~~~~~
                       /home/dungpc/ndmoney4porche/projects/pulp/report/microarchitecture_20260913_remaining/tb_control.sv:2:8: ... Location of module with timescale
    2 | module tb_control;
      |        ^~~~~~~~~~
%Warning-TIMESCALEMOD: /home/dungpc/ndmoney4porche/projects/pulp/.bender/git/checkouts/tech_cells_generic-6a4b27e0e56cbcda/src/rtl/tc_clk.sv:11:8: Timescale missing on this module as other modules have it (IEEE 1800-2017 3.14.2.3)
   11 | module tc_clk_and2 (
      |        ^~~~~~~~~~~
                       /home/dungpc/ndmoney4porche/projects/pulp/report/microarchitecture_20260913_remaining/tb_control.sv:2:8: ... Location of module with timescale
    2 | module tb_control;
      |        ^~~~~~~~~~
%Warning-TIMESCALEMOD: /home/dungpc/ndmoney4porche/projects/pulp/.bender/git/checkouts/tech_cells_generic-6a4b27e0e56cbcda/src/rtl/tc_clk.sv:21:8: Timescale missing on this module as other modules have it (IEEE 1800-2017 3.14.2.3)
   21 | module tc_clk_buffer (
      |        ^~~~~~~~~~~~~
                       /home/dungpc/ndmoney4porche/projects/pulp/report/microarchitecture_20260913_remaining/tb_control.sv:2:8: ... Location of module with timescale
    2 | module tb_control;
      |        ^~~~~~~~~~
%Warning-TIMESCALEMOD: /home/dungpc/ndmoney4porche/projects/pulp/.bender/git/checkouts/tech_cells_generic-6a4b27e0e56cbcda/src/rtl/tc_clk.sv:31:8: Timescale missing on this module as other modules have it (IEEE 1800-2017 3.14.2.3)
   31 | module tc_clk_gating #(
      |        ^~~~~~~~~~~~~
                       /home/dungpc/ndmoney4porche/projects/pulp/report/microarchitecture_20260913_remaining/tb_control.sv:2:8: ... Location of module with timescale
    2 | module tb_control;
      |        ^~~~~~~~~~
%Warning-TIMESCALEMOD: /home/dungpc/ndmoney4porche/projects/pulp/.bender/git/checkouts/tech_cells_generic-6a4b27e0e56cbcda/src/rtl/tc_clk.sv:55:8: Timescale missing on this module as other modules have it (IEEE 1800-2017 3.14.2.3)
   55 | module tc_clk_inverter (
      |        ^~~~~~~~~~~~~~~
                       /home/dungpc/ndmoney4porche/projects/pulp/report/microarchitecture_20260913_remaining/tb_control.sv:2:8: ... Location of module with timescale
    2 | module tb_control;
      |        ^~~~~~~~~~
%Warning-TIMESCALEMOD: /home/dungpc/ndmoney4porche/projects/pulp/.bender/git/checkouts/tech_cells_generic-6a4b27e0e56cbcda/src/rtl/tc_clk.sv:64:8: Timescale missing on this module as other modules have it (IEEE 1800-2017 3.14.2.3)
   64 | module tc_clk_mux2 (
      |        ^~~~~~~~~~~
                       /home/dungpc/ndmoney4porche/projects/pulp/report/microarchitecture_20260913_remaining/tb_control.sv:2:8: ... Location of module with timescale
    2 | module tb_control;
      |        ^~~~~~~~~~
%Warning-TIMESCALEMOD: /home/dungpc/ndmoney4porche/projects/pulp/.bender/git/checkouts/tech_cells_generic-6a4b27e0e56cbcda/src/rtl/tc_clk.sv:75:8: Timescale missing on this module as other modules have it (IEEE 1800-2017 3.14.2.3)
   75 | module tc_clk_xor2 (
      |        ^~~~~~~~~~~
                       /home/dungpc/ndmoney4porche/projects/pulp/report/microarchitecture_20260913_remaining/tb_control.sv:2:8: ... Location of module with timescale
    2 | module tb_control;
      |        ^~~~~~~~~~
%Warning-TIMESCALEMOD: /home/dungpc/ndmoney4porche/projects/pulp/.bender/git/checkouts/tech_cells_generic-6a4b27e0e56cbcda/src/rtl/tc_clk.sv:86:8: Timescale missing on this module as other modules have it (IEEE 1800-2017 3.14.2.3)
   86 | module tc_clk_delay #(
      |        ^~~~~~~~~~~~
                       /home/dungpc/ndmoney4porche/projects/pulp/report/microarchitecture_20260913_remaining/tb_control.sv:2:8: ... Location of module with timescale
    2 | module tb_control;
      |        ^~~~~~~~~~
%Warning-TIMESCALEMOD: /home/dungpc/ndmoney4porche/projects/pulp/.bender/git/checkouts/pulp_cluster-48721e3ce381c984/rtl/cluster_clock_gate.sv:19:9: Timescale missing on this module as other modules have it (IEEE 1800-2017 3.14.2.3)
   19 |  module cluster_clock_gate
      |         ^~~~~~~~~~~~~~~~~~
                       /home/dungpc/ndmoney4porche/projects/pulp/report/microarchitecture_20260913_remaining/tb_control.sv:2:8: ... Location of module with timescale
    2 | module tb_control;
      |        ^~~~~~~~~~
%Warning-WIDTHEXPAND: /home/dungpc/ndmoney4porche/projects/pulp/.bender/git/checkouts/udma_core-25b62500cd51a5c6/rtl/common/io_generic_fifo.sv:119:40: Operator EQ expects 32 bits on the LHS, but LHS's VARREF 'pointer_in' generates 1 bits.
                                                                                                                                                     : ... note: In instance 'tb_control.tx.i_fifo'
  119 |                         if (pointer_in == $unsigned(BUFFER_DEPTH - 1))
      |                                        ^~
%Warning-WIDTHEXPAND: /home/dungpc/ndmoney4porche/projects/pulp/.bender/git/checkouts/udma_core-25b62500cd51a5c6/rtl/common/io_generic_fifo.sv:132:41: Operator EQ expects 32 bits on the LHS, but LHS's VARREF 'pointer_out' generates 1 bits.
                                                                                                                                                     : ... note: In instance 'tb_control.tx.i_fifo'
  132 |                         if (pointer_out == $unsigned(BUFFER_DEPTH - 1))
      |                                         ^~
%Warning-WIDTHTRUNC: /home/dungpc/ndmoney4porche/projects/pulp/.bender/git/checkouts/pulp_cluster-48721e3ce381c984/rtl/cluster_clock_gate.sv:42:28: Operator ASSIGNW expects 1 bits on the Assign RHS, but Assign RHS's VARREF 'r_clockgate' generates 4 bits.
                                                                                                                                                  : ... note: In instance 'tb_control.cg'
   42 |   assign isolate_cluster_o = r_clockgate;
      |                            ^
%Warning-CASEINCOMPLETE: /home/dungpc/ndmoney4porche/projects/pulp/.bender/git/checkouts/event_unit_flex-385402acb0ace331/rtl/hw_barrier_unit.sv:80:11: Case values incompletely covered (example pattern 0x2)
   80 |           case ( demux_bus_slave.add[4:2] )
      |           ^~~~
%Warning-CASEINCOMPLETE: /home/dungpc/ndmoney4porche/projects/pulp/.bender/git/checkouts/event_unit_flex-385402acb0ace331/rtl/hw_barrier_unit.sv:87:11: Case values incompletely covered (example pattern 0x1)
   87 |           case ( demux_bus_slave.add[4:2] )
      |           ^~~~
%Warning-CASEINCOMPLETE: /home/dungpc/ndmoney4porche/projects/pulp/.bender/git/checkouts/event_unit_flex-385402acb0ace331/rtl/hw_barrier_unit.sv:95:7: Case values incompletely covered (example pattern 0x0)
   95 |       case ( demux_read_req_del_SP )
      |       ^~~~
%Warning-CASEINCOMPLETE: /home/dungpc/ndmoney4porche/projects/pulp/.bender/git/checkouts/event_unit_flex-385402acb0ace331/rtl/hw_barrier_unit.sv:125:11: Case values incompletely covered (example pattern 0x2)
  125 |           case ( periph_bus_slave.add[4:2] )
      |           ^~~~
%Warning-CASEINCOMPLETE: /home/dungpc/ndmoney4porche/projects/pulp/.bender/git/checkouts/event_unit_flex-385402acb0ace331/rtl/hw_barrier_unit.sv:132:11: Case values incompletely covered (example pattern 0x1)
  132 |           case ( periph_bus_slave.add[4:2] )
      |           ^~~~
%Warning-CASEINCOMPLETE: /home/dungpc/ndmoney4porche/projects/pulp/.bender/git/checkouts/event_unit_flex-385402acb0ace331/rtl/hw_barrier_unit.sv:140:7: Case values incompletely covered (example pattern 0x0)
  140 |       case ( interc_read_req_del_SP )
      |       ^~~~
%Warning-COMBDLY: /home/dungpc/ndmoney4porche/projects/pulp/.bender/git/checkouts/tech_cells_generic-6a4b27e0e56cbcda/src/rtl/tc_clk.sv:48:31: Non-blocking assignment '<=' in combinational logic process
                                                                                                                                             : ... This will be executed as a blocking assignment '='!
   48 |     if (clk_i == 1'b0) clk_en <= en_i | test_en_i;
      |                               ^~
                  *** See https://verilator.org/warn/COMBDLY before disabling this,
                  else you may end up with different sim results.
make: Entering directory '/tmp/pulp-micro-remaining.JaIbP6/control'
g++ -Os  -I.  -MMD -I/usr/share/verilator/include -I/usr/share/verilator/include/vltstd -DVM_COVERAGE=0 -DVM_SC=0 -DVM_TRACE=1 -DVM_TRACE_FST=0 -DVM_TRACE_VCD=1 -faligned-new -fcf-protection=none -Wno-bool-operation -Wno-overloaded-virtual -Wno-shadow -Wno-sign-compare -Wno-uninitialized -Wno-unused-but-set-parameter -Wno-unused-but-set-variable -Wno-unused-parameter -Wno-unused-variable     -DVL_TIME_CONTEXT   -fcoroutines -c -o verilated.o /usr/share/verilator/include/verilated.cpp
g++ -Os  -I.  -MMD -I/usr/share/verilator/include -I/usr/share/verilator/include/vltstd -DVM_COVERAGE=0 -DVM_SC=0 -DVM_TRACE=1 -DVM_TRACE_FST=0 -DVM_TRACE_VCD=1 -faligned-new -fcf-protection=none -Wno-bool-operation -Wno-overloaded-virtual -Wno-shadow -Wno-sign-compare -Wno-uninitialized -Wno-unused-but-set-parameter -Wno-unused-but-set-variable -Wno-unused-parameter -Wno-unused-variable     -DVL_TIME_CONTEXT   -fcoroutines -c -o verilated_vcd_c.o /usr/share/verilator/include/verilated_vcd_c.cpp
g++ -Os  -I.  -MMD -I/usr/share/verilator/include -I/usr/share/verilator/include/vltstd -DVM_COVERAGE=0 -DVM_SC=0 -DVM_TRACE=1 -DVM_TRACE_FST=0 -DVM_TRACE_VCD=1 -faligned-new -fcf-protection=none -Wno-bool-operation -Wno-overloaded-virtual -Wno-shadow -Wno-sign-compare -Wno-uninitialized -Wno-unused-but-set-parameter -Wno-unused-but-set-variable -Wno-unused-parameter -Wno-unused-variable     -DVL_TIME_CONTEXT   -fcoroutines -c -o verilated_timing.o /usr/share/verilator/include/verilated_timing.cpp
g++ -Os  -I.  -MMD -I/usr/share/verilator/include -I/usr/share/verilator/include/vltstd -DVM_COVERAGE=0 -DVM_SC=0 -DVM_TRACE=1 -DVM_TRACE_FST=0 -DVM_TRACE_VCD=1 -faligned-new -fcf-protection=none -Wno-bool-operation -Wno-overloaded-virtual -Wno-shadow -Wno-sign-compare -Wno-uninitialized -Wno-unused-but-set-parameter -Wno-unused-but-set-variable -Wno-unused-parameter -Wno-unused-variable     -DVL_TIME_CONTEXT   -fcoroutines -c -o verilated_threads.o /usr/share/verilator/include/verilated_threads.cpp
/usr/bin/python3 /usr/share/verilator/bin/verilator_includer -DVL_INCLUDE_OPT=include Vtb_control.cpp Vtb_control___024root__DepSet_h881a7ea8__0.cpp Vtb_control___024root__DepSet_h5af50a53__0.cpp Vtb_control_XBAR_PERIPH_BUS__DepSet_hb5f296d6__0.cpp Vtb_control__main.cpp Vtb_control__Trace__0.cpp Vtb_control__ConstPool_0.cpp Vtb_control___024root__Slow.cpp Vtb_control___024root__DepSet_h881a7ea8__0__Slow.cpp Vtb_control___024root__DepSet_h5af50a53__0__Slow.cpp Vtb_control___024unit__Slow.cpp Vtb_control___024unit__DepSet_hf89f92e5__0__Slow.cpp Vtb_control_XBAR_PERIPH_BUS__Slow.cpp Vtb_control_XBAR_PERIPH_BUS__DepSet_hb5f296d6__0__Slow.cpp Vtb_control__Syms.cpp Vtb_control__Trace__0__Slow.cpp Vtb_control__TraceDecls__0__Slow.cpp > Vtb_control__ALL.cpp
echo "" > Vtb_control__ALL.verilator_deplist.tmp
g++ -Os  -I.  -MMD -I/usr/share/verilator/include -I/usr/share/verilator/include/vltstd -DVM_COVERAGE=0 -DVM_SC=0 -DVM_TRACE=1 -DVM_TRACE_FST=0 -DVM_TRACE_VCD=1 -faligned-new -fcf-protection=none -Wno-bool-operation -Wno-overloaded-virtual -Wno-shadow -Wno-sign-compare -Wno-uninitialized -Wno-unused-but-set-parameter -Wno-unused-but-set-variable -Wno-unused-parameter -Wno-unused-variable     -DVL_TIME_CONTEXT   -fcoroutines -c -o Vtb_control__ALL.o Vtb_control__ALL.cpp
Archive ar -rcs Vtb_control__ALL.a Vtb_control__ALL.o
g++     verilated.o verilated_vcd_c.o verilated_timing.o verilated_threads.o Vtb_control__ALL.a    -pthread -lpthread -latomic   -o Vtb_control
rm Vtb_control__ALL.verilator_deplist.tmp
make: Leaving directory '/tmp/pulp-micro-remaining.JaIbP6/control'
