
=== PULP execution-flow demo ===
FLOW|0|BEGIN|fc_l2
FLOW|0|DATA|fc_l2|checksum=0x9c7e7a4a|words=64
FLOW|0|END|fc_l2
FLOW|1|BEGIN|fc_timer_alu
FLOW|1|DATA|fc_timer_alu|timer=9->2199|acc=0x41eb8881
FLOW|1|END|fc_timer_alu
FLOW|2|BEGIN|cluster_launch
FLOW|3|BEGIN|cluster_l1
FLOW|3|CORE|cluster_l1|pe=0|seen=0xc0de0000
FLOW|3|CORE|cluster_l1|pe=1|seen=0xc0de0001
FLOW|3|CORE|cluster_l1|pe=2|seen=0xc0de0002
FLOW|3|CORE|cluster_l1|pe=3|seen=0xc0de0003
FLOW|3|CORE|cluster_l1|pe=4|seen=0xc0de0004
FLOW|3|CORE|cluster_l1|pe=5|seen=0xc0de0005
FLOW|3|CORE|cluster_l1|pe=6|seen=0xc0de0006
FLOW|3|CORE|cluster_l1|pe=7|seen=0xc0de0007
FLOW|3|END|cluster_l1
FLOW|4|BEGIN|barrier_cross_read
FLOW|4|DATA|barrier_cross_read|errors=0
FLOW|4|END|barrier_cross_read
FLOW|5|BEGIN|dma_l2_l1_l2
FLOW|5|DATA|dma_l2_l1_l2|src=0x9c7e7a4a|dst=0x9c7e7a4a|bytes=256
FLOW|5|END|dma_l2_l1_l2
FLOW|2|DATA|cluster_launch|cluster_errors=0
FLOW|2|END|cluster_launch
FLOW|6|BEGIN|summary
FLOW|6|RESULT|PASS|errors=0|phase_marker=0x00060001
FLOW|6|END|summary
