===== BEGIN multicore =====
multicore: make exit=2
# [STDOUT-CL0_PE0] 6 0 0 0 268435868 0 268435904 268435940 268435976 
# [STDOUT-CL0_PE0] 0 268435864 268436012 268435900 268436048 268435936 268436084 268435972 268435860 
# [STDOUT-CL0_PE0] ==== SUMMARY: FAIL
# [STDOUT-CL0_PE1] ==== SUMMARY: SUCCESS
# [STDOUT-CL0_PE7] ==== SUMMARY: SUCCESS
# [STDOUT-CL0_PE6] ==== SUMMARY: SUCCESS
# [STDOUT-CL0_PE3] ==== SUMMARY: SUCCESS
# [STDOUT-CL0_PE4] ==== SUMMARY: SUCCESS
# [STDOUT-CL0_PE5] ==== SUMMARY: SUCCESS
# [STDOUT-CL0_PE5] 
# [STDOUT-CL0_PE2] ==== SUMMARY: SUCCESS
# [STDOUT-CL0_PE2] 
# [TB] 25647701ns - Received status core: 0x00000025
# Errors: 4, Warnings: 12
===== END multicore =====
===== BEGIN mchan =====
mchan: make exit=0
# [STDOUT-CL0_PE0] STARTING TEST FOR 128 TX AND RX CONCURRENT OPERATIONS: 
# [STDOUT-CL0_PE0] OOOOOOK!!!!!!
# [STDOUT-CL0_PE0] STARTING TEST FOR 256 TX AND RX CONCURRENT OPERATIONS: 
# [STDOUT-CL0_PE0] OOOOOOK!!!!!!
# [STDOUT-CL0_PE0] STARTING TEST FOR 512 TX AND RX CONCURRENT OPERATIONS: 
# [STDOUT-CL0_PE0] OOOOOOK!!!!!!
# [STDOUT-CL0_PE0] STARTING TEST FOR 1024 TX AND RX CONCURRENT OPERATIONS: 
# [STDOUT-CL0_PE0] OOOOOOK!!!!!!
# [STDOUT-CL0_PE0] STARTING TEST FOR 2048 TX AND RX CONCURRENT OPERATIONS: 
# [STDOUT-CL0_PE0] OOOOOOK!!!!!!
# [STDOUT-CL0_PE0] STARTING TEST FOR 4096 TX AND RX CONCURRENT OPERATIONS: 
# [STDOUT-CL0_PE0] OOOOOOK!!!!!!
# [TB] 43716201ns - Received status core: 0x00000000
# Errors: 4, Warnings: 12
===== END mchan =====
===== ALL DONE =====
