Reading pref.tcl

# 10.7c

# vsim -c -modelsimini /home/dungpc/ndmoney4porche/projects/pulp/sim/modelsim.ini vopt_tb -L models_lib -L vip_lib -t ps "+nowarnTRAN" "+nowarnTSCALE" "+nowarnTFMPC" -sv_lib /home/dungpc/ndmoney4porche/projects/pulp/rtl/tb/remote_bitbang/librbs -permit_unmatched_virtual_intf "+ENTRY_POINT=0x1c008080" "+VSIM_PATH=/home/dungpc/ndmoney4porche/projects/pulp/sim" -do "echo "PROBE-START"; find instances -recursive /tb_pulp/i_dut/cluster_domain_i/* -bydu datamover_top; echo SEP; find instances -recursive /tb_pulp/i_dut/cluster_domain_i/* -bydu hwpe_subsystem; echo "PROBE-END"; quit -f" -gBAUDRATE=115200 -gENABLE_DEV_DPI=0 -gLOAD_L2=JTAG -gUSE_HWPE_CL=1 
# Start time: 15:16:43 on Sep 06,2026
# Loading /tmp/dungpc@dungpc-ThinkPad-P1-Gen-4i_dpi_221957/linux_x86_64_gcc-13/export_tramp.so
# //  Questa Sim-64
# //  Version 10.7c linux_x86_64 Aug 17 2018
# //
# //  Copyright 1991-2018 Mentor Graphics Corporation
# //  All Rights Reserved.
# //
# //  QuestaSim and its associated documentation contain trade
# //  secrets and commercial or financial information that are the property of
# //  Mentor Graphics Corporation and are privileged, confidential,
# //  and exempt from disclosure under the Freedom of Information Act,
# //  5 U.S.C. Section 552. Furthermore, this information
# //  is prohibited from disclosure under the Trade Secrets Act,
# //  18 U.S.C. Section 1905.
# //
# Loading sv_std.std
# Loading work.riscv(fast)
# Loading work.dm(fast)
# Loading work.jtag_pkg(fast)
# Loading work.pulp_tap_pkg(fast)
# Loading work.tb_pulp(fast)
# Loading work.SimJTAG_sv_unit(fast)
# Loading work.SimJTAG(fast)
# Loading work.axi_pkg(fast)
# Loading work.pkg_soc_interconnect(fast)
# Loading work.pulp(fast)
# Loading work.pad_frame(fast)
# Loading work.pad_functional_pd(fast)
# Loading work.pad_functional_pu(fast)
# Loading work.safe_domain(fast)
# Loading work.pad_control(fast)
# Loading work.rstgen(fast)
# Loading work.rstgen_bypass(fast)
# Loading work.soc_domain(fast)
# Loading work.pulp_soc(fast)
# Loading work.APB_BUS(fast)
# Loading work.AXI_BUS(fast)
# Loading work.AXI_BUS(fast__1)
# Loading work.FLL_BUS(fast)
# Loading work.XBAR_TCDM_BUS(fast)
# Loading work.axi_cdc_dst(fast)
# Loading work.cdc_fifo_gray_dst(fast)
# Loading work.gray_to_binary(fast)
# Loading work.binary_to_gray(fast)
# Loading work.sync(fast)
# Loading work.spill_register(fast)
# Loading work.spill_register_flushable(fast)
# Loading work.cdc_fifo_gray_dst(fast__1)
# Loading work.spill_register(fast__1)
# Loading work.spill_register_flushable(fast__1)
# Loading work.cdc_fifo_gray_src(fast)
# Loading work.cdc_fifo_gray_dst(fast__2)
# Loading work.spill_register(fast__2)
# Loading work.spill_register_flushable(fast__2)
# Loading work.cdc_fifo_gray_src(fast__1)
# Loading work.axi_cdc_src(fast)
# Loading work.cdc_fifo_gray_src(fast__2)
# Loading work.cdc_fifo_gray_src(fast__3)
# Loading work.cdc_fifo_gray_dst(fast__3)
# Loading work.spill_register(fast__3)
# Loading work.spill_register_flushable(fast__3)
# Loading work.cdc_fifo_gray_src(fast__4)
# Loading work.cdc_fifo_gray_dst(fast__4)
# Loading work.spill_register(fast__4)
# Loading work.spill_register_flushable(fast__4)
# Loading work.l2_ram_multi_bank(fast)
# Loading work.tc_sram(fast__1)
# Loading work.tc_sram(fast)
# Loading work.boot_rom(fast)
# Loading work.generic_rom(fast)
# Loading work.soc_peripherals(fast)
# Loading work.pulp_sync_wedge(fast)
# Loading work.pulp_sync(fast)
# Loading work.pulp_clock_gating(fast)
# Loading work.tc_clk_gating(fast)
# Loading work.periph_bus_wrap(fast)
# Loading work.apb_node_wrap(fast)
# Loading work.apb_node(fast)
# Loading work.apb_fll_if(fast)
# Loading work.apb_gpio(fast)
# Loading work.udma_subsystem(fast)
# Loading work.udma_core(fast)
# Loading work.udma_tx_channels(fast)
# Loading work.udma_arbiter(fast)
# Loading work.io_generic_fifo(fast)
# Loading work.udma_ch_addrgen(fast)
# Loading work.udma_rx_channels(fast)
# Loading work.udma_arbiter(fast__1)
# Loading work.io_generic_fifo(fast__1)
# Loading work.io_generic_fifo(fast__2)
# Loading work.udma_stream_unit(fast)
# Loading work.io_tx_fifo(fast)
# Loading work.io_generic_fifo(fast__3)
# Loading work.udma_apb_if(fast)
# Loading work.udma_ctrl(fast)
# Loading work.pulp_clock_gating_async(fast)
# Loading work.udma_uart_top(fast)
# Loading work.udma_uart_reg_if(fast)
# Loading work.io_tx_fifo(fast__2)
# Loading work.io_generic_fifo(fast__6)
# Loading work.udma_dc_fifo(fast__2)
# Loading work.cdc_fifo_gray(fast__2)
# Loading work.cdc_fifo_gray_src(fast__7)
# Loading work.gray_to_binary(fast__1)
# Loading work.binary_to_gray(fast__1)
# Loading work.cdc_fifo_gray_dst(fast__7)
# Loading work.spill_register(fast__7)
# Loading work.spill_register_flushable(fast__7)
# Loading work.udma_uart_tx(fast)
# Loading work.udma_uart_rx(fast)
# Loading work.edge_propagator(fast)
# Loading work.edge_propagator_ack(fast)
# Loading work.udma_spim_top(fast)
# Loading work.udma_spim_reg_if(fast)
# Loading work.udma_clkgen(fast)
# Loading work.udma_clk_div_cnt(fast)
# Loading work.pulp_clock_mux2(fast)
# Loading work.tc_clk_mux2(fast)
# Loading work.udma_dc_fifo(fast__3)
# Loading work.cdc_fifo_gray(fast__3)
# Loading work.cdc_fifo_gray_src(fast__8)
# Loading work.cdc_fifo_gray_dst(fast__8)
# Loading work.spill_register(fast__5)
# Loading work.spill_register_flushable(fast__5)
# Loading work.io_tx_fifo(fast__1)
# Loading work.io_generic_fifo(fast__4)
# Loading work.udma_spim_ctrl(fast)
# Loading work.edge_propagator_tx(fast)
# Loading work.io_generic_fifo(fast__7)
# Loading work.udma_spim_txrx(fast)
# Loading work.pulp_clock_inverter(fast)
# Loading work.tc_clk_inverter(fast)
# Loading work.udma_i2c_top(fast)
# Loading work.udma_i2c_reg_if(fast)
# Loading work.udma_dc_fifo(fast)
# Loading work.cdc_fifo_gray(fast)
# Loading work.cdc_fifo_gray_src(fast__5)
# Loading work.cdc_fifo_gray_dst(fast__5)
# Loading work.udma_i2c_control(fast)
# Loading work.udma_i2c_bus_ctrl(fast)
# Loading work.udma_sdio_top(fast)
# Loading work.udma_sdio_reg_if(fast)
# Loading work.sdio_txrx(fast)
# Loading work.sdio_txrx_cmd(fast)
# Loading work.sdio_crc7(fast)
# Loading work.sdio_txrx_data(fast)
# Loading work.sdio_crc16(fast)
# Loading work.udma_i2s_top(fast)
# Loading work.udma_i2s_reg_if(fast)
# Loading work.i2s_clkws_gen(fast)
# Loading work.i2s_clk_gen(fast)
# Loading work.pulp_sync(fast__1)
# Loading work.i2s_ws_gen(fast)
# Loading work.i2s_txrx(fast)
# Loading work.i2s_rx_channel(fast)
# Loading work.pdm_top(fast)
# Loading work.varcic(fast)
# Loading work.cic_integrator(fast)
# Loading work.cic_comb(fast)
# Loading work.i2s_tx_channel(fast)
# Loading work.camera_if(fast)
# Loading work.camera_reg_if(fast)
# Loading work.udma_dc_fifo(fast__1)
# Loading work.cdc_fifo_gray(fast__1)
# Loading work.cdc_fifo_gray_src(fast__6)
# Loading work.cdc_fifo_gray_dst(fast__6)
# Loading work.spill_register(fast__6)
# Loading work.spill_register_flushable(fast__6)
# Loading work.udma_filter(fast)
# Loading work.udma_filter_reg_if(fast)
# Loading work.udma_filter_tx_datafetch(fast)
# Loading work.io_tx_fifo_mark(fast)
# Loading work.io_generic_fifo(fast__5)
# Loading work.udma_filter_au(fast)
# Loading work.udma_filter_bincu(fast)
# Loading work.udma_filter_rx_dataout(fast)
# Loading work.udma_hyper_top(fast)
# Loading work.udma_hyperbus_mulid(fast)
# Loading work.udma_cmd_queue(fast)
# Loading work.udma_hyper_reg_if_mulid(fast)
# Loading work.udma_hyper_busy(fast)
# Loading work.io_generic_fifo_hyper(fast)
# Loading work.hyper_arbiter(fast)
# Loading work.hyper_arb_primitive(fast)
# Loading work.hyper_rr_flag_req(fast)
# Loading work.udma_hyper_reg_if_common(fast)
# Loading work.hyper_twd_trans_spliter(fast)
# Loading work.udma_dc_fifo_hyper(fast)
# Loading work.dc_token_ring_fifo_din_hyper(fast)
# Loading work.dc_data_buffer_hyper(fast)
# Loading work.onehot_to_bin_hyper(fast)
# Loading work.dc_token_ring_hyper(fast)
# Loading work.dc_full_detector_hyper(fast)
# Loading work.dc_synchronizer_hyper(fast)
# Loading work.dc_token_ring_fifo_dout_hyper(fast)
# Loading work.dc_token_ring_hyper(fast__1)
# Loading work.dc_synchronizer_hyper(fast__1)
# Loading work.udma_dc_fifo_hyper(fast__1)
# Loading work.dc_token_ring_fifo_din_hyper(fast__1)
# Loading work.dc_data_buffer_hyper(fast__1)
# Loading work.onehot_to_bin_hyper(fast__1)
# Loading work.dc_token_ring_hyper(fast__2)
# Loading work.dc_full_detector_hyper(fast__1)
# Loading work.dc_token_ring_fifo_dout_hyper(fast__1)
# Loading work.dc_token_ring_hyper(fast__3)
# Loading work.dc_synchronizer_hyper(fast__2)
# Loading work.udma_cfg_outbuff(fast)
# Loading work.hyper_unpack(fast)
# Loading work.udma_hyper_ctrl(fast)
# Loading work.udma_hyper_busy_phy(fast)
# Loading work.udma_rxbuffer(fast)
# Loading work.udma_dc_fifo_hyper(fast__2)
# Loading work.dc_token_ring_fifo_din_hyper(fast__2)
# Loading work.dc_data_buffer_hyper(fast__2)
# Loading work.dc_token_ring_fifo_dout_hyper(fast__2)
# Loading work.udma_txbuffer(fast)
# Loading work.hyperbus_phy(fast)
# Loading work.clock_diff_out(fast)
# Loading work.ddr_out(fast)
# Loading work.cmd_addr_gen(fast)
# Loading work.read_clk_rwds(fast)
# Loading work.hyperbus_delay_line(fast)
# Loading work.hyperbus_mux_generic(fast)
# Loading work.cdc_fifo_gray_hyper(fast)
# Loading work.binary_to_gray_hyper(fast)
# Loading work.gray_to_binary_hyper(fast)
# Loading work.clk_gen_hyper(fast)
# Loading work.apb_soc_ctrl(fast)
# Loading work.apb_adv_timer(fast)
# Loading work.adv_timer_apb_if(fast)
# Loading work.timer_module(fast)
# Loading work.timer_cntrl(fast)
# Loading work.input_stage(fast)
# Loading work.prescaler(fast)
# Loading work.up_down_counter(fast)
# Loading work.comparator(fast)
# Loading work.soc_event_generator(fast)
# Loading work.soc_event_queue(fast)
# Loading work.soc_event_arbiter(fast)
# Loading work.apb_timer_unit(fast)
# Loading work.timer_unit_counter_presc(fast)
# Loading work.timer_unit_counter(fast)
# Loading work.cdc_fifo_gray_src(fast__9)
# Loading work.edge_propagator_rx(fast)
# Loading work.ibex_pkg(fast)
# Loading work.fc_subsystem(fast)
# Loading work.XBAR_TCDM_BUS(fast__3)
# Loading work.apb_interrupt_cntrl(fast)
# Loading work.generic_fifo(fast)
# Loading work.cluster_clock_gating(fast)
# Loading work.soc_clk_rst_gen(fast)
# Loading work.freq_meter(fast)
# Loading work.freq_meter(fast__1)
# Loading work.freq_meter(fast__2)
# Loading work.soc_interconnect_wrap(fast)
# Loading work.axi64_2_lint32_wrap(fast)
# Loading work.axi64_2_lint32(fast)
# Loading work.axi_aw_buffer(fast)
# Loading work.axi_single_slice(fast)
# Loading work.fifo(fast)
# Loading work.fifo_v2(fast)
# Loading work.fifo_v3(fast)
# Loading work.axi_ar_buffer(fast)
# Loading work.axi_w_buffer(fast)
# Loading work.axi_single_slice(fast__1)
# Loading work.fifo(fast__1)
# Loading work.fifo_v2(fast__1)
# Loading work.fifo_v3(fast__1)
# Loading work.axi_r_buffer(fast)
# Loading work.axi_single_slice(fast__2)
# Loading work.fifo(fast__2)
# Loading work.fifo_v2(fast__2)
# Loading work.fifo_v3(fast__2)
# Loading work.axi_b_buffer(fast)
# Loading work.axi_single_slice(fast__3)
# Loading work.fifo(fast__3)
# Loading work.fifo_v2(fast__3)
# Loading work.fifo_v3(fast__3)
# Loading work.axi_write_ctrl(fast)
# Loading work.lint64_to_32(fast)
# Loading work.axi_read_ctrl(fast)
# Loading work.soc_interconnect(fast)
# Loading work.tcdm_demux(fast)
# Loading work.cf_math_pkg(fast)
# Loading work.addr_decode(fast__2)
# Loading work.tcdm_demux(fast__1)
# Loading work.addr_decode(fast__3)
# Loading work.tcdm_error_slave(fast)
# Loading work.interleaved_crossbar(fast)
# Loading work.xbar(fast)
# Loading work.addr_dec_resp_mux(fast)
# Loading work.rr_arb_tree(fast__5)
# Loading work.lzc(fast__9)
# Loading work.contiguous_crossbar(fast)
# Loading work.addr_decode(fast)
# Loading work.xbar(fast__1)
# Loading work.rr_arb_tree(fast__6)
# Loading work.lzc(fast__5)
# Loading work.lint2axi_wrap(fast)
# Loading work.lint_2_axi(fast)
# Loading work.axi_xbar_intf(fast)
# Loading work.axi_xbar(fast)
# Loading work.addr_decode(fast__1)
# Loading work.axi_demux(fast)
# Loading work.spill_register(fast__8)
# Loading work.spill_register_flushable(fast__8)
# Loading work.axi_demux_id_counters(fast)
# Loading work.delta_counter(fast)
# Loading work.fifo_v3(fast__4)
# Loading work.spill_register(fast__9)
# Loading work.spill_register_flushable(fast__9)
# Loading work.spill_register(fast__10)
# Loading work.spill_register_flushable(fast__10)
# Loading work.rr_arb_tree(fast__7)
# Loading work.lzc(fast__10)
# Loading work.spill_register(fast__11)
# Loading work.spill_register_flushable(fast__11)
# Loading work.spill_register(fast__12)
# Loading work.spill_register_flushable(fast__12)
# Loading work.rr_arb_tree(fast__8)
# Loading work.axi_err_slv(fast)
# Loading work.axi_atop_filter(fast)
# Loading work.stream_register(fast)
# Loading work.fifo_v2(fast__4)
# Loading work.fifo_v3(fast__8)
# Loading work.fifo_v3(fast__5)
# Loading work.fifo_v3(fast__6)
# Loading work.fifo_v3(fast__7)
# Loading work.counter(fast)
# Loading work.delta_counter(fast__1)
# Loading work.axi_demux(fast__1)
# Loading work.spill_register(fast__13)
# Loading work.spill_register_flushable(fast__13)
# Loading work.spill_register(fast__14)
# Loading work.spill_register_flushable(fast__14)
# Loading work.rr_arb_tree(fast__9)
# Loading work.spill_register(fast__15)
# Loading work.spill_register_flushable(fast__15)
# Loading work.rr_arb_tree(fast__10)
# Loading work.axi_err_slv(fast__1)
# Loading work.axi_atop_filter(fast__1)
# Loading work.fifo_v3(fast__9)
# Loading work.axi_demux(fast__2)
# Loading work.spill_register(fast__16)
# Loading work.spill_register_flushable(fast__16)
# Loading work.spill_register(fast__17)
# Loading work.spill_register_flushable(fast__17)
# Loading work.rr_arb_tree(fast__11)
# Loading work.spill_register(fast__18)
# Loading work.spill_register_flushable(fast__18)
# Loading work.rr_arb_tree(fast__12)
# Loading work.axi_err_slv(fast__2)
# Loading work.axi_atop_filter(fast__2)
# Loading work.fifo_v3(fast__10)
# Loading work.axi_demux(fast__3)
# Loading work.spill_register(fast__19)
# Loading work.spill_register_flushable(fast__19)
# Loading work.spill_register(fast__20)
# Loading work.spill_register_flushable(fast__20)
# Loading work.rr_arb_tree(fast__13)
# Loading work.spill_register(fast__21)
# Loading work.spill_register_flushable(fast__21)
# Loading work.rr_arb_tree(fast__14)
# Loading work.axi_err_slv(fast__3)
# Loading work.axi_atop_filter(fast__3)
# Loading work.fifo_v3(fast__11)
# Loading work.axi_demux(fast__4)
# Loading work.spill_register(fast__22)
# Loading work.spill_register_flushable(fast__22)
# Loading work.spill_register(fast__23)
# Loading work.spill_register_flushable(fast__23)
# Loading work.rr_arb_tree(fast__15)
# Loading work.spill_register(fast__24)
# Loading work.spill_register_flushable(fast__24)
# Loading work.rr_arb_tree(fast__16)
# Loading work.axi_err_slv(fast__4)
# Loading work.axi_atop_filter(fast__4)
# Loading work.fifo_v3(fast__12)
# Loading work.axi_demux(fast__5)
# Loading work.spill_register(fast__25)
# Loading work.spill_register_flushable(fast__25)
# Loading work.spill_register(fast__26)
# Loading work.spill_register_flushable(fast__26)
# Loading work.rr_arb_tree(fast__17)
# Loading work.spill_register(fast__27)
# Loading work.spill_register_flushable(fast__27)
# Loading work.rr_arb_tree(fast__18)
# Loading work.axi_err_slv(fast__5)
# Loading work.axi_atop_filter(fast__5)
# Loading work.fifo_v3(fast__13)
# Loading work.axi_demux(fast__6)
# Loading work.spill_register(fast__28)
# Loading work.spill_register_flushable(fast__28)
# Loading work.spill_register(fast__29)
# Loading work.spill_register_flushable(fast__29)
# Loading work.rr_arb_tree(fast__19)
# Loading work.spill_register(fast__30)
# Loading work.spill_register_flushable(fast__30)
# Loading work.rr_arb_tree(fast__20)
# Loading work.axi_err_slv(fast__6)
# Loading work.axi_atop_filter(fast__6)
# Loading work.fifo_v3(fast__14)
# Loading work.axi_demux(fast__7)
# Loading work.spill_register(fast__31)
# Loading work.spill_register_flushable(fast__31)
# Loading work.spill_register(fast__32)
# Loading work.spill_register_flushable(fast__32)
# Loading work.rr_arb_tree(fast__21)
# Loading work.spill_register(fast__33)
# Loading work.spill_register_flushable(fast__33)
# Loading work.rr_arb_tree(fast__22)
# Loading work.axi_err_slv(fast__7)
# Loading work.axi_atop_filter(fast__7)
# Loading work.fifo_v3(fast__15)
# Loading work.axi_demux(fast__8)
# Loading work.spill_register(fast__34)
# Loading work.spill_register_flushable(fast__34)
# Loading work.spill_register(fast__35)
# Loading work.spill_register_flushable(fast__35)
# Loading work.rr_arb_tree(fast__23)
# Loading work.spill_register(fast__36)
# Loading work.spill_register_flushable(fast__36)
# Loading work.rr_arb_tree(fast__24)
# Loading work.axi_err_slv(fast__8)
# Loading work.axi_atop_filter(fast__8)
# Loading work.fifo_v3(fast__16)
# Loading work.axi_mux(fast)
# Loading work.axi_id_prepend(fast)
# Loading work.axi_id_prepend(fast__1)
# Loading work.axi_id_prepend(fast__2)
# Loading work.axi_id_prepend(fast__3)
# Loading work.axi_id_prepend(fast__4)
# Loading work.axi_id_prepend(fast__5)
# Loading work.axi_id_prepend(fast__6)
# Loading work.axi_id_prepend(fast__7)
# Loading work.axi_id_prepend(fast__8)
# Loading work.rr_arb_tree(fast__25)
# Loading work.fifo_v3(fast__17)
# Loading work.spill_register(fast__37)
# Loading work.spill_register_flushable(fast__37)
# Loading work.spill_register(fast__38)
# Loading work.spill_register_flushable(fast__38)
# Loading work.spill_register(fast__39)
# Loading work.spill_register_flushable(fast__39)
# Loading work.rr_arb_tree(fast__26)
# Loading work.spill_register(fast__40)
# Loading work.spill_register_flushable(fast__40)
# Loading work.spill_register(fast__41)
# Loading work.spill_register_flushable(fast__41)
# Loading work.axi_mux(fast__1)
# Loading work.axi_id_prepend(fast__9)
# Loading work.axi_id_prepend(fast__10)
# Loading work.axi_id_prepend(fast__11)
# Loading work.axi_id_prepend(fast__12)
# Loading work.axi_id_prepend(fast__13)
# Loading work.axi_id_prepend(fast__14)
# Loading work.axi_id_prepend(fast__15)
# Loading work.axi_id_prepend(fast__16)
# Loading work.axi_id_prepend(fast__17)
# Loading work.rr_arb_tree(fast__27)
# Loading work.spill_register(fast__42)
# Loading work.spill_register_flushable(fast__42)
# Loading work.spill_register(fast__43)
# Loading work.spill_register_flushable(fast__43)
# Loading work.spill_register(fast__44)
# Loading work.spill_register_flushable(fast__44)
# Loading work.rr_arb_tree(fast__28)
# Loading work.spill_register(fast__45)
# Loading work.spill_register_flushable(fast__45)
# Loading work.spill_register(fast__46)
# Loading work.spill_register_flushable(fast__46)
# Loading work.AXI_LITE(fast)
# Loading work.axi_to_axi_lite_intf(fast)
# Loading work.axi_to_axi_lite(fast)
# Loading work.axi_atop_filter(fast__9)
# Loading work.axi_burst_splitter(fast)
# Loading work.axi_demux(fast__9)
# Loading work.spill_register(fast__47)
# Loading work.spill_register_flushable(fast__47)
# Loading work.axi_demux_id_counters(fast__1)
# Loading work.fifo_v3(fast__18)
# Loading work.spill_register(fast__48)
# Loading work.spill_register_flushable(fast__48)
# Loading work.spill_register(fast__49)
# Loading work.spill_register_flushable(fast__49)
# Loading work.rr_arb_tree(fast__29)
# Loading work.lzc(fast__11)
# Loading work.spill_register(fast__50)
# Loading work.spill_register_flushable(fast__50)
# Loading work.spill_register(fast__51)
# Loading work.spill_register_flushable(fast__51)
# Loading work.rr_arb_tree(fast__30)
# Loading work.axi_err_slv(fast__9)
# Loading work.fifo_v3(fast__19)
# Loading work.fifo_v3(fast__20)
# Loading work.fifo_v3(fast__21)
# Loading work.axi_burst_splitter_ax_chan(fast)
# Loading work.axi_burst_splitter_counters(fast)
# Loading work.counter(fast__1)
# Loading work.delta_counter(fast__2)
# Loading work.lzc(fast__12)
# Loading work.id_queue(fast)
# Loading work.onehot_to_bin(fast)
# Loading work.axi_burst_splitter_ax_chan(fast__1)
# Loading work.axi_to_axi_lite_id_reflect(fast)
# Loading work.fifo_v3(fast__22)
# Loading work.axi_lite_to_apb_intf(fast)
# Loading work.axi_lite_to_apb(fast)
# Loading work.rr_arb_tree(fast__31)
# Loading work.fall_through_register(fast)
# Loading work.fifo_v2(fast__5)
# Loading work.fifo_v3(fast__23)
# Loading work.fall_through_register(fast__1)
# Loading work.fifo_v2(fast__6)
# Loading work.fifo_v3(fast__24)
# Loading work.fall_through_register(fast__2)
# Loading work.fifo_v2(fast__7)
# Loading work.fifo_v3(fast__25)
# Loading work.addr_decode(fast__4)
# Loading work.dmi_jtag(fast)
# Loading work.dmi_jtag_tap(fast)
# Loading work.cluster_clock_inverter(fast)
# Loading work.dmi_cdc(fast)
# Loading work.cdc_2phase(fast)
# Loading work.cdc_2phase_src(fast)
# Loading work.cdc_2phase_dst(fast)
# Loading work.cdc_2phase(fast__1)
# Loading work.cdc_2phase_src(fast__1)
# Loading work.cdc_2phase_dst(fast__1)
# Loading work.dm_top(fast)
# Loading work.dm_csrs(fast)
# Loading work.fifo_v2(fast__8)
# Loading work.fifo_v3(fast__26)
# Loading work.dm_sba(fast)
# Loading work.dm_mem(fast)
# Loading work.debug_rom(fast)
# Loading work.jtag_tap_top(fast)
# Loading work.tap_top(fast)
# Loading work.jtagreg(fast)
# Loading work.bscell(fast)
# Loading work.lint_jtag_wrap(fast)
# Loading work.adbg_lintonly_top(fast)
# Loading work.adbg_lint_module(fast)
# Loading work.adbg_lint_biu(fast)
# Loading work.adbg_crc32(fast)
# Loading work.tcdm_arbiter_2x1(fast)
# Loading work.apb2per(fast)
# Loading work.cluster_domain(fast)
# Loading work.fpnew_pkg(fast)
# Loading work.hwpe_stream_package(fast)
# Loading work.hci_package(fast)
# Loading work.pulp_cluster_package(fast)
# Loading work.pulp_cluster_sv_unit(fast)
# Loading work.pulp_cluster(fast)
# Loading work.XBAR_PERIPH_BUS(fast__1)
# Loading work.AXI_BUS(fast__5)
# Loading work.cluster_bus_wrap(fast)
# Loading work.axi_xbar_intf(fast__1)
# Loading work.axi_xbar(fast__1)
# Loading work.addr_decode(fast__5)
# Loading work.axi_demux(fast__10)
# Loading work.spill_register(fast__52)
# Loading work.spill_register_flushable(fast__52)
# Loading work.axi_demux_id_counters(fast__2)
# Loading work.delta_counter(fast__3)
# Loading work.fifo_v3(fast__27)
# Loading work.spill_register(fast__53)
# Loading work.spill_register_flushable(fast__53)
# Loading work.spill_register(fast__54)
# Loading work.spill_register_flushable(fast__54)
# Loading work.rr_arb_tree(fast__32)
# Loading work.lzc(fast)
# Loading work.spill_register(fast__55)
# Loading work.spill_register_flushable(fast__55)
# Loading work.spill_register(fast__56)
# Loading work.spill_register_flushable(fast__56)
# Loading work.rr_arb_tree(fast__33)
# Loading work.axi_err_slv(fast__10)
# Loading work.axi_atop_filter(fast__10)
# Loading work.fifo_v3(fast__28)
# Loading work.fifo_v3(fast__29)
# Loading work.axi_demux(fast__11)
# Loading work.spill_register(fast__57)
# Loading work.spill_register_flushable(fast__57)
# Loading work.spill_register(fast__58)
# Loading work.spill_register_flushable(fast__58)
# Loading work.rr_arb_tree(fast__34)
# Loading work.spill_register(fast__59)
# Loading work.spill_register_flushable(fast__59)
# Loading work.rr_arb_tree(fast__35)
# Loading work.axi_err_slv(fast__11)
# Loading work.axi_atop_filter(fast__11)
# Loading work.fifo_v3(fast__30)
# Loading work.axi_demux(fast__12)
# Loading work.spill_register(fast__60)
# Loading work.spill_register_flushable(fast__60)
# Loading work.spill_register(fast__61)
# Loading work.spill_register_flushable(fast__61)
# Loading work.rr_arb_tree(fast__36)
# Loading work.spill_register(fast__62)
# Loading work.spill_register_flushable(fast__62)
# Loading work.rr_arb_tree(fast__37)
# Loading work.axi_err_slv(fast__12)
# Loading work.axi_atop_filter(fast__12)
# Loading work.fifo_v3(fast__31)
# Loading work.axi_demux(fast__13)
# Loading work.spill_register(fast__63)
# Loading work.spill_register_flushable(fast__63)
# Loading work.spill_register(fast__64)
# Loading work.spill_register_flushable(fast__64)
# Loading work.rr_arb_tree(fast__38)
# Loading work.spill_register(fast__65)
# Loading work.spill_register_flushable(fast__65)
# Loading work.rr_arb_tree(fast__39)
# Loading work.axi_err_slv(fast__13)
# Loading work.axi_atop_filter(fast__13)
# Loading work.fifo_v3(fast__32)
# Loading work.axi_mux(fast__2)
# Loading work.axi_id_prepend(fast__18)
# Loading work.axi_id_prepend(fast__19)
# Loading work.axi_id_prepend(fast__20)
# Loading work.axi_id_prepend(fast__21)
# Loading work.rr_arb_tree(fast__40)
# Loading work.fifo_v3(fast__33)
# Loading work.spill_register(fast__66)
# Loading work.spill_register_flushable(fast__66)
# Loading work.spill_register(fast__67)
# Loading work.spill_register_flushable(fast__67)
# Loading work.spill_register(fast__68)
# Loading work.spill_register_flushable(fast__68)
# Loading work.rr_arb_tree(fast__41)
# Loading work.spill_register(fast__69)
# Loading work.spill_register_flushable(fast__69)
# Loading work.spill_register(fast__70)
# Loading work.spill_register_flushable(fast__70)
# Loading work.axi_mux(fast__3)
# Loading work.axi_id_prepend(fast__22)
# Loading work.axi_id_prepend(fast__23)
# Loading work.axi_id_prepend(fast__24)
# Loading work.axi_id_prepend(fast__25)
# Loading work.rr_arb_tree(fast__42)
# Loading work.spill_register(fast__71)
# Loading work.spill_register_flushable(fast__71)
# Loading work.spill_register(fast__72)
# Loading work.spill_register_flushable(fast__72)
# Loading work.spill_register(fast__73)
# Loading work.spill_register_flushable(fast__73)
# Loading work.rr_arb_tree(fast__43)
# Loading work.spill_register(fast__74)
# Loading work.spill_register_flushable(fast__74)
# Loading work.spill_register(fast__75)
# Loading work.spill_register_flushable(fast__75)
# Loading work.axi_mux(fast__4)
# Loading work.axi_id_prepend(fast__26)
# Loading work.axi_id_prepend(fast__27)
# Loading work.axi_id_prepend(fast__28)
# Loading work.axi_id_prepend(fast__29)
# Loading work.rr_arb_tree(fast__44)
# Loading work.spill_register(fast__76)
# Loading work.spill_register_flushable(fast__76)
# Loading work.spill_register(fast__77)
# Loading work.spill_register_flushable(fast__77)
# Loading work.spill_register(fast__78)
# Loading work.spill_register_flushable(fast__78)
# Loading work.rr_arb_tree(fast__45)
# Loading work.spill_register(fast__79)
# Loading work.spill_register_flushable(fast__79)
# Loading work.spill_register(fast__80)
# Loading work.spill_register_flushable(fast__80)
# Loading work.axi2mem_wrap(fast)
# Loading work.axi2mem(fast)
# Loading work.axi2mem_wr_channel(fast)
# Loading work.generic_fifo(fast__1)
# Loading work.axi2mem_rd_channel(fast)
# Loading work.axi2mem_trans_unit(fast)
# Loading work.generic_fifo(fast__2)
# Loading work.generic_fifo(fast__3)
# Loading work.generic_fifo(fast__4)
# Loading work.axi2mem_tcdm_unit(fast)
# Loading work.generic_fifo(fast__6)
# Loading work.generic_fifo(fast__7)
# Loading work.axi2mem_tcdm_rd_if(fast)
# Loading work.generic_fifo(fast__8)
# Loading work.axi2mem_tcdm_wr_if(fast)
# Loading work.axi2mem_tcdm_synch(fast)
# Loading work.generic_fifo(fast__5)
# Loading work.axi2mem_busy_unit(fast)
# Loading work.axi_aw_buffer(fast__1)
# Loading work.axi_single_slice(fast__4)
# Loading work.fifo(fast__4)
# Loading work.fifo_v2(fast__9)
# Loading work.fifo_v3(fast__34)
# Loading work.axi_ar_buffer(fast__1)
# Loading work.axi_w_buffer(fast__1)
# Loading work.axi_single_slice(fast__5)
# Loading work.fifo(fast__5)
# Loading work.fifo_v2(fast__10)
# Loading work.fifo_v3(fast__35)
# Loading work.axi_r_buffer(fast__1)
# Loading work.axi_single_slice(fast__6)
# Loading work.fifo(fast__6)
# Loading work.fifo_v2(fast__11)
# Loading work.fifo_v3(fast__36)
# Loading work.axi_b_buffer(fast__1)
# Loading work.axi_single_slice(fast__7)
# Loading work.fifo(fast__7)
# Loading work.fifo_v2(fast__12)
# Loading work.fifo_v3(fast__37)
# Loading work.axi2per_wrap(fast)
# Loading work.axi2per(fast)
# Loading work.axi2per_req_channel(fast)
# Loading work.axi2per_res_channel(fast)
# Loading work.per_demux_wrap(fast)
# Loading work.per2axi_wrap(fast)
# Loading work.per2axi(fast)
# Loading work.per2axi_req_channel(fast)
# Loading work.per2axi_res_channel(fast)
# Loading work.per2axi_busy_unit(fast)
# Loading work.axi_aw_buffer(fast__2)
# Loading work.axi_single_slice(fast__8)
# Loading work.fifo(fast__8)
# Loading work.fifo_v2(fast__13)
# Loading work.fifo_v3(fast__38)
# Loading work.axi_ar_buffer(fast__2)
# Loading work.axi_w_buffer(fast__2)
# Loading work.axi_single_slice(fast__9)
# Loading work.fifo(fast__9)
# Loading work.fifo_v2(fast__14)
# Loading work.fifo_v3(fast__39)
# Loading work.axi_r_buffer(fast__2)
# Loading work.axi_single_slice(fast__10)
# Loading work.fifo(fast__10)
# Loading work.fifo_v2(fast__15)
# Loading work.fifo_v3(fast__40)
# Loading work.axi_b_buffer(fast__2)
# Loading work.axi_single_slice(fast__11)
# Loading work.fifo(fast__11)
# Loading work.fifo_v2(fast__16)
# Loading work.fifo_v3(fast__41)
# Loading work.cluster_interconnect_wrap_sv_unit(fast)
# Loading work.cluster_interconnect_wrap(fast)
# Loading work.xbar_pe_wrap(fast)
# Loading work.stream_demux(fast)
# Loading work.onehot_to_bin(fast__1)
# Loading work.stream_mux(fast)
# Loading work.stream_mux(fast__1)
# Loading work.stream_mux(fast__2)
# Loading work.stream_mux(fast__3)
# Loading work.stream_mux(fast__4)
# Loading work.stream_mux(fast__5)
# Loading work.stream_mux(fast__6)
# Loading work.stream_mux(fast__7)
# Loading work.stream_mux(fast__8)
# Loading work.rr_arb_tree(fast__46)
# Loading work.dmac_wrap(fast)
# Loading work.mchan(fast)
# Loading work.ctrl_unit(fast)
# Loading work.ctrl_if(fast)
# Loading work.ctrl_fsm(fast)
# Loading work.generic_fifo(fast__10)
# Loading work.trans_allocator(fast)
# Loading work.mchan_arbiter(fast)
# Loading work.mchan_arb_primitive(fast)
# Loading work.mchan_rr_flag_req(fast)
# Loading work.synch_unit(fast)
# Loading work.synch_unit(fast__1)
# Loading work.synch_unit(fast__2)
# Loading work.synch_unit(fast__3)
# Loading work.synch_unit(fast__4)
# Loading work.synch_unit(fast__5)
# Loading work.synch_unit(fast__6)
# Loading work.synch_unit(fast__7)
# Loading work.synch_unit(fast__8)
# Loading work.synch_unit(fast__9)
# Loading work.synch_unit(fast__10)
# Loading work.synch_unit(fast__11)
# Loading work.synch_unit(fast__12)
# Loading work.synch_unit(fast__13)
# Loading work.synch_unit(fast__14)
# Loading work.synch_unit(fast__15)
# Loading work.trans_arbiter_wrap(fast)
# Loading work.mchan_arbiter(fast__1)
# Loading work.mchan_arb_primitive(fast__1)
# Loading work.trans_queue(fast)
# Loading work.twd_trans_queue(fast)
# Loading work.mchan_arbiter(fast__2)
# Loading work.mchan_arb_primitive(fast__2)
# Loading work.twd_trans_splitter(fast)
# Loading work.generic_fifo(fast__9)
# Loading work.trans_unpack(fast)
# Loading work.ext_unit(fast)
# Loading work.generic_fifo(fast__11)
# Loading work.ext_tx_if(fast)
# Loading work.ext_rx_if(fast)
# Loading work.ext_tid_gen(fast)
# Loading work.ext_opc_buf(fast)
# Loading work.ext_aw_buffer(fast)
# Loading work.ext_buffer(fast)
# Loading work.ext_ar_buffer(fast)
# Loading work.ext_w_buffer(fast)
# Loading work.ext_buffer(fast__1)
# Loading work.ext_r_buffer(fast)
# Loading work.ext_buffer(fast__2)
# Loading work.ext_b_buffer(fast)
# Loading work.ext_buffer(fast__3)
# Loading work.tcdm_unit(fast)
# Loading work.generic_fifo(fast__12)
# Loading work.tcdm_cmd_unpack(fast)
# Loading work.generic_fifo(fast__14)
# Loading work.tcdm_tx_if(fast)
# Loading work.generic_fifo(fast__15)
# Loading work.tcdm_rx_if(fast)
# Loading work.tcdm_synch(fast)
# Loading work.generic_fifo(fast__13)
# Loading work.trans_unit(fast)
# Loading work.trans_buffers(fast)
# Loading work.generic_fifo(fast__16)
# Loading work.generic_fifo(fast__17)
# Loading work.generic_fifo(fast__18)
# Loading work.trans_aligner(fast)
# Loading work.cluster_peripherals_sv_unit(fast)
# Loading work.cluster_peripherals(fast)
# Loading work.MESSAGE_BUS(fast)
# Loading work.XBAR_PERIPH_BUS(fast__6)
# Loading work.cluster_control_unit(fast)
# Loading work.cluster_timer_wrap(fast)
# Loading work.timer_unit(fast)
# Loading work.event_unit_top(fast)
# Loading work.cluster_event_map(fast)
# Loading work.periph_FIFO_id(fast)
# Loading work.generic_fifo(fast__19)
# Loading work.event_unit_interface_mux(fast)
# Loading work.ff1_loop(fast)
# Loading work.onehot_to_bin(fast__2)
# Loading work.interc_sw_evt_trig(fast)
# Loading work.soc_periph_fifo(fast)
# Loading work.event_unit_core(fast)
# Loading work.fl1_loop(fast)
# Loading work.hw_barrier_unit(fast)
# Loading work.hw_mutex_unit(fast)
# Loading work.hw_dispatch(fast)
# Loading work.hier_icache_ctrl_unit_wrap(fast)
# Loading work.hier_icache_ctrl_unit(fast)
# Loading work.core_region(fast)
# Loading work.XBAR_DEMUX_BUS(fast)
# Loading work.XBAR_PERIPH_BUS(fast__7)
# Loading work.core_demux(fast)
# Loading work.periph_FIFO(fast)
# Loading work.generic_fifo(fast__22)
# Loading work.periph_demux(fast)
# Loading work.core_region(fast__1)
# Loading work.core_region(fast__2)
# Loading work.core_region(fast__3)
# Loading work.core_region(fast__4)
# Loading work.core_region(fast__5)
# Loading work.core_region(fast__6)
# Loading work.core_region(fast__7)
# Loading work.shared_fpu_cluster(fast)
# Loading work.fpu_demux(fast)
# Loading work.XBAR_FPU(fast)
# Loading work.RequestBlock_FPU(fast)
# Loading work.ArbitrationTree_FPU(fast)
# Loading work.FanInPrimitive_Req_FPU(fast)
# Loading work.RR_Flag_Req_FPU(fast)
# Loading work.AddressDecoder_Resp_FPU(fast)
# Loading work.ResponseBlock_FPU(fast)
# Loading work.AddressDecoder_Req_FPU(fast)
# Loading work.ResponseBlock_FPU(fast__1)
# Loading work.AddressDecoder_Req_FPU(fast__1)
# Loading work.ResponseBlock_FPU(fast__2)
# Loading work.AddressDecoder_Req_FPU(fast__2)
# Loading work.ResponseBlock_FPU(fast__3)
# Loading work.AddressDecoder_Req_FPU(fast__3)
# Loading work.ResponseBlock_FPU(fast__4)
# Loading work.AddressDecoder_Req_FPU(fast__4)
# Loading work.ResponseBlock_FPU(fast__5)
# Loading work.AddressDecoder_Req_FPU(fast__5)
# Loading work.ResponseBlock_FPU(fast__6)
# Loading work.AddressDecoder_Req_FPU(fast__6)
# Loading work.ResponseBlock_FPU(fast__7)
# Loading work.AddressDecoder_Req_FPU(fast__7)
# Loading work.XBAR_FPU(fast__1)
# Loading work.RequestBlock_FPU(fast__1)
# Loading work.ArbitrationTree_FPU(fast__1)
# Loading work.FanInPrimitive_Req_FPU(fast__1)
# Loading work.ResponseBlock_FPU(fast__8)
# Loading work.ResponseTree_FPU(fast)
# Loading work.FanInPrimitive_Resp_FPU(fast)
# Loading work.AddressDecoder_Req_FPU(fast__8)
# Loading work.LFSR_FPU(fast)
# Loading work.ResponseBlock_FPU(fast__9)
# Loading work.AddressDecoder_Req_FPU(fast__9)
# Loading work.LFSR_FPU(fast__1)
# Loading work.ResponseBlock_FPU(fast__10)
# Loading work.AddressDecoder_Req_FPU(fast__10)
# Loading work.LFSR_FPU(fast__2)
# Loading work.ResponseBlock_FPU(fast__11)
# Loading work.AddressDecoder_Req_FPU(fast__11)
# Loading work.LFSR_FPU(fast__3)
# Loading work.ResponseBlock_FPU(fast__12)
# Loading work.AddressDecoder_Req_FPU(fast__12)
# Loading work.LFSR_FPU(fast__4)
# Loading work.ResponseBlock_FPU(fast__13)
# Loading work.AddressDecoder_Req_FPU(fast__13)
# Loading work.LFSR_FPU(fast__5)
# Loading work.ResponseBlock_FPU(fast__14)
# Loading work.AddressDecoder_Req_FPU(fast__14)
# Loading work.LFSR_FPU(fast__6)
# Loading work.ResponseBlock_FPU(fast__15)
# Loading work.AddressDecoder_Req_FPU(fast__15)
# Loading work.LFSR_FPU(fast__7)
# Loading work.optimal_alloc(fast)
# Loading work.fp_iter_divsqrt_msv_wrapper_2_STAGE(fast)
# Loading work.defs_div_sqrt_mvp(fast)
# Loading work.div_sqrt_top_mvp_sv_unit(fast)
# Loading work.div_sqrt_top_mvp(fast)
# Loading work.preprocess_mvp_sv_unit(fast)
# Loading work.preprocess_mvp(fast)
# Loading work.lzc(fast__7)
# Loading work.nrbd_nrsc_mvp_sv_unit(fast)
# Loading work.nrbd_nrsc_mvp(fast)
# Loading work.control_mvp_sv_unit(fast)
# Loading work.control_mvp(fast)
# Loading work.iteration_div_sqrt_mvp(fast)
# Loading work.norm_div_sqrt_mvp_sv_unit(fast)
# Loading work.norm_div_sqrt_mvp(fast)
# Loading work.riscv_defines(fast)
# Loading work.fpnew_wrapper_sv_unit(fast)
# Loading work.fpnew_wrapper(fast)
# Loading work.fpnew_top(fast__1)
# Loading work.fpnew_opgroup_block(fast__4)
# Loading work.rr_arb_tree(fast__50)
# Loading work.lzc(fast__1)
# Loading work.fpnew_opgroup_block(fast__5)
# Loading work.rr_arb_tree(fast__51)
# Loading work.fpnew_opgroup_block(fast__6)
# Loading work.rr_arb_tree(fast__52)
# Loading work.fpnew_opgroup_block(fast__7)
# Loading work.rr_arb_tree(fast__53)
# Loading work.rr_arb_tree(fast__49)
# Loading work.fpnew_wrapper(fast__1)
# Loading work.fpnew_top(fast__2)
# Loading work.fpnew_opgroup_block(fast__8)
# Loading work.rr_arb_tree(fast__55)
# Loading work.fpnew_opgroup_block(fast__9)
# Loading work.rr_arb_tree(fast__56)
# Loading work.fpnew_opgroup_block(fast__10)
# Loading work.rr_arb_tree(fast__57)
# Loading work.fpnew_opgroup_block(fast__11)
# Loading work.rr_arb_tree(fast__58)
# Loading work.rr_arb_tree(fast__54)
# Loading work.fpnew_wrapper(fast__2)
# Loading work.fpnew_top(fast__3)
# Loading work.fpnew_opgroup_block(fast__12)
# Loading work.rr_arb_tree(fast__60)
# Loading work.fpnew_opgroup_block(fast__13)
# Loading work.rr_arb_tree(fast__61)
# Loading work.fpnew_opgroup_block(fast__14)
# Loading work.rr_arb_tree(fast__62)
# Loading work.fpnew_opgroup_block(fast__15)
# Loading work.rr_arb_tree(fast__63)
# Loading work.rr_arb_tree(fast__59)
# Loading work.fpnew_wrapper(fast__3)
# Loading work.fpnew_top(fast__4)
# Loading work.fpnew_opgroup_block(fast__16)
# Loading work.rr_arb_tree(fast__65)
# Loading work.fpnew_opgroup_block(fast__17)
# Loading work.rr_arb_tree(fast__66)
# Loading work.fpnew_opgroup_block(fast__18)
# Loading work.rr_arb_tree(fast__67)
# Loading work.fpnew_opgroup_block(fast__19)
# Loading work.rr_arb_tree(fast__68)
# Loading work.rr_arb_tree(fast__64)
# Loading work.FPU_clock_gating(fast)
# Loading work.icache_hier_top(fast)
# Loading work.pri_icache(fast)
# Loading work.pri_icache_controller(fast)
# Loading work.lfsr_8bit(fast)
# Loading work.register_file_1w_multi_port_read_test_wrap(fast)
# Loading work.register_file_1w_multi_port_read(fast)
# Loading work.register_file_1r_1w_test_wrap(fast)
# Loading work.register_file_1r_1w(fast)
# Loading work.refill_arbiter(fast)
# Loading work.icache_intc(fast)
# Loading work.RoutingBlock_Req_icache_intc(fast)
# Loading work.DistributedArbitrationNetwork_Req_icache_intc(fast)
# Loading work.Req_Arb_Node_icache_intc(fast)
# Loading work.RoutingBlock_Resp_icache_intc(fast)
# Loading work.DistributedArbitrationNetwork_Resp_icache_intc(fast)
# Loading work.Resp_Arb_Node_icache_intc(fast)
# Loading work.RoutingBlock_Resp_icache_intc(fast__1)
# Loading work.RoutingBlock_Resp_icache_intc(fast__2)
# Loading work.RoutingBlock_Resp_icache_intc(fast__3)
# Loading work.RoutingBlock_Resp_icache_intc(fast__4)
# Loading work.RoutingBlock_Resp_icache_intc(fast__5)
# Loading work.RoutingBlock_Resp_icache_intc(fast__6)
# Loading work.RoutingBlock_Resp_icache_intc(fast__7)
# Loading work.share_icache(fast)
# Loading work.share_icache_controller(fast)
# Loading work.onehot_to_bin(fast__3)
# Loading work.generic_fifo(fast__21)
# Loading work.RefillTracker_4(fast)
# Loading work.generic_fifo(fast__20)
# Loading work.axi_ar_buffer(fast__3)
# Loading work.axi_single_slice(fast__12)
# Loading work.fifo(fast__12)
# Loading work.fifo_v2(fast__17)
# Loading work.fifo_v3(fast__43)
# Loading work.ram_ws_rs_data_scm(fast)
# Loading work.ram_ws_rs_tag_scm(fast)
# Loading work.register_file_1r_1w_test_wrap(fast__1)
# Loading work.register_file_1r_1w(fast__1)
# Loading work.axi_mux_intf(fast)
# Loading work.axi_mux(fast__5)
# Loading work.axi_id_prepend(fast__30)
# Loading work.axi_id_prepend(fast__31)
# Loading work.axi_id_prepend(fast__32)
# Loading work.axi_id_prepend(fast__33)
# Loading work.axi_id_prepend(fast__34)
# Loading work.axi_id_prepend(fast__35)
# Loading work.axi_id_prepend(fast__36)
# Loading work.axi_id_prepend(fast__37)
# Loading work.rr_arb_tree(fast__69)
# Loading work.lzc(fast__15)
# Loading work.fifo_v3(fast__42)
# Loading work.spill_register(fast__81)
# Loading work.spill_register_flushable(fast__81)
# Loading work.spill_register(fast__82)
# Loading work.spill_register_flushable(fast__82)
# Loading work.spill_register(fast__83)
# Loading work.spill_register_flushable(fast__83)
# Loading work.rr_arb_tree(fast__70)
# Loading work.spill_register(fast__84)
# Loading work.spill_register_flushable(fast__84)
# Loading work.spill_register(fast__85)
# Loading work.spill_register_flushable(fast__85)
# Loading work.tcdm_banks_wrap(fast)
# Loading work.tc_sram(fast__2)
# Loading work.axi_cdc_src(fast__1)
# Loading work.cdc_fifo_gray_src(fast__10)
# Loading work.cdc_fifo_gray_src(fast__11)
# Loading work.cdc_fifo_gray_dst(fast__9)
# Loading work.spill_register(fast__86)
# Loading work.spill_register_flushable(fast__86)
# Loading work.cdc_fifo_gray_src(fast__12)
# Loading work.cdc_fifo_gray_dst(fast__10)
# Loading work.spill_register(fast__87)
# Loading work.spill_register_flushable(fast__87)
# Loading work.axi_cdc_dst(fast__1)
# Loading work.cdc_fifo_gray_dst(fast__11)
# Loading work.spill_register(fast__88)
# Loading work.spill_register_flushable(fast__88)
# Loading work.cdc_fifo_gray_dst(fast__12)
# Loading work.spill_register(fast__89)
# Loading work.spill_register_flushable(fast__89)
# Loading work.cdc_fifo_gray_src(fast__13)
# Loading work.cdc_fifo_gray_dst(fast__13)
# Loading work.spill_register(fast__90)
# Loading work.spill_register_flushable(fast__90)
# Loading work.cdc_fifo_gray_src(fast__14)
# Loading work.axi_dw_converter_intf(fast)
# Loading work.axi_dw_converter(fast)
# Loading work.axi_dw_upsizer(fast)
# Loading work.rr_arb_tree(fast__71)
# Loading work.rr_arb_tree(fast__72)
# Loading work.rr_arb_tree(fast__73)
# Loading work.axi_err_slv(fast__14)
# Loading work.axi_atop_filter(fast__14)
# Loading work.fifo_v3(fast__44)
# Loading work.axi_demux(fast__14)
# Loading work.spill_register(fast__91)
# Loading work.spill_register_flushable(fast__91)
# Loading work.fifo_v3(fast__45)
# Loading work.spill_register(fast__92)
# Loading work.spill_register_flushable(fast__92)
# Loading work.spill_register(fast__93)
# Loading work.spill_register_flushable(fast__93)
# Loading work.rr_arb_tree(fast__74)
# Loading work.spill_register(fast__94)
# Loading work.spill_register_flushable(fast__94)
# Loading work.spill_register(fast__95)
# Loading work.spill_register_flushable(fast__95)
# Loading work.rr_arb_tree(fast__75)
# Loading work.lzc(fast__16)
# Loading work.cdc_fifo_gray_dst(fast__14)
# Loading work.spill_register(fast__96)
# Loading work.spill_register_flushable(fast__96)
# Loading work.cluster_clock_gate(fast)
# Loading work.tb_clk_gen(fast)
# Loading work.tb_fs_handler(fast)
# Loading work.tb_fs_handler_debug(fast)
# Loading work.tb_fs_handler_debug(fast__1)
# Loading work.tb_fs_handler_debug(fast__2)
# Loading work.tb_fs_handler_debug(fast__3)
# Loading work.uart_tb_rx(fast)
# Loading work.cam_vip(fast)
# Loading work.XBAR_TCDM_BUS(fast__1)
# Loading work.XBAR_TCDM_BUS(fast__2)
# Loading work.fpnew_opgroup_multifmt_slice(fast__4)
# Loading work.fpnew_fma_multi(fast__1)
# Loading work.fpnew_classifier(fast)
# Loading work.lzc(fast__2)
# Loading work.fpnew_rounding(fast)
# Loading work.fpnew_opgroup_fmt_slice(fast__30)
# Loading work.fpnew_noncomp(fast__5)
# Loading work.fpnew_classifier(fast__5)
# Loading work.fpnew_opgroup_multifmt_slice(fast__7)
# Loading work.fpnew_cast_multi(fast__1)
# Loading work.fpnew_classifier(fast__10)
# Loading work.lzc(fast__8)
# Loading work.fpnew_rounding(fast__4)
# Loading work.hci_core_intf(fast)
# Loading work.XBAR_PERIPH_BUS(fast)
# Loading work.XBAR_TCDM_BUS(fast__4)
# Loading work.hci_core_intf(fast__1)
# Loading work.XBAR_PERIPH_BUS(fast__2)
# Loading work.XBAR_PERIPH_BUS(fast__3)
# Loading work.SP_ICACHE_CTRL_UNIT_BUS(fast)
# Loading work.PRI_ICACHE_CTRL_UNIT_BUS(fast)
# Loading work.hci_mem_intf(fast)
# Loading work.hwpe_subsystem_sv_unit(fast)
# Loading work.hwpe_subsystem(fast)
# Loading work.hwpe_ctrl_intf_periph(fast__1)
# Loading work.datamover_package(fast)
# Loading work.hwpe_ctrl_package(fast)
# Loading work.datamover_top_sv_unit(fast)
# Loading work.datamover_top(fast)
# Loading work.hwpe_stream_intf_stream(fast__5)
# Loading work.datamover_streamer_sv_unit(fast)
# Loading work.datamover_streamer(fast)
# Loading work.hci_core_intf(fast__7)
# Loading work.hci_core_source_sv_unit(fast)
# Loading work.hci_core_source(fast)
# Loading work.hwpe_stream_intf_stream(fast__2)
# Loading work.hwpe_stream_addressgen_v3_sv_unit(fast)
# Loading work.hwpe_stream_addressgen_v3(fast)
# Loading work.hwpe_stream_fifo_sv_unit(fast)
# Loading work.hwpe_stream_fifo(fast__5)
# Loading work.hwpe_stream_intf_stream(fast__6)
# Loading work.hwpe_stream_fifo(fast__6)
# Loading work.hci_core_sink_sv_unit(fast)
# Loading work.hci_core_sink(fast)
# Loading work.hwpe_stream_intf_stream(fast__7)
# Loading work.hci_core_intf(fast__8)
# Loading work.hwpe_stream_addressgen_v3(fast__1)
# Loading work.hwpe_stream_fifo(fast__7)
# Loading work.hci_core_assign_sv_unit(fast)
# Loading work.hci_core_assign(fast__3)
# Loading work.hci_core_mux_dynamic_sv_unit(fast)
# Loading work.hci_core_mux_dynamic(fast)
# Loading work.hci_core_r_valid_filter_sv_unit(fast)
# Loading work.hci_core_r_valid_filter(fast)
# Loading work.datamover_engine_sv_unit(fast)
# Loading work.datamover_engine(fast)
# Loading work.hwpe_stream_fifo(fast__8)
# Loading work.hwpe_ctrl_slave_sv_unit(fast)
# Loading work.hwpe_ctrl_slave(fast__1)
# Loading work.hwpe_ctrl_regfile_sv_unit(fast)
# Loading work.hwpe_ctrl_regfile(fast__1)
# Loading work.hwpe_ctrl_regfile_latch_test_wrap(fast)
# Loading work.hwpe_ctrl_regfile_latch(fast)
# Loading work.AXI_BUS(fast__6)
# Loading work.AXI_BUS(fast__7)
# Loading work.AXI_BUS(fast__8)
# Loading work.apu_core_package(fast)
# Loading work.riscv_core_sv_unit(fast)
# Loading work.riscv_core(fast__1)
# Loading work.riscv_if_stage_sv_unit(fast)
# Loading work.riscv_if_stage(fast__1)
# Loading work.riscv_prefetch_buffer(fast)
# Loading work.riscv_fetch_fifo(fast)
# Loading work.riscv_hwloop_controller(fast)
# Loading work.riscv_compressed_decoder_sv_unit(fast)
# Loading work.riscv_compressed_decoder(fast__1)
# Loading work.riscv_id_stage_sv_unit(fast)
# Loading work.riscv_id_stage(fast__1)
# Loading work.register_file_test_wrap(fast__1)
# Loading work.riscv_register_file(fast__1)
# Loading work.riscv_decoder_sv_unit(fast)
# Loading work.riscv_decoder(fast__1)
# Loading work.riscv_controller_sv_unit(fast)
# Loading work.riscv_controller(fast__1)
# Loading work.riscv_int_controller_sv_unit(fast)
# Loading work.riscv_int_controller(fast__1)
# Loading work.riscv_hwloop_regs(fast)
# Loading work.riscv_ex_stage_sv_unit(fast)
# Loading work.riscv_ex_stage(fast__1)
# Loading work.riscv_apu_disp_sv_unit(fast)
# Loading work.riscv_apu_disp(fast)
# Loading work.riscv_alu_sv_unit(fast)
# Loading work.riscv_alu(fast__1)
# Loading work.alu_popcnt(fast)
# Loading work.alu_ff(fast)
# Loading work.riscv_alu_div(fast)
# Loading work.riscv_mult_sv_unit(fast)
# Loading work.riscv_mult(fast)
# Loading work.riscv_load_store_unit(fast)
# Loading work.riscv_cs_registers_sv_unit(fast)
# Loading work.riscv_cs_registers(fast__1)
# Loading work.riscv_tracer_defines(fast)
# Loading work.riscv_tracer_sv_unit(fast)
# Loading work.riscv_tracer(fast)
# Loading work.hci_interconnect_sv_unit(fast)
# Loading work.hci_interconnect(fast)
# Loading work.tcdm_interconnect_pkg(fast)
# Loading work.hci_log_interconnect_sv_unit(fast)
# Loading work.hci_log_interconnect(fast)
# Loading work.tcdm_interconnect(fast)
# Loading work.xbar(fast__2)
# Loading work.addr_dec_resp_mux(fast__1)
# Loading work.rr_arb_tree(fast__47)
# Loading work.lzc(fast__13)
# Loading work.hci_core_assign(fast__1)
# Loading work.AXI_BUS(fast__2)
# Loading work.riscv_core(fast)
# Loading work.riscv_if_stage(fast)
# Loading work.riscv_compressed_decoder(fast)
# Loading work.riscv_id_stage(fast)
# Loading work.register_file_test_wrap(fast)
# Loading work.riscv_register_file(fast)
# Loading work.riscv_decoder(fast)
# Loading work.riscv_controller(fast)
# Loading work.riscv_int_controller(fast)
# Loading work.riscv_ex_stage(fast)
# Loading work.riscv_alu(fast)
# Loading work.riscv_cs_registers(fast)
# Loading work.riscv_pmp_sv_unit(fast)
# Loading work.riscv_pmp(fast)
# Loading work.hci_core_intf(fast__2)
# Loading work.hci_mem_intf(fast__1)
# Loading work.hci_hwpe_interconnect(fast)
# Loading work.hci_core_intf(fast__3)
# Loading work.hci_core_assign(fast)
# Loading work.hwpe_stream_tcdm_reorder_sv_unit(fast)
# Loading work.hwpe_stream_tcdm_reorder(fast)
# Loading work.hci_shallow_interconnect_sv_unit(fast)
# Loading work.hci_shallow_interconnect(fast)
# Loading work.fpnew_top(fast)
# Loading work.fpnew_opgroup_block(fast)
# Loading work.rr_arb_tree(fast__1)
# Loading work.fpnew_opgroup_block(fast__1)
# Loading work.rr_arb_tree(fast__2)
# Loading work.fpnew_opgroup_block(fast__2)
# Loading work.rr_arb_tree(fast__3)
# Loading work.fpnew_opgroup_block(fast__3)
# Loading work.rr_arb_tree(fast__4)
# Loading work.rr_arb_tree(fast)
# Loading work.APB_BUS(fast__1)
# ** Error: (vsim-191) Questa has encountered an unexpected internal error: ../../src/vsim/vsimfunc.c(1989). 
# Please contact Questa support at http://supportnet.mentor.com
# ** Error: (vsim-191) Questa has encountered an unexpected internal error: ../../src/vsim/vsimfunc.c(1989). 
# Please contact Questa support at http://supportnet.mentor.com
# ** Error: (vsim-191) Questa has encountered an unexpected internal error: ../../src/vsim/vsimfunc.c(1989). 
# Please contact Questa support at http://supportnet.mentor.com
# ** Error: (vsim-191) Questa has encountered an unexpected internal error: ../../src/vsim/vsimfunc.c(1989). 
# Please contact Questa support at http://supportnet.mentor.com
# Loading work.fpnew_opgroup_multifmt_slice(fast)
# Loading work.fpnew_fma_multi(fast)
# Loading work.fpnew_opgroup_multifmt_slice(fast__1)
# Loading work.fpnew_divsqrt_multi(fast)
# Loading work.fpnew_opgroup_fmt_slice(fast__10)
# Loading work.fpnew_noncomp(fast)
# Loading work.fpnew_opgroup_multifmt_slice(fast__3)
# Loading work.fpnew_cast_multi(fast)
# Loading work.AXI_BUS(fast__3)
# Loading work.AXI_BUS(fast__4)
# Loading work.hwpe_stream_intf_tcdm(fast__2)
# Loading work.hci_core_intf(fast__6)
# Loading std.standard
# Loading std.textio(body)
# Loading ieee.std_logic_1164(body)
# Loading ieee.numeric_std(body)
# Loading work.gf22_fll(behavioral)#1
# Loading ieee.math_real(body)
# Loading work.gf22_dco(behavioral)#1
# Loading work.fllpkg(body)
# Loading work.fll_digital(rtl)#1
# Loading work.fll_glitchfree_clkmux(rtl)#1
# Loading work.fll_clock_gated(rtl)#1
# Loading work.fll_mux(rtl)#1
# Loading work.fll_clk_divider(rtl)#1
# Loading work.fll_glitchfree_clkdiv(rtl)#1
# Loading work.fll_loop_filter(rtl)#1
# Loading work.fll_settling_monitor(rtl)#1
# Loading work.fll_zerodelta(rtl)#1
# Loading work.fll_synchroedge(rtl)#1
# Loading work.fll_dither_pattern_gen(rtl)#1
# Loading work.fll_clk_period_quantizer(rtl)#1
# Loading work.fll_reg(rtl)#1
# Loading /home/dungpc/ndmoney4porche/projects/pulp/rtl/tb/remote_bitbang/librbs.so
# ** Warning: (vsim-8683) Uninitialized out port /tb_pulp/i_dut/soc_domain_i/pulp_soc_i/i_clk_rst_gen/i_fll_soc/i_FLL_digital/TQ has no driver.
# This port will contribute value (U) to the signal network.
# ** Warning: (vsim-8683) Uninitialized out port /tb_pulp/i_dut/soc_domain_i/pulp_soc_i/i_clk_rst_gen/i_fll_soc/i_FLL_digital/JTQ has no driver.
# This port will contribute value (U) to the signal network.
# ** Warning: (vsim-8683) Uninitialized out port /tb_pulp/i_dut/soc_domain_i/pulp_soc_i/i_clk_rst_gen/i_fll_per/i_FLL_digital/TQ has no driver.
# This port will contribute value (U) to the signal network.
# ** Warning: (vsim-8683) Uninitialized out port /tb_pulp/i_dut/soc_domain_i/pulp_soc_i/i_clk_rst_gen/i_fll_per/i_FLL_digital/JTQ has no driver.
# This port will contribute value (U) to the signal network.
# ** Warning: (vsim-8683) Uninitialized out port /tb_pulp/i_dut/soc_domain_i/pulp_soc_i/i_clk_rst_gen/i_fll_cluster/i_FLL_digital/TQ has no driver.
# This port will contribute value (U) to the signal network.
# ** Warning: (vsim-8683) Uninitialized out port /tb_pulp/i_dut/soc_domain_i/pulp_soc_i/i_clk_rst_gen/i_fll_cluster/i_FLL_digital/JTQ has no driver.
# This port will contribute value (U) to the signal network.
# echo "PROBE-START"
# PROBE-START
#  find instances -recursive /tb_pulp/i_dut/cluster_domain_i/* -bydu datamover_top
# {/tb_pulp/i_dut/cluster_domain_i/cluster_i/hwpe_gen/hwpe_subsystem_i/datamover_gen/hwpe_top_wrap_i (datamover_top)}
#  echo SEP
# SEP
#  find instances -recursive /tb_pulp/i_dut/cluster_domain_i/* -bydu hwpe_subsystem
# {/tb_pulp/i_dut/cluster_domain_i/cluster_i/hwpe_gen/hwpe_subsystem_i (hwpe_subsystem)}
#  echo "PROBE-END"
# PROBE-END
#  quit -f
# End time: 15:16:45 on Sep 06,2026, Elapsed time: 0:00:02
# Errors: 4, Warnings: 6
