INFO,start
CSV,fc_alu,1000,0,cycles=22003,instr=10003,ld_stall=0,jr_stall=0,imiss=10005,ld=0,st=0,jump=2,branch=1000,btaken=999,rvc=10002,elw=0,ld_ext=0,st_ext=0,ld_ext_cyc=0,st_ext_cyc=0,tcdm_cont=0
CSV,fc_ld_dep,1000,0,cycles=7019,instr=4004,ld_stall=1000,jr_stall=0,imiss=20,ld=1000,st=0,jump=2,branch=1000,btaken=999,rvc=3003,elw=0,ld_ext=0,st_ext=0,ld_ext_cyc=0,st_ext_cyc=0,tcdm_cont=0
CSV,fc_ld_indep,1000,0,cycles=6019,instr=4004,ld_stall=0,jr_stall=0,imiss=20,ld=1000,st=0,jump=2,branch=1000,btaken=999,rvc=3003,elw=0,ld_ext=0,st_ext=0,ld_ext_cyc=0,st_ext_cyc=0,tcdm_cont=0
CSV,fc_chase_l2,256,0,cycles=910,instr=516,ld_stall=128,jr_stall=0,imiss=15,ld=256,st=0,jump=2,branch=128,btaken=127,rvc=386,elw=0,ld_ext=0,st_ext=0,ld_ext_cyc=0,st_ext_cyc=0,tcdm_cont=0
INFO,cluster,nb_pe=8
CSV,cl_alu,1000,0,cycles=12039,instr=10003,ld_stall=0,jr_stall=0,imiss=36,ld=0,st=0,jump=2,branch=1000,btaken=999,rvc=10002,elw=0,ld_ext=0,st_ext=0,ld_ext_cyc=0,st_ext_cyc=0,tcdm_cont=0
CSV,cl_ld_dep,1000,0,cycles=7042,instr=4004,ld_stall=1000,jr_stall=0,imiss=38,ld=1000,st=0,jump=2,branch=1000,btaken=999,rvc=3003,elw=0,ld_ext=0,st_ext=0,ld_ext_cyc=0,st_ext_cyc=0,tcdm_cont=0
CSV,cl_ld_indep,1000,0,cycles=6058,instr=4004,ld_stall=0,jr_stall=0,imiss=54,ld=1000,st=0,jump=2,branch=1000,btaken=999,rvc=3003,elw=0,ld_ext=0,st_ext=0,ld_ext_cyc=0,st_ext_cyc=0,tcdm_cont=0
CSV,cl_chase_l2,256,0,cycles=4504,instr=516,ld_stall=128,jr_stall=0,imiss=20,ld=256,st=0,jump=2,branch=128,btaken=127,rvc=386,elw=0,ld_ext=0,st_ext=0,ld_ext_cyc=0,st_ext_cyc=0,tcdm_cont=0
CSV,cl_chase_l1,256,0,cycles=904,instr=516,ld_stall=128,jr_stall=0,imiss=4,ld=256,st=0,jump=2,branch=128,btaken=127,rvc=387,elw=0,ld_ext=0,st_ext=0,ld_ext_cyc=0,st_ext_cyc=0,tcdm_cont=0
CSV,tcdm_diff_bank,128,0,cycles=810,instr=516,ld_stall=0,jr_stall=0,imiss=38,ld=128,st=0,jump=2,branch=128,btaken=127,rvc=259,elw=0,ld_ext=0,st_ext=0,ld_ext_cyc=0,st_ext_cyc=0,tcdm_cont=0
CSV,tcdm_diff_bank,128,1,cycles=814,instr=516,ld_stall=0,jr_stall=0,imiss=42,ld=128,st=0,jump=2,branch=128,btaken=127,rvc=259,elw=0,ld_ext=0,st_ext=0,ld_ext_cyc=0,st_ext_cyc=0,tcdm_cont=0
CSV,tcdm_diff_bank,128,2,cycles=814,instr=516,ld_stall=0,jr_stall=0,imiss=42,ld=128,st=0,jump=2,branch=128,btaken=127,rvc=259,elw=0,ld_ext=0,st_ext=0,ld_ext_cyc=0,st_ext_cyc=0,tcdm_cont=0
CSV,tcdm_diff_bank,128,3,cycles=814,instr=516,ld_stall=0,jr_stall=0,imiss=42,ld=128,st=0,jump=2,branch=128,btaken=127,rvc=259,elw=0,ld_ext=0,st_ext=0,ld_ext_cyc=0,st_ext_cyc=0,tcdm_cont=0
CSV,tcdm_diff_bank,128,4,cycles=814,instr=516,ld_stall=0,jr_stall=0,imiss=42,ld=128,st=0,jump=2,branch=128,btaken=127,rvc=259,elw=0,ld_ext=0,st_ext=0,ld_ext_cyc=0,st_ext_cyc=0,tcdm_cont=0
CSV,tcdm_diff_bank,128,5,cycles=814,instr=516,ld_stall=0,jr_stall=0,imiss=42,ld=128,st=0,jump=2,branch=128,btaken=127,rvc=259,elw=0,ld_ext=0,st_ext=0,ld_ext_cyc=0,st_ext_cyc=0,tcdm_cont=0
CSV,tcdm_diff_bank,128,6,cycles=814,instr=516,ld_stall=0,jr_stall=0,imiss=42,ld=128,st=0,jump=2,branch=128,btaken=127,rvc=259,elw=0,ld_ext=0,st_ext=0,ld_ext_cyc=0,st_ext_cyc=0,tcdm_cont=0
CSV,tcdm_diff_bank,128,7,cycles=814,instr=516,ld_stall=0,jr_stall=0,imiss=42,ld=128,st=0,jump=2,branch=128,btaken=127,rvc=259,elw=0,ld_ext=0,st_ext=0,ld_ext_cyc=0,st_ext_cyc=0,tcdm_cont=0
CSV,tcdm_same_bank,128,0,cycles=778,instr=516,ld_stall=0,jr_stall=0,imiss=6,ld=128,st=0,jump=2,branch=128,btaken=127,rvc=259,elw=0,ld_ext=0,st_ext=0,ld_ext_cyc=0,st_ext_cyc=0,tcdm_cont=0
CSV,tcdm_same_bank,128,1,cycles=774,instr=516,ld_stall=0,jr_stall=0,imiss=2,ld=128,st=0,jump=2,branch=128,btaken=127,rvc=259,elw=0,ld_ext=0,st_ext=0,ld_ext_cyc=0,st_ext_cyc=0,tcdm_cont=0
CSV,tcdm_same_bank,128,2,cycles=774,instr=516,ld_stall=0,jr_stall=0,imiss=2,ld=128,st=0,jump=2,branch=128,btaken=127,rvc=259,elw=0,ld_ext=0,st_ext=0,ld_ext_cyc=0,st_ext_cyc=0,tcdm_cont=0
CSV,tcdm_same_bank,128,3,cycles=774,instr=516,ld_stall=0,jr_stall=0,imiss=2,ld=128,st=0,jump=2,branch=128,btaken=127,rvc=259,elw=0,ld_ext=0,st_ext=0,ld_ext_cyc=0,st_ext_cyc=0,tcdm_cont=0
CSV,tcdm_same_bank,128,4,cycles=774,instr=516,ld_stall=0,jr_stall=0,imiss=2,ld=128,st=0,jump=2,branch=128,btaken=127,rvc=259,elw=0,ld_ext=0,st_ext=0,ld_ext_cyc=0,st_ext_cyc=0,tcdm_cont=0
CSV,tcdm_same_bank,128,5,cycles=774,instr=516,ld_stall=0,jr_stall=0,imiss=2,ld=128,st=0,jump=2,branch=128,btaken=127,rvc=259,elw=0,ld_ext=0,st_ext=0,ld_ext_cyc=0,st_ext_cyc=0,tcdm_cont=0
CSV,tcdm_same_bank,128,6,cycles=774,instr=516,ld_stall=0,jr_stall=0,imiss=2,ld=128,st=0,jump=2,branch=128,btaken=127,rvc=259,elw=0,ld_ext=0,st_ext=0,ld_ext_cyc=0,st_ext_cyc=0,tcdm_cont=0
CSV,tcdm_same_bank,128,7,cycles=774,instr=516,ld_stall=0,jr_stall=0,imiss=2,ld=128,st=0,jump=2,branch=128,btaken=127,rvc=259,elw=0,ld_ext=0,st_ext=0,ld_ext_cyc=0,st_ext_cyc=0,tcdm_cont=0
CSV,l2_8core,128,0,cycles=2570,instr=516,ld_stall=0,jr_stall=0,imiss=6,ld=128,st=0,jump=2,branch=128,btaken=127,rvc=259,elw=0,ld_ext=0,st_ext=0,ld_ext_cyc=0,st_ext_cyc=0,tcdm_cont=0
CSV,l2_8core,128,1,cycles=2564,instr=516,ld_stall=0,jr_stall=0,imiss=0,ld=128,st=0,jump=2,branch=128,btaken=127,rvc=259,elw=0,ld_ext=0,st_ext=0,ld_ext_cyc=0,st_ext_cyc=0,tcdm_cont=0
CSV,l2_8core,128,2,cycles=2564,instr=516,ld_stall=0,jr_stall=0,imiss=0,ld=128,st=0,jump=2,branch=128,btaken=127,rvc=259,elw=0,ld_ext=0,st_ext=0,ld_ext_cyc=0,st_ext_cyc=0,tcdm_cont=0
CSV,l2_8core,128,3,cycles=2564,instr=516,ld_stall=0,jr_stall=0,imiss=0,ld=128,st=0,jump=2,branch=128,btaken=127,rvc=259,elw=0,ld_ext=0,st_ext=0,ld_ext_cyc=0,st_ext_cyc=0,tcdm_cont=0
CSV,l2_8core,128,4,cycles=2564,instr=516,ld_stall=0,jr_stall=0,imiss=0,ld=128,st=0,jump=2,branch=128,btaken=127,rvc=259,elw=0,ld_ext=0,st_ext=0,ld_ext_cyc=0,st_ext_cyc=0,tcdm_cont=0
CSV,l2_8core,128,5,cycles=2564,instr=516,ld_stall=0,jr_stall=0,imiss=0,ld=128,st=0,jump=2,branch=128,btaken=127,rvc=259,elw=0,ld_ext=0,st_ext=0,ld_ext_cyc=0,st_ext_cyc=0,tcdm_cont=0
CSV,l2_8core,128,6,cycles=2564,instr=516,ld_stall=0,jr_stall=0,imiss=0,ld=128,st=0,jump=2,branch=128,btaken=127,rvc=259,elw=0,ld_ext=0,st_ext=0,ld_ext_cyc=0,st_ext_cyc=0,tcdm_cont=0
CSV,l2_8core,128,7,cycles=2564,instr=516,ld_stall=0,jr_stall=0,imiss=0,ld=128,st=0,jump=2,branch=128,btaken=127,rvc=259,elw=0,ld_ext=0,st_ext=0,ld_ext_cyc=0,st_ext_cyc=0,tcdm_cont=0
CSV,dma_l2_to_l1,64,0,cycles=178,instr=26,ld_stall=3,jr_stall=0,imiss=126,ld=6,st=6,jump=1,branch=4,btaken=4,rvc=12,elw=0,ld_ext=0,st_ext=0,ld_ext_cyc=0,st_ext_cyc=0,tcdm_cont=0
CSV,dma_l2_to_l1,128,0,cycles=82,instr=26,ld_stall=3,jr_stall=0,imiss=30,ld=6,st=6,jump=1,branch=4,btaken=4,rvc=12,elw=0,ld_ext=0,st_ext=0,ld_ext_cyc=0,st_ext_cyc=0,tcdm_cont=0
CSV,dma_l2_to_l1,256,0,cycles=81,instr=34,ld_stall=6,jr_stall=0,imiss=14,ld=9,st=7,jump=1,branch=6,btaken=5,rvc=18,elw=0,ld_ext=0,st_ext=0,ld_ext_cyc=0,st_ext_cyc=0,tcdm_cont=0
CSV,dma_l2_to_l1,512,0,cycles=111,instr=50,ld_stall=12,jr_stall=0,imiss=14,ld=15,st=9,jump=1,branch=10,btaken=7,rvc=30,elw=0,ld_ext=0,st_ext=0,ld_ext_cyc=0,st_ext_cyc=0,tcdm_cont=0
CSV,dma_l2_to_l1,1024,0,cycles=171,instr=82,ld_stall=24,jr_stall=0,imiss=14,ld=27,st=13,jump=1,branch=18,btaken=11,rvc=54,elw=0,ld_ext=0,st_ext=0,ld_ext_cyc=0,st_ext_cyc=0,tcdm_cont=0
CSV,dma_l2_to_l1,2048,0,cycles=306,instr=154,ld_stall=51,jr_stall=0,imiss=14,ld=54,st=22,jump=1,branch=36,btaken=20,rvc=108,elw=0,ld_ext=0,st_ext=0,ld_ext_cyc=0,st_ext_cyc=0,tcdm_cont=0
CSV,dma_l2_to_l1,4096,0,cycles=561,instr=290,ld_stall=102,jr_stall=0,imiss=14,ld=105,st=39,jump=1,branch=70,btaken=37,rvc=210,elw=0,ld_ext=0,st_ext=0,ld_ext_cyc=0,st_ext_cyc=0,tcdm_cont=0
CSV,dma_l2_to_l1,8192,0,cycles=1071,instr=562,ld_stall=204,jr_stall=0,imiss=14,ld=207,st=73,jump=1,branch=138,btaken=71,rvc=414,elw=0,ld_ext=0,st_ext=0,ld_ext_cyc=0,st_ext_cyc=0,tcdm_cont=0
CSV,dma_l1_to_l2,64,0,cycles=58,instr=25,ld_stall=3,jr_stall=0,imiss=10,ld=6,st=6,jump=0,branch=4,btaken=3,rvc=11,elw=0,ld_ext=0,st_ext=0,ld_ext_cyc=0,st_ext_cyc=0,tcdm_cont=0
CSV,dma_l1_to_l2,128,0,cycles=58,instr=25,ld_stall=3,jr_stall=0,imiss=10,ld=6,st=6,jump=0,branch=4,btaken=3,rvc=11,elw=0,ld_ext=0,st_ext=0,ld_ext_cyc=0,st_ext_cyc=0,tcdm_cont=0
CSV,dma_l1_to_l2,256,0,cycles=73,instr=33,ld_stall=6,jr_stall=0,imiss=10,ld=9,st=7,jump=0,branch=6,btaken=4,rvc=17,elw=0,ld_ext=0,st_ext=0,ld_ext_cyc=0,st_ext_cyc=0,tcdm_cont=0
CSV,dma_l1_to_l2,512,0,cycles=103,instr=49,ld_stall=12,jr_stall=0,imiss=10,ld=15,st=9,jump=0,branch=10,btaken=6,rvc=29,elw=0,ld_ext=0,st_ext=0,ld_ext_cyc=0,st_ext_cyc=0,tcdm_cont=0
CSV,dma_l1_to_l2,1024,0,cycles=178,instr=89,ld_stall=27,jr_stall=0,imiss=10,ld=30,st=14,jump=0,branch=20,btaken=11,rvc=59,elw=0,ld_ext=0,st_ext=0,ld_ext_cyc=0,st_ext_cyc=0,tcdm_cont=0
CSV,dma_l1_to_l2,2048,0,cycles=298,instr=153,ld_stall=51,jr_stall=0,imiss=10,ld=54,st=22,jump=0,branch=36,btaken=19,rvc=107,elw=0,ld_ext=0,st_ext=0,ld_ext_cyc=0,st_ext_cyc=0,tcdm_cont=0
CSV,dma_l1_to_l2,4096,0,cycles=568,instr=297,ld_stall=105,jr_stall=0,imiss=10,ld=108,st=40,jump=0,branch=72,btaken=37,rvc=215,elw=0,ld_ext=0,st_ext=0,ld_ext_cyc=0,st_ext_cyc=0,tcdm_cont=0
CSV,dma_l1_to_l2,8192,0,cycles=1093,instr=577,ld_stall=210,jr_stall=0,imiss=10,ld=213,st=75,jump=0,branch=142,btaken=72,rvc=425,elw=0,ld_ext=0,st_ext=0,ld_ext_cyc=0,st_ext_cyc=0,tcdm_cont=0
CSV,barrier_8core,100,0,timer=2596,cycles=1922,instr=1103,ld_stall=0,jr_stall=0,imiss=20,ld=100,st=0,jump=201,branch=201,btaken=99,rvc=401,elw=0,ld_ext=0,st_ext=0,ld_ext_cyc=0,st_ext_cyc=0,tcdm_cont=0
INFO,done,rc=0
