vopt +acc=npr -o vopt_tb tb_pulp -floatparameters+tb_pulp -work work
QuestaSim-64 vopt 10.7c Compiler 2018.08 Aug 17 2018
Start time: 00:44:41 on Sep 04,2026
vopt "+acc=npr" -o vopt_tb tb_pulp -floatparameters+tb_pulp -work work 

Top level modules:
	tb_pulp

Analyzing design...
-- Loading module tb_pulp
-- Importing package jtag_pkg
-- Importing package dm
-- Importing package riscv
-- Importing package pulp_tap_pkg
-- Loading module SimJTAG
-- Loading module pulp
-- Importing package pkg_soc_interconnect
-- Importing package axi_pkg
-- Loading module pad_frame
-- Loading module pad_functional_pd
-- Loading module pad_functional_pu
-- Loading module safe_domain
-- Loading module pad_control
-- Loading module rstgen
-- Loading module rstgen_bypass
-- Loading module soc_domain
-- Loading module pulp_soc
-- Loading interface APB_BUS
-- Loading interface AXI_BUS
-- Loading interface FLL_BUS
-- Loading interface XBAR_TCDM_BUS
-- Loading module axi_cdc_dst
-- Loading module cdc_fifo_gray_dst
-- Loading module gray_to_binary
-- Loading module binary_to_gray
-- Loading module spill_register
-- Loading module spill_register_flushable
-- Loading module cdc_fifo_gray_src
-- Loading module axi_cdc_src
-- Loading module l2_ram_multi_bank
-- Loading module tc_sram
-- Loading module boot_rom
-- Loading module generic_rom
-- Loading module soc_peripherals
-- Loading module pulp_sync_wedge
-- Loading module pulp_sync
-- Loading module pulp_clock_gating
-- Loading module tc_clk_gating
-- Loading module periph_bus_wrap
-- Loading module apb_node_wrap
-- Loading module apb_node
-- Loading module apb_fll_if
-- Loading module apb_gpio
-- Loading module udma_subsystem
-- Loading module udma_core
-- Loading module udma_tx_channels
-- Loading module udma_arbiter
-- Loading module io_generic_fifo
-- Loading module udma_rx_channels
-- Loading module udma_apb_if
-- Loading module udma_ctrl
-- Loading module udma_sdio_top
-- Loading module udma_sdio_reg_if
-- Loading module edge_propagator_tx
-- Loading module udma_clkgen
-- Loading module udma_clk_div_cnt
-- Loading module pulp_clock_mux2
-- Loading module tc_clk_mux2
-- Loading module edge_propagator
-- Loading module edge_propagator_ack
-- Loading module sdio_txrx
-- Loading module sdio_txrx_cmd
-- Loading module sdio_crc7
-- Loading module sdio_txrx_data
-- Loading module io_tx_fifo
-- Loading module udma_dc_fifo
-- Loading module cdc_fifo_gray
-- Loading module udma_i2s_top
-- Loading module udma_i2s_reg_if
-- Loading module i2s_clkws_gen
-- Loading module i2s_clk_gen
-- Loading module i2s_ws_gen
-- Loading module i2s_txrx
-- Loading module i2s_rx_channel
-- Loading module pdm_top
-- Loading module varcic
-- Loading module i2s_tx_channel
-- Loading module camera_if
-- Loading module camera_reg_if
-- Loading module udma_filter
-- Loading module udma_filter_reg_if
-- Loading module udma_filter_tx_datafetch
-- Loading module io_tx_fifo_mark
-- Loading module udma_filter_au
-- Loading module udma_filter_bincu
-- Loading module udma_filter_rx_dataout
-- Loading module udma_hyper_top
-- Loading module udma_hyperbus_mulid
-- Loading module hyper_arbiter
-- Loading module hyper_rr_flag_req
-- Loading module udma_hyper_reg_if_common
-- Loading module hyper_twd_trans_spliter
-- Loading module udma_dc_fifo_hyper
-- Loading module dc_token_ring_fifo_din_hyper
-- Loading module dc_data_buffer_hyper
-- Loading module onehot_to_bin_hyper
-- Loading module dc_token_ring_hyper
-- Loading module dc_full_detector_hyper
-- Loading module dc_synchronizer_hyper
-- Loading module dc_token_ring_fifo_dout_hyper
-- Loading module udma_cfg_outbuff
-- Loading module hyper_unpack
-- Loading module udma_hyper_ctrl
-- Loading module udma_hyper_busy_phy
-- Loading module udma_rxbuffer
-- Loading module udma_txbuffer
-- Loading module hyperbus_phy
-- Loading module clock_diff_out
-- Loading module pulp_clock_inverter
-- Loading module tc_clk_inverter
-- Loading module ddr_out
-- Loading module cmd_addr_gen
-- Loading module read_clk_rwds
-- Loading module hyperbus_delay_line
-- Loading module cdc_fifo_gray_hyper
-- Loading module binary_to_gray_hyper
-- Loading module gray_to_binary_hyper
-- Loading module clk_gen_hyper
-- Loading module apb_soc_ctrl
-- Loading module apb_adv_timer
-- Loading module adv_timer_apb_if
-- Loading module timer_module
-- Loading module timer_cntrl
-- Loading module input_stage
-- Loading module prescaler
-- Loading module up_down_counter
-- Loading module comparator
-- Loading module soc_event_generator
-- Loading module soc_event_arbiter
-- Loading module apb_timer_unit
-- Loading module timer_unit_counter_presc
-- Loading module timer_unit_counter
-- Loading module edge_propagator_rx
-- Loading module fc_subsystem
-- Importing package ibex_pkg
-- Loading module apb_interrupt_cntrl
-- Loading module generic_fifo
-- Loading module cluster_clock_gating
-- Loading module soc_clk_rst_gen
-- Loading module freq_meter
-- Loading package STANDARD
-- Loading package TEXTIO
-- Loading package std_logic_1164
-- Loading package NUMERIC_STD
-- Loading entity gf22_FLL
-- Loading architecture behavioral of gf22_FLL
-- Loading package MATH_REAL
-- Loading entity gf22_DCO
-- Loading package FLLPkg
-- Loading entity FLL_digital
-- Loading architecture behavioral of gf22_DCO
-- Loading architecture rtl of FLL_digital
-- Loading entity FLL_glitchfree_clkmux
-- Loading entity FLL_mux
-- Loading entity FLL_clock_gated
-- Loading entity FLL_clk_divider
-- Loading entity FLL_loop_filter
-- Loading entity FLL_settling_monitor
-- Loading entity FLL_zerodelta
-- Loading entity FLL_synchroedge
-- Loading entity FLL_dither_pattern_gen
-- Loading entity FLL_clk_period_quantizer
-- Loading entity FLL_reg
-- Loading package body FLLPkg
-- Loading architecture rtl of FLL_glitchfree_clkmux
-- Loading architecture rtl of FLL_clock_gated
-- Loading architecture rtl of FLL_mux
-- Loading architecture rtl of FLL_clk_divider
-- Loading entity FLL_glitchfree_clkdiv
-- Loading architecture rtl of FLL_glitchfree_clkdiv
-- Loading architecture rtl of FLL_loop_filter
-- Loading architecture rtl of FLL_settling_monitor
-- Loading architecture rtl of FLL_zerodelta
-- Loading architecture rtl of FLL_synchroedge
-- Loading architecture rtl of FLL_dither_pattern_gen
-- Loading architecture rtl of FLL_clk_period_quantizer
-- Loading architecture rtl of FLL_reg
-- Loading module soc_interconnect_wrap
-- Loading module axi64_2_lint32_wrap
-- Loading module axi64_2_lint32
-- Loading module axi_aw_buffer
-- Loading module axi_single_slice
-- Loading module fifo
-- Loading module fifo_v2
-- Loading module fifo_v3
-- Loading module axi_ar_buffer
-- Loading module axi_w_buffer
-- Loading module axi_r_buffer
-- Loading module axi_b_buffer
-- Loading module axi_write_ctrl
-- Loading module lint64_to_32
-- Loading module axi_read_ctrl
-- Loading module soc_interconnect
-- Loading module interleaved_crossbar
-- Loading module xbar
-- Loading module contiguous_crossbar
-- Loading module tcdm_error_slave
-- Loading module axi_xbar_intf
-- Loading module axi_xbar
-- Loading interface AXI_LITE
-- Loading module axi_to_axi_lite_intf
-- Loading module axi_to_axi_lite
-- Loading module axi_atop_filter
-- Loading module stream_register
-- Loading module axi_burst_splitter
-- Loading module axi_demux
-- Loading module axi_err_slv
-- Loading module counter
-- Loading module delta_counter
-- Loading module axi_burst_splitter_ax_chan
-- Loading module axi_burst_splitter_counters
-- Loading module lzc
-- Importing package cf_math_pkg
-- Loading module id_queue
-- Loading module onehot_to_bin
-- Loading module axi_to_axi_lite_id_reflect
-- Loading module axi_lite_to_apb_intf
-- Loading module axi_lite_to_apb
-- Loading module rr_arb_tree
-- Loading module addr_decode
-- Loading module dmi_jtag
-- Loading module dmi_jtag_tap
-- Loading module cluster_clock_inverter
-- Loading module dmi_cdc
-- Loading module cdc_2phase
-- Loading module cdc_2phase_src
-- Loading module cdc_2phase_dst
-- Loading module dm_top
-- Loading module dm_csrs
-- Loading module dm_sba
-- Loading module dm_mem
-- Loading module jtag_tap_top
-- Loading module tap_top
-- Loading module jtagreg
-- Loading module bscell
-- Loading module lint_jtag_wrap
-- Loading module adbg_lintonly_top
-- Loading module adbg_lint_module
-- Loading module adbg_lint_biu
-- Loading module adbg_crc32
-- Loading module tcdm_arbiter_2x1
-- Loading module apb2per
-- Loading module cluster_domain
-- Loading module pulp_cluster
-- Importing package fpnew_pkg
-- Loading interface hci_core_intf
-- Loading interface XBAR_PERIPH_BUS
-- Loading interface SP_ICACHE_CTRL_UNIT_BUS
-- Loading interface PRI_ICACHE_CTRL_UNIT_BUS
-- Loading interface hci_mem_intf
-- Loading module cluster_bus_wrap
-- Loading module axi2mem_wrap
-- Loading module axi2mem
-- Loading module axi2mem_wr_channel
-- Loading module axi2mem_rd_channel
-- Loading module axi2mem_trans_unit
-- Loading module axi2mem_tcdm_unit
-- Loading module axi2mem_tcdm_synch
-- Loading module axi2mem_busy_unit
-- Loading module axi2per_wrap
-- Loading module axi2per
-- Loading module axi2per_req_channel
-- Loading module axi2per_res_channel
-- Loading module per_demux_wrap
-- Loading module per2axi_wrap
-- Loading module per2axi
-- Loading module per2axi_req_channel
-- Loading module per2axi_res_channel
-- Loading module per2axi_busy_unit
-- Loading module cluster_interconnect_wrap
-- Loading module xbar_pe_wrap
-- Loading module dmac_wrap
-- Loading module mchan
-- Loading module ctrl_unit
-- Loading module trans_allocator
-- Loading module mchan_arbiter
-- Loading module mchan_rr_flag_req
-- Loading module trans_arbiter_wrap
-- Loading module trans_queue
-- Loading module twd_trans_queue
-- Loading module twd_trans_splitter
-- Loading module trans_unpack
-- Loading module ext_unit
-- Loading module ext_tx_if
-- Loading module ext_rx_if
-- Loading module ext_tid_gen
-- Loading module ext_opc_buf
-- Loading module ext_aw_buffer
-- Loading module ext_buffer
-- Loading module ext_ar_buffer
-- Loading module ext_w_buffer
-- Loading module ext_r_buffer
-- Loading module ext_b_buffer
-- Loading module tcdm_unit
-- Loading module tcdm_cmd_unpack
-- Loading module tcdm_synch
-- Loading module trans_unit
-- Loading module trans_buffers
-- Loading module trans_aligner
-- Loading module cluster_peripherals
-- Loading interface MESSAGE_BUS
-- Loading module cluster_control_unit
-- Loading module cluster_timer_wrap
-- Loading module timer_unit
-- Loading module event_unit_top
-- Loading module cluster_event_map
-- Loading module periph_FIFO_id
-- Loading module event_unit_interface_mux
-- Loading module interc_sw_evt_trig
-- Loading module soc_periph_fifo
-- Loading module hw_dispatch
-- Loading module hier_icache_ctrl_unit_wrap
-- Loading module hier_icache_ctrl_unit
-- Loading module shared_fpu_cluster
-- Loading module FPU_clock_gating
-- Loading module icache_hier_top
-- Loading module icache_intc
-- Loading module axi_mux_intf
-- Loading module axi_mux
-- Loading module tcdm_banks_wrap
-- Loading module axi_dw_converter_intf
-- Loading module axi_dw_converter
-- Loading module cluster_clock_gate
-- Loading module tb_clk_gen
-- Loading module tb_fs_handler
-- Loading module tb_fs_handler_debug
-- Loading module sync
-- Loading module udma_ch_addrgen
-- Loading module udma_stream_unit
-- Loading module pulp_clock_gating_async
-- Loading module sdio_crc16
-- Loading module cic_integrator
-- Loading module cic_comb
-- Loading module hyper_arb_primitive
-- Loading module hyperbus_mux_generic
-- Loading module udma_cmd_queue
-- Loading module udma_hyper_reg_if_mulid
-- Loading module udma_hyper_busy
-- Loading module io_generic_fifo_hyper
-- Loading module udma_uart_top
-- Loading module udma_uart_reg_if
-- Loading module udma_uart_tx
-- Loading module udma_uart_rx
-- Loading module udma_spim_top
-- Loading module udma_spim_reg_if
-- Loading module udma_spim_ctrl
-- Loading module udma_spim_txrx
-- Loading module udma_i2c_top
-- Loading module udma_i2c_reg_if
-- Loading module udma_i2c_control
-- Loading module udma_i2c_bus_ctrl
-- Loading module soc_event_queue
-- Loading module riscv_core
-- Loading module riscv_if_stage
-- Loading module riscv_hwloop_controller
-- Loading module riscv_compressed_decoder
-- Loading module riscv_id_stage
-- Loading module register_file_test_wrap
-- Loading module riscv_register_file
-- Loading module riscv_decoder
-- Loading module riscv_controller
-- Loading module riscv_int_controller
-- Loading module riscv_hwloop_regs
-- Loading module riscv_ex_stage
-- Loading module riscv_alu
-- Loading module alu_popcnt
-- Loading module alu_ff
-- Loading module riscv_mult
-- Loading module riscv_load_store_unit
-- Loading module riscv_cs_registers
-- Loading module riscv_tracer
-- Loading module ibex_core_tracing
-- Loading module ibex_core
-- Loading module ibex_if_stage
-- Loading module ibex_compressed_decoder
-- Loading module ibex_id_stage
-- Loading module ibex_decoder
-- Loading module ibex_controller
-- Loading module ibex_ex_block
-- Loading module ibex_alu
-- Loading module ibex_load_store_unit
-- Loading module ibex_wb_stage
-- Loading module ibex_cs_registers
-- Loading module ibex_csr
-- Loading module ibex_counter
-- Loading module ibex_tracer
-- Importing package ibex_tracer_pkg
-- Loading module fc_hwpe
-- Loading module mac_top_wrap
-- Loading interface hwpe_stream_intf_tcdm
-- Loading interface hwpe_ctrl_intf_periph
-- Loading module mac_top
-- Loading interface hwpe_stream_intf_stream
-- Loading module mac_engine
-- Loading module mac_streamer
-- Loading module hwpe_stream_source
-- Loading module hwpe_stream_merge
-- Loading module hwpe_stream_addressgen
-- Loading module hwpe_stream_sink
-- Loading module hwpe_stream_split
-- Loading module hwpe_stream_tcdm_fifo_load
-- Loading module hwpe_stream_fifo
-- Loading module hwpe_stream_tcdm_fifo_store
-- Loading module mac_ctrl
-- Loading module hwpe_ctrl_slave
-- Loading module hwpe_ctrl_regfile
-- Loading module hwpe_ctrl_regfile_latch_test_wrap
-- Loading module hwpe_ctrl_regfile_latch
-- Loading module hwpe_ctrl_uloop
-- Loading module mac_fsm
-- Loading module addr_dec_resp_mux
-- Loading module tcdm_demux
-- Loading module lint2axi_wrap
-- Loading module lint_2_axi
-- Loading module axi_demux_id_counters
-- Loading module fall_through_register
-- Loading module debug_rom
-- Loading module axi2mem_tcdm_rd_if
-- Loading module axi2mem_tcdm_wr_if
-- Loading module stream_demux
-- Loading module stream_mux
-- Loading module hci_interconnect
-- Loading module hci_core_split
-- Loading module hci_core_assign
-- Loading module mchan_arb_primitive
-- Loading module ctrl_if
-- Loading module ctrl_fsm
-- Loading module synch_unit
-- Loading module tcdm_tx_if
-- Loading module tcdm_rx_if
-- Loading module ff1_loop
-- Loading module event_unit_core
-- Loading module fl1_loop
-- Loading module hw_barrier_unit
-- Loading module hw_mutex_unit
-- Loading module fpu_demux
-- Loading module XBAR_FPU
-- Loading module fp_iter_divsqrt_msv_wrapper_2_STAGE
-- Loading module div_sqrt_top_mvp
-- Loading module preprocess_mvp
-- Loading module nrbd_nrsc_mvp
-- Loading module control_mvp
-- Loading module norm_div_sqrt_mvp
-- Loading module fpnew_wrapper
-- Loading module fpnew_top
-- Loading module RoutingBlock_Req_icache_intc
-- Loading module RoutingBlock_Resp_icache_intc
-- Loading module DistributedArbitrationNetwork_Resp_icache_intc
-- Loading module axi_id_prepend
-- Loading module pri_icache
-- Loading module pri_icache_controller
-- Loading module lfsr_8bit
-- Loading module refill_arbiter
-- Loading module share_icache
-- Loading module share_icache_controller
-- Loading module RefillTracker_4
-- Loading module axi_dw_upsizer
-- Loading module core_region
-- Loading interface XBAR_DEMUX_BUS
-- Loading module core_demux
-- Loading module periph_FIFO
-- Loading module periph_demux
-- Loading module hwpe_subsystem
** Warning: /home/dungpc/ndmoney4porche/projects/pulp/rtl/tb/tb_pulp.sv(422): (vopt-13181) Module jtag_dpi is not defined.
** Warning: /home/dungpc/ndmoney4porche/projects/pulp/rtl/tb/tb_pulp.sv(439): (vopt-13181) Module s27ks0641 is not defined.
** Warning: /home/dungpc/ndmoney4porche/projects/pulp/rtl/tb/tb_pulp.sv(459): (vopt-13181) Module s26ks512s is not defined.
** Warning: /home/dungpc/ndmoney4porche/projects/pulp/rtl/tb/tb_pulp.sv(477): (vopt-13181) Module s26ks512s is not defined.
** Warning: /home/dungpc/ndmoney4porche/projects/pulp/rtl/tb/tb_pulp.sv(499): (vopt-13181) Module psram_model is not defined.
** Warning: /home/dungpc/ndmoney4porche/projects/pulp/rtl/tb/tb_pulp.sv(514): (vopt-13181) Module s25fs256s is not defined.
-- Loading module uart_tb_rx
** Warning: /home/dungpc/ndmoney4porche/projects/pulp/rtl/tb/tb_pulp.sv(542): (vopt-13181) Module M24FC1025 is not defined.
** Warning: /home/dungpc/ndmoney4porche/projects/pulp/rtl/tb/tb_pulp.sv(551): (vopt-13181) Module M24FC1025 is not defined.
-- Loading module cam_vip
** Warning: /home/dungpc/ndmoney4porche/projects/pulp/rtl/tb/tb_pulp.sv(582): (vopt-13181) Module i2s_vip is not defined.
** Warning: /home/dungpc/ndmoney4porche/projects/pulp/rtl/tb/tb_pulp.sv(598): (vopt-13181) Module i2s_vip is not defined.
** Warning: /home/dungpc/ndmoney4porche/projects/pulp/rtl/tb/tb_pulp.sv(613): (vopt-13181) Module i2s_vip is not defined.
** Warning: /home/dungpc/ndmoney4porche/projects/pulp/rtl/tb/tb_pulp.sv(629): (vopt-13181) Module i2s_vip is not defined.
-- Loading module riscv_prefetch_buffer
-- Loading module riscv_fetch_fifo
-- Loading module riscv_alu_div
-- Loading module riscv_apu_disp
-- Loading module riscv_pmp
-- Loading module ibex_prefetch_buffer
-- Loading module ibex_fetch_fifo
-- Loading module ibex_multdiv_slow
-- Loading module ibex_multdiv_fast
-- Loading module ibex_register_file_ff
-- Loading module hwpe_stream_source_realign
-- Loading module hwpe_stream_fence
-- Loading module hwpe_stream_sink_realign
-- Loading module hci_log_interconnect
-- Importing package tcdm_interconnect_pkg
-- Loading module tcdm_interconnect
-- Loading module hci_hwpe_interconnect
-- Loading module hwpe_stream_tcdm_reorder
-- Loading module hci_shallow_interconnect
-- Loading module hci_mem_assign
-- Loading module RequestBlock_FPU
-- Loading module AddressDecoder_Resp_FPU
-- Loading module ResponseBlock_FPU
-- Loading module AddressDecoder_Req_FPU
-- Loading module optimal_alloc
-- Loading module iteration_div_sqrt_mvp
-- Loading module fpnew_opgroup_block
-- Loading module DistributedArbitrationNetwork_Req_icache_intc
-- Loading module Resp_Arb_Node_icache_intc
-- Loading module register_file_1w_multi_port_read_test_wrap
-- Loading module register_file_1w_multi_port_read
-- Loading module register_file_1r_1w_test_wrap
-- Loading module register_file_1r_1w
-- Loading module ram_ws_rs_data_scm
-- Loading module ram_ws_rs_tag_scm
-- Loading module obi_pulp_adapter
-- Loading module datamover_top
-- Loading module datamover_streamer
-- Loading module hci_core_source
-- Loading module hwpe_stream_addressgen_v3
-- Loading module hci_core_sink
-- Loading module hci_core_r_valid_filter
-- Loading module datamover_engine
-- Loading module ArbitrationTree_FPU
-- Loading module RR_Flag_Req_FPU
-- Loading module LFSR_FPU
-- Loading module ResponseTree_FPU
-- Loading module fpnew_opgroup_fmt_slice
-- Loading module fpnew_opgroup_multifmt_slice
-- Loading module Req_Arb_Node_icache_intc
-- Loading module hci_core_mux_dynamic
-- Loading module FanInPrimitive_Req_FPU
-- Loading module FanInPrimitive_Resp_FPU
-- Loading module fpnew_fma
-- Loading module fpnew_classifier
-- Loading module fpnew_rounding
-- Loading module fpnew_fma_multi
-- Loading module fpnew_divsqrt_multi
-- Loading module fpnew_noncomp
-- Loading module fpnew_cast_multi
Optimizing 1460 design-units (inlining 0/11010 module instances, 0/93 architecture instances):
-- Optimizing architecture rtl of FLL_digital
-- Optimizing architecture rtl of FLL_glitchfree_clkdiv
-- Optimizing architecture rtl of FLL_clk_divider
-- Optimizing architecture rtl of FLL_loop_filter
-- Optimizing architecture rtl of FLL_zerodelta
-- Optimizing architecture rtl of FLL_settling_monitor
-- Optimizing architecture behavioral of gf22_DCO
-- Optimizing architecture rtl of FLL_clk_period_quantizer
-- Optimizing architecture rtl of FLL_glitchfree_clkmux
-- Optimizing architecture rtl of FLL_dither_pattern_gen
-- Optimizing architecture rtl of FLL_synchroedge
-- Optimizing architecture rtl of FLL_reg
-- Optimizing package FLLPkg
-- Optimizing package body FLLPkg
-- Optimizing architecture rtl of FLL_clock_gated
-- Optimizing architecture rtl of FLL_mux
-- Optimizing architecture behavioral of gf22_FLL
-- Optimizing module cluster_control_unit(fast)
-- Optimizing module lzc(fast__15)
-- Optimizing module udma_uart_reg_if(fast)
-- Optimizing module periph_bus_wrap(fast)
-- Optimizing module udma_sdio_reg_if(fast)
-- Optimizing module ibex_compressed_decoder(fast)
-- Optimizing module udma_hyper_reg_if_mulid(fast)
-- Optimizing module twd_trans_splitter(fast)
-- Optimizing module sdio_txrx_cmd(fast)
-- Optimizing module cdc_fifo_gray_hyper(fast)
-- Optimizing module alu_popcnt(fast)
-- Optimizing module per2axi(fast)
-- Optimizing module lzc(fast__1)
-- Optimizing module trans_queue(fast)
-- Optimizing module axi_atop_filter(fast)
-- Optimizing module axi_atop_filter(fast__1)
-- Optimizing module axi_atop_filter(fast__2)
-- Optimizing module axi_atop_filter(fast__3)
-- Optimizing module axi_atop_filter(fast__4)
-- Optimizing module axi_atop_filter(fast__5)
-- Optimizing module axi_atop_filter(fast__6)
-- Optimizing module axi_atop_filter(fast__7)
-- Optimizing module axi_atop_filter(fast__8)
-- Optimizing module axi_atop_filter(fast__9)
-- Optimizing module axi_atop_filter(fast__10)
-- Optimizing module axi_atop_filter(fast__11)
-- Optimizing module axi_atop_filter(fast__12)
-- Optimizing module axi_atop_filter(fast__13)
-- Optimizing module axi_atop_filter(fast__14)
-- Optimizing module tc_sram(fast)
-- Optimizing module tc_sram(fast__1)
-- Optimizing module dmi_jtag_tap(fast)
-- Optimizing module tc_sram(fast__2)
-- Optimizing module twd_trans_queue(fast)
-- Optimizing module fpnew_opgroup_fmt_slice(fast)
-- Optimizing module fpnew_opgroup_fmt_slice(fast__1)
** Warning: /home/dungpc/ndmoney4porche/projects/pulp/.bender/git/checkouts/fpnew-3f06cec0e0e04d73/src/fpnew_opgroup_fmt_slice.sv(95): (vopt-2697) MSB of part-select into 'operands_i' is out of bounds.
-- Optimizing module fpnew_opgroup_fmt_slice(fast__2)
-- Optimizing module fpnew_opgroup_fmt_slice(fast__3)
-- Optimizing module fpnew_opgroup_fmt_slice(fast__4)
-- Optimizing module fpnew_opgroup_fmt_slice(fast__5)
-- Optimizing module fpnew_opgroup_fmt_slice(fast__6)
** Warning: /home/dungpc/ndmoney4porche/projects/pulp/.bender/git/checkouts/fpnew-3f06cec0e0e04d73/src/fpnew_opgroup_fmt_slice.sv(95): (vopt-2697) MSB of part-select into 'operands_i' is out of bounds.
-- Optimizing module fpnew_opgroup_fmt_slice(fast__7)
-- Optimizing module fpnew_opgroup_fmt_slice(fast__8)
-- Optimizing module fpnew_opgroup_fmt_slice(fast__9)
-- Optimizing module fpnew_opgroup_fmt_slice(fast__10)
-- Optimizing module fpnew_opgroup_fmt_slice(fast__11)
** Warning: /home/dungpc/ndmoney4porche/projects/pulp/.bender/git/checkouts/fpnew-3f06cec0e0e04d73/src/fpnew_opgroup_fmt_slice.sv(95): (vopt-2697) MSB of part-select into 'operands_i' is out of bounds.
-- Optimizing module fpnew_opgroup_fmt_slice(fast__12)
-- Optimizing module fpnew_opgroup_fmt_slice(fast__13)
-- Optimizing module fpnew_opgroup_fmt_slice(fast__14)
-- Optimizing module fpnew_opgroup_fmt_slice(fast__15)
-- Optimizing module fpnew_opgroup_fmt_slice(fast__16)
** Warning: /home/dungpc/ndmoney4porche/projects/pulp/.bender/git/checkouts/fpnew-3f06cec0e0e04d73/src/fpnew_opgroup_fmt_slice.sv(95): (vopt-2697) MSB of part-select into 'operands_i' is out of bounds.
-- Optimizing module fpnew_opgroup_fmt_slice(fast__17)
-- Optimizing module fpnew_opgroup_fmt_slice(fast__18)
-- Optimizing module fpnew_opgroup_fmt_slice(fast__19)
-- Optimizing module fpnew_opgroup_fmt_slice(fast__20)
-- Optimizing module fpnew_opgroup_fmt_slice(fast__21)
** Warning: /home/dungpc/ndmoney4porche/projects/pulp/.bender/git/checkouts/fpnew-3f06cec0e0e04d73/src/fpnew_opgroup_fmt_slice.sv(95): (vopt-2697) MSB of part-select into 'operands_i' is out of bounds.
-- Optimizing module fpnew_opgroup_fmt_slice(fast__22)
-- Optimizing module fpnew_opgroup_fmt_slice(fast__23)
-- Optimizing module fpnew_opgroup_fmt_slice(fast__24)
-- Optimizing module fpnew_opgroup_fmt_slice(fast__25)
-- Optimizing module fpnew_opgroup_fmt_slice(fast__26)
** Warning: /home/dungpc/ndmoney4porche/projects/pulp/.bender/git/checkouts/fpnew-3f06cec0e0e04d73/src/fpnew_opgroup_fmt_slice.sv(95): (vopt-2697) MSB of part-select into 'operands_i' is out of bounds.
-- Optimizing module fpnew_opgroup_fmt_slice(fast__27)
-- Optimizing module fpnew_opgroup_fmt_slice(fast__28)
-- Optimizing module fpnew_opgroup_fmt_slice(fast__29)
-- Optimizing module fpnew_opgroup_fmt_slice(fast__30)
-- Optimizing module fpnew_opgroup_fmt_slice(fast__31)
** Warning: /home/dungpc/ndmoney4porche/projects/pulp/.bender/git/checkouts/fpnew-3f06cec0e0e04d73/src/fpnew_opgroup_fmt_slice.sv(95): (vopt-2697) MSB of part-select into 'operands_i' is out of bounds.
-- Optimizing module fpnew_opgroup_fmt_slice(fast__32)
-- Optimizing module fpnew_opgroup_fmt_slice(fast__33)
-- Optimizing module fpnew_opgroup_fmt_slice(fast__34)
-- Optimizing module fpnew_opgroup_fmt_slice(fast__35)
-- Optimizing module fpnew_opgroup_fmt_slice(fast__36)
** Warning: /home/dungpc/ndmoney4porche/projects/pulp/.bender/git/checkouts/fpnew-3f06cec0e0e04d73/src/fpnew_opgroup_fmt_slice.sv(95): (vopt-2697) MSB of part-select into 'operands_i' is out of bounds.
-- Optimizing module fpnew_opgroup_fmt_slice(fast__37)
-- Optimizing module fpnew_opgroup_fmt_slice(fast__38)
-- Optimizing module fpnew_opgroup_fmt_slice(fast__39)
-- Optimizing module apb_interrupt_cntrl(fast)
-- Optimizing module udma_ch_addrgen(fast)
-- Optimizing module axi_write_ctrl(fast)
-- Optimizing module synch_unit(fast)
-- Optimizing module synch_unit(fast__1)
-- Optimizing module synch_unit(fast__2)
-- Optimizing module synch_unit(fast__3)
-- Optimizing module synch_unit(fast__4)
-- Optimizing module synch_unit(fast__5)
-- Optimizing module synch_unit(fast__6)
-- Optimizing module synch_unit(fast__7)
-- Optimizing module synch_unit(fast__8)
-- Optimizing module synch_unit(fast__9)
-- Optimizing module synch_unit(fast__10)
-- Optimizing module synch_unit(fast__11)
-- Optimizing module synch_unit(fast__12)
-- Optimizing module synch_unit(fast__13)
-- Optimizing module synch_unit(fast__14)
-- Optimizing module synch_unit(fast__15)
-- Optimizing module riscv_if_stage(fast)
-- Optimizing module rr_arb_tree(fast__68)
-- Optimizing module udma_filter_reg_if(fast)
-- Optimizing module dm_mem(fast)
-- Optimizing module hwpe_ctrl_slave(fast)
-- Optimizing module hwpe_ctrl_slave(fast__1)
-- Optimizing module pad_control(fast)
-- Optimizing module axi_demux(fast__9)
-- Optimizing module axi_demux(fast__14)
-- Optimizing module hwpe_ctrl_uloop(fast)
-- Optimizing module udma_spim_txrx(fast)
-- Optimizing module adbg_lint_module(fast)
-- Optimizing module rr_arb_tree(fast)
-- Optimizing module rr_arb_tree(fast__32)
-- Optimizing module rr_arb_tree(fast__33)
-- Optimizing module rr_arb_tree(fast__34)
-- Optimizing module rr_arb_tree(fast__35)
-- Optimizing module rr_arb_tree(fast__36)
-- Optimizing module rr_arb_tree(fast__37)
-- Optimizing module rr_arb_tree(fast__38)
-- Optimizing module rr_arb_tree(fast__39)
-- Optimizing module rr_arb_tree(fast__40)
-- Optimizing module rr_arb_tree(fast__41)
-- Optimizing module rr_arb_tree(fast__42)
-- Optimizing module rr_arb_tree(fast__43)
-- Optimizing module rr_arb_tree(fast__44)
-- Optimizing module rr_arb_tree(fast__45)
-- Optimizing module rr_arb_tree(fast__49)
-- Optimizing module rr_arb_tree(fast__54)
-- Optimizing module rr_arb_tree(fast__59)
-- Optimizing module rr_arb_tree(fast__64)
-- Optimizing module rr_arb_tree(fast__7)
-- Optimizing module rr_arb_tree(fast__8)
-- Optimizing module rr_arb_tree(fast__9)
-- Optimizing module rr_arb_tree(fast__10)
-- Optimizing module rr_arb_tree(fast__11)
-- Optimizing module rr_arb_tree(fast__12)
-- Optimizing module rr_arb_tree(fast__13)
-- Optimizing module rr_arb_tree(fast__14)
-- Optimizing module rr_arb_tree(fast__15)
-- Optimizing module rr_arb_tree(fast__16)
-- Optimizing module rr_arb_tree(fast__17)
-- Optimizing module rr_arb_tree(fast__18)
-- Optimizing module rr_arb_tree(fast__19)
-- Optimizing module rr_arb_tree(fast__20)
-- Optimizing module rr_arb_tree(fast__21)
-- Optimizing module rr_arb_tree(fast__22)
-- Optimizing module rr_arb_tree(fast__23)
-- Optimizing module rr_arb_tree(fast__24)
-- Optimizing module fpnew_divsqrt_multi(fast)
-- Optimizing module fpnew_divsqrt_multi(fast__1)
-- Optimizing module riscv_core(fast)
-- Optimizing module riscv_core(fast__1)
-- Optimizing module ibex_load_store_unit(fast)
-- Optimizing module ibex_load_store_unit(fast__1)
-- Optimizing module lzc(fast__13)
-- Optimizing module hci_core_split(fast)
-- Optimizing module rr_arb_tree(fast__29)
-- Optimizing module rr_arb_tree(fast__30)
-- Optimizing module rr_arb_tree(fast__31)
-- Optimizing module rr_arb_tree(fast__72)
-- Optimizing module rr_arb_tree(fast__74)
-- Optimizing module rr_arb_tree(fast__75)
-- Optimizing module rr_arb_tree(fast__71)
-- Optimizing module rr_arb_tree(fast__73)
-- Optimizing module share_icache(fast)
-- Optimizing module axi_mux(fast__2)
-- Optimizing module axi_mux(fast__3)
-- Optimizing module axi_mux(fast__4)
-- Optimizing module riscv_alu_div(fast)
-- Optimizing module trans_arbiter_wrap(fast)
-- Optimizing module hci_core_mux_dynamic(fast)
-- Optimizing module lzc(fast__5)
-- Optimizing module hwpe_stream_addressgen(fast)
-- Optimizing module hwpe_stream_addressgen(fast__1)
-- Optimizing module norm_div_sqrt_mvp(fast)
-- Optimizing module hwpe_stream_source(fast)
-- Optimizing module ibex_prefetch_buffer(fast)
-- Optimizing module riscv_if_stage(fast__1)
-- Optimizing module riscv_fetch_fifo(fast)
-- Optimizing module udma_filter_au(fast)
-- Optimizing module ctrl_if(fast)
-- Optimizing module hwpe_stream_sink_realign(fast)
-- Optimizing module axi2per(fast)
-- Optimizing module axi_id_prepend(fast)
-- Optimizing module axi_id_prepend(fast__1)
-- Optimizing module axi_id_prepend(fast__2)
-- Optimizing module axi_id_prepend(fast__3)
-- Optimizing module axi_id_prepend(fast__4)
-- Optimizing module axi_id_prepend(fast__5)
-- Optimizing module axi_id_prepend(fast__6)
-- Optimizing module axi_id_prepend(fast__7)
-- Optimizing module axi_id_prepend(fast__8)
-- Optimizing module axi_id_prepend(fast__9)
-- Optimizing module axi_id_prepend(fast__10)
-- Optimizing module axi_id_prepend(fast__11)
-- Optimizing module axi_id_prepend(fast__12)
-- Optimizing module axi_id_prepend(fast__13)
-- Optimizing module axi_id_prepend(fast__14)
-- Optimizing module axi_id_prepend(fast__15)
-- Optimizing module axi_id_prepend(fast__16)
-- Optimizing module axi_id_prepend(fast__17)
-- Optimizing module axi_id_prepend(fast__18)
-- Optimizing module axi_id_prepend(fast__19)
-- Optimizing module axi_id_prepend(fast__20)
-- Optimizing module axi_id_prepend(fast__21)
-- Optimizing module axi_id_prepend(fast__22)
-- Optimizing module axi_id_prepend(fast__23)
-- Optimizing module axi_id_prepend(fast__24)
-- Optimizing module axi_id_prepend(fast__25)
-- Optimizing module axi_id_prepend(fast__26)
-- Optimizing module axi_id_prepend(fast__27)
-- Optimizing module axi_id_prepend(fast__28)
-- Optimizing module axi_id_prepend(fast__29)
-- Optimizing module axi_id_prepend(fast__30)
-- Optimizing module axi_id_prepend(fast__31)
-- Optimizing module axi_id_prepend(fast__32)
-- Optimizing module axi_id_prepend(fast__33)
-- Optimizing module axi_id_prepend(fast__34)
-- Optimizing module axi_id_prepend(fast__35)
-- Optimizing module axi_id_prepend(fast__36)
-- Optimizing module axi_id_prepend(fast__37)
-- Optimizing module riscv_compressed_decoder(fast)
-- Optimizing module riscv_compressed_decoder(fast__1)
-- Optimizing module axi_lite_to_apb(fast)
-- Optimizing module udma_core(fast)
-- Optimizing module axi_mux(fast)
-- Optimizing module axi_mux(fast__1)
-- Optimizing module soc_interconnect_wrap(fast)
-- Optimizing module udma_spim_ctrl(fast)
-- Optimizing module xbar(fast__1)
-- Optimizing module fpnew_opgroup_multifmt_slice(fast__3)
-- Optimizing module fpnew_opgroup_multifmt_slice(fast__7)
-- Optimizing module fpnew_noncomp(fast)
-- Optimizing module fpnew_noncomp(fast__1)
-- Optimizing module fpnew_noncomp(fast__2)
-- Optimizing module fpnew_noncomp(fast__3)
-- Optimizing module fpnew_noncomp(fast__4)
-- Optimizing module fpnew_noncomp(fast__5)
-- Optimizing module fpnew_noncomp(fast__6)
-- Optimizing module fpnew_noncomp(fast__7)
-- Optimizing module fpnew_noncomp(fast__8)
-- Optimizing module fpnew_noncomp(fast__9)
-- Optimizing module axi_dw_upsizer(fast)
-- Optimizing module tb_pulp(fast)
-- Optimizing module udma_hyperbus_mulid(fast)
-- Optimizing module axi_mux(fast__5)
-- Optimizing module fpnew_opgroup_multifmt_slice(fast)
-- Optimizing module fpnew_opgroup_multifmt_slice(fast__1)
-- Optimizing module fpnew_opgroup_multifmt_slice(fast__2)
-- Optimizing module fpnew_opgroup_multifmt_slice(fast__4)
-- Optimizing module fpnew_opgroup_multifmt_slice(fast__5)
-- Optimizing module fpnew_opgroup_multifmt_slice(fast__6)
-- Optimizing module hyperbus_phy(fast)
-- Optimizing module pulp(fast)
-- Optimizing module sdio_txrx_data(fast)
-- Optimizing module rr_arb_tree(fast__69)
-- Optimizing module rr_arb_tree(fast__70)
-- Optimizing module event_unit_core(fast)
-- Optimizing module tcdm_banks_wrap(fast)
-- Optimizing module axi_demux(fast__10)
-- Optimizing module axi_demux(fast__11)
-- Optimizing module axi_demux(fast__12)
-- Optimizing module axi_demux(fast__13)
-- Optimizing module ibex_multdiv_fast(fast)
-- Optimizing module ibex_if_stage(fast)
-- Optimizing module axi_demux(fast)
-- Optimizing module axi_demux(fast__1)
-- Optimizing module axi_demux(fast__2)
-- Optimizing module axi_demux(fast__3)
-- Optimizing module axi_demux(fast__4)
-- Optimizing module axi_demux(fast__5)
-- Optimizing module axi_demux(fast__6)
-- Optimizing module axi_demux(fast__7)
-- Optimizing module axi_demux(fast__8)
-- Optimizing module rr_arb_tree(fast__1)
-- Optimizing module rr_arb_tree(fast__2)
-- Optimizing module rr_arb_tree(fast__3)
-- Optimizing module rr_arb_tree(fast__4)
-- Optimizing module rr_arb_tree(fast__50)
-- Optimizing module rr_arb_tree(fast__51)
-- Optimizing module rr_arb_tree(fast__52)
-- Optimizing module rr_arb_tree(fast__53)
-- Optimizing module rr_arb_tree(fast__55)
-- Optimizing module rr_arb_tree(fast__56)
-- Optimizing module rr_arb_tree(fast__57)
-- Optimizing module rr_arb_tree(fast__58)
-- Optimizing module rr_arb_tree(fast__60)
-- Optimizing module rr_arb_tree(fast__61)
-- Optimizing module rr_arb_tree(fast__62)
-- Optimizing module rr_arb_tree(fast__63)
-- Optimizing module rr_arb_tree(fast__65)
-- Optimizing module rr_arb_tree(fast__66)
-- Optimizing module rr_arb_tree(fast__67)
-- Optimizing module fpnew_fma(fast)
-- Optimizing module fpnew_fma(fast__1)
-- Optimizing module fpnew_fma(fast__2)
-- Optimizing module fpnew_fma(fast__3)
-- Optimizing module fpnew_fma(fast__4)
-- Optimizing module fpnew_fma(fast__5)
-- Optimizing module fpnew_fma(fast__6)
-- Optimizing module fpnew_fma(fast__7)
-- Optimizing module fpnew_fma(fast__8)
-- Optimizing module fpnew_fma(fast__9)
-- Optimizing module ibex_core(fast)
-- Optimizing module axi_xbar(fast__1)
-- Optimizing module hci_log_interconnect(fast)
-- Optimizing module interleaved_crossbar(fast)
-- Optimizing module ibex_id_stage(fast)
-- Optimizing module ibex_id_stage(fast__1)
-- Optimizing module udma_tx_channels(fast)
-- Optimizing module share_icache_controller(fast)
-- Optimizing module rr_arb_tree(fast__48)
-- Optimizing module hier_icache_ctrl_unit_wrap(fast)
-- Optimizing module riscv_register_file(fast__1)
-- Optimizing module pri_icache_controller(fast)
-- Optimizing module adv_timer_apb_if(fast)
-- Optimizing module xbar(fast)
-- Optimizing module hwpe_ctrl_regfile(fast)
-- Optimizing module lzc(fast__8)
-- Optimizing module lzc(fast__4)
-- Optimizing module dm_csrs(fast)
-- Optimizing module contiguous_crossbar(fast)
-- Optimizing module hwpe_ctrl_regfile(fast__1)
-- Optimizing module lzc(fast__14)
-- Optimizing module lzc(fast__6)
-- Optimizing module cluster_bus_wrap(fast)
-- Optimizing module ibex_controller(fast)
-- Optimizing module ibex_controller(fast__1)
-- Optimizing module tcdm_interconnect(fast__1)
-- Optimizing module riscv_controller(fast)
-- Optimizing module riscv_controller(fast__1)
-- Optimizing module alu_ff(fast)
-- Optimizing module XBAR_FPU(fast__1)
-- Optimizing module rr_arb_tree(fast__47)
-- Optimizing module trans_aligner(fast)
-- Optimizing module rr_arb_tree(fast__5)
-- Optimizing module ibex_decoder(fast)
-- Optimizing module ibex_decoder(fast__1)
-- Optimizing module ctrl_fsm(fast)
-- Optimizing module dmac_wrap(fast)
-- Optimizing module apb_soc_ctrl(fast)
-- Optimizing module tcdm_interconnect(fast)
-- Optimizing module rr_arb_tree(fast__6)
-- Optimizing module rr_arb_tree(fast__25)
-- Optimizing module rr_arb_tree(fast__26)
-- Optimizing module rr_arb_tree(fast__27)
-- Optimizing module rr_arb_tree(fast__28)
-- Optimizing module rr_arb_tree(fast__46)
-- Optimizing module lzc(fast__9)
-- Optimizing module fifo_v3(fast__9)
-- Optimizing module fifo_v3(fast__10)
-- Optimizing module fifo_v3(fast__11)
-- Optimizing module fifo_v3(fast__12)
-- Optimizing module fifo_v3(fast__13)
-- Optimizing module fifo_v3(fast__14)
-- Optimizing module fifo_v3(fast__15)
-- Optimizing module fifo_v3(fast__16)
-- Optimizing module fifo_v3(fast__17)
-- Optimizing module fifo_v3(fast__18)
-- Optimizing module fifo_v3(fast__19)
-- Optimizing module fifo_v3(fast__20)
-- Optimizing module fifo_v3(fast__21)
-- Optimizing module fifo_v3(fast__22)
-- Optimizing module fifo_v3(fast__23)
-- Optimizing module fifo_v3(fast__24)
-- Optimizing module fifo_v3(fast__25)
-- Optimizing module fifo_v3(fast__26)
-- Optimizing module fifo_v3(fast__27)
-- Optimizing module fifo_v3(fast__28)
-- Optimizing module fifo_v3(fast__29)
-- Optimizing module fifo_v3(fast__30)
-- Optimizing module fifo_v3(fast__31)
-- Optimizing module fifo_v3(fast__32)
-- Optimizing module fifo_v3(fast__33)
-- Optimizing module fifo_v3(fast__34)
-- Optimizing module fifo_v3(fast__35)
-- Optimizing module fifo_v3(fast__36)
-- Optimizing module fifo_v3(fast__37)
-- Optimizing module fifo_v3(fast__38)
-- Optimizing module fifo_v3(fast__39)
-- Optimizing module fifo_v3(fast__40)
-- Optimizing module fifo_v3(fast__41)
-- Optimizing module fifo_v3(fast__42)
-- Optimizing module fifo_v3(fast__43)
-- Optimizing module fifo_v3(fast__44)
-- Optimizing module fifo_v3(fast__45)
-- Optimizing module udma_rxbuffer(fast)
-- Optimizing module pdm_top(fast)
-- Optimizing module DistributedArbitrationNetwork_Resp_icache_intc(fast)
-- Optimizing module udma_uart_tx(fast)
-- Optimizing module ibex_wb_stage(fast)
-- Optimizing module ibex_wb_stage(fast__1)
-- Optimizing module register_file_1r_1w(fast)
-- Optimizing module register_file_1r_1w(fast__1)
-- Optimizing module ext_tid_gen(fast)
-- Optimizing module axi_burst_splitter_counters(fast)
-- Optimizing module udma_cfg_outbuff(fast)
-- Optimizing module i2s_clkws_gen(fast)
-- Optimizing module tcdm_tx_if(fast)
-- Optimizing module tcdm_arbiter_2x1(fast)
-- Optimizing module udma_hyper_reg_if_common(fast)
-- Optimizing module adbg_crc32(fast)
-- Optimizing module dc_token_ring_fifo_dout_hyper(fast)
-- Optimizing module dmi_jtag(fast)
-- Optimizing module axi_err_slv(fast)
-- Optimizing module axi_err_slv(fast__1)
-- Optimizing module axi_err_slv(fast__2)
-- Optimizing module axi_err_slv(fast__3)
-- Optimizing module axi_err_slv(fast__4)
-- Optimizing module axi_err_slv(fast__5)
-- Optimizing module axi_err_slv(fast__6)
-- Optimizing module axi_err_slv(fast__7)
-- Optimizing module axi_err_slv(fast__8)
-- Optimizing module axi_err_slv(fast__9)
-- Optimizing module axi_err_slv(fast__10)
-- Optimizing module axi_err_slv(fast__11)
-- Optimizing module axi_err_slv(fast__12)
-- Optimizing module axi_err_slv(fast__13)
-- Optimizing module axi_err_slv(fast__14)
-- Optimizing module tcdm_demux(fast__1)
-- Optimizing module udma_i2c_top(fast)
-- Optimizing module tcdm_cmd_unpack(fast)
-- Optimizing module udma_uart_rx(fast)
-- Optimizing module axi_lite_to_apb_intf(fast)
-- Optimizing module varcic(fast)
-- Optimizing module axi_demux_id_counters(fast)
-- Optimizing module ext_rx_if(fast)
-- Optimizing module addr_dec_resp_mux(fast)
-- Optimizing module addr_dec_resp_mux(fast__1)
-- Optimizing module lzc(fast__11)
-- Optimizing module cam_vip(fast)
-- Optimizing module udma_arbiter(fast)
-- Optimizing module udma_arbiter(fast__1)
-- Optimizing module udma_i2s_top(fast)
-- Optimizing module lzc(fast__12)
-- Optimizing module lzc(fast__16)
-- Optimizing module fp_iter_divsqrt_msv_wrapper_2_STAGE(fast)
-- Optimizing module datamover_top(fast)
-- Optimizing module sdio_txrx(fast)
-- Optimizing module fpnew_classifier(fast__5)
-- Optimizing module fpnew_classifier(fast__6)
-- Optimizing module fpnew_classifier(fast__7)
-- Optimizing module fpnew_classifier(fast__8)
-- Optimizing module fpnew_classifier(fast__9)
-- Optimizing module jtagreg(fast)
-- Optimizing module cdc_fifo_gray_src(fast)
-- Optimizing module cdc_fifo_gray_src(fast__1)
-- Optimizing module cdc_fifo_gray_src(fast__2)
-- Optimizing module cdc_fifo_gray_src(fast__3)
-- Optimizing module cdc_fifo_gray_src(fast__4)
-- Optimizing module cdc_fifo_gray_src(fast__6)
-- Optimizing module cdc_fifo_gray_src(fast__8)
-- Optimizing module cdc_fifo_gray_src(fast__9)
-- Optimizing module cdc_fifo_gray_src(fast__10)
-- Optimizing module cdc_fifo_gray_src(fast__11)
-- Optimizing module hyper_arbiter(fast)
-- Optimizing module udma_spim_top(fast)
-- Optimizing module fc_subsystem(fast)
-- Optimizing module fpnew_classifier(fast)
-- Optimizing module fpnew_classifier(fast__1)
-- Optimizing module fpnew_classifier(fast__2)
-- Optimizing module fpnew_classifier(fast__3)
-- Optimizing module fpnew_classifier(fast__4)
-- Optimizing module soc_domain(fast)
-- Optimizing module hci_interconnect(fast__1)
-- Optimizing module udma_filter_rx_dataout(fast)
-- Optimizing module lint64_to_32(fast)
-- Optimizing module l2_ram_multi_bank(fast)
-- Optimizing module axi2mem_wrap(fast)
-- Optimizing module udma_stream_unit(fast)
-- Optimizing module DistributedArbitrationNetwork_Req_icache_intc(fast)
-- Optimizing module cluster_domain(fast)
-- Optimizing module tcdm_demux(fast)
-- Optimizing module hci_interconnect(fast)
-- Optimizing module ext_tx_if(fast)
-- Optimizing module hwpe_stream_fifo(fast)
-- Optimizing module hwpe_stream_fifo(fast__1)
-- Optimizing module hwpe_stream_fifo(fast__2)
-- Optimizing module hwpe_stream_fifo(fast__3)
-- Optimizing module hwpe_stream_fifo(fast__4)
-- Optimizing module axi2mem_tcdm_unit(fast)
-- Optimizing module hwpe_stream_fifo(fast__5)
-- Optimizing module hwpe_stream_fifo(fast__6)
-- Optimizing module hwpe_stream_fifo(fast__7)
-- Optimizing module hwpe_stream_fifo(fast__8)
-- Optimizing module hwpe_stream_sink(fast)
-- Optimizing module fpu_demux(fast)
-- Optimizing module hci_core_source(fast)
-- Optimizing module axi64_2_lint32_wrap(fast)
-- Optimizing module riscv_register_file(fast)
-- Optimizing module mac_top_wrap(fast)
-- Optimizing module lzc(fast)
-- Optimizing module hci_core_sink(fast)
-- Optimizing module axi2mem_wr_channel(fast)
-- Optimizing module axi2mem_rd_channel(fast)
-- Optimizing module udma_uart_top(fast)
-- Optimizing module onehot_to_bin(fast__2)
-- Optimizing module onehot_to_bin_hyper(fast)
-- Optimizing module lzc(fast__10)
-- Optimizing module fc_hwpe(fast)
-- Optimizing module RequestBlock_FPU(fast)
-- Optimizing module RequestBlock_FPU(fast__1)
-- Optimizing module soc_event_arbiter(fast)
-- Optimizing module register_file_1w_multi_port_read(fast)
-- Optimizing module dmi_cdc(fast)
-- Optimizing module timer_unit(fast)
-- Optimizing module cluster_peripherals(fast)
-- Optimizing module ext_unit(fast)
-- Optimizing module udma_i2c_bus_ctrl(fast)
-- Optimizing module udma_i2c_control(fast)
-- Optimizing module axi_dw_converter_intf(fast)
-- Optimizing module udma_i2s_reg_if(fast)
-- Optimizing module riscv_mult(fast)
-- Optimizing module soc_peripherals(fast)
-- Optimizing module id_queue(fast)
-- Optimizing module udma_filter(fast)
-- Optimizing module fpnew_top(fast)
-- Optimizing module axi_burst_splitter(fast)
-- Optimizing module fpnew_top(fast__1)
-- Optimizing module fpnew_top(fast__2)
-- Optimizing module fpnew_top(fast__3)
-- Optimizing module fpnew_top(fast__4)
-- Optimizing module apb_node_wrap(fast)
-- Optimizing module interc_sw_evt_trig(fast)
-- Optimizing module apb_timer_unit(fast)
-- Optimizing module adbg_lint_biu(fast)
-- Optimizing module udma_hyper_ctrl(fast)
-- Optimizing module hyper_unpack(fast)
-- Optimizing module XBAR_FPU(fast)
-- Optimizing module hyper_twd_trans_spliter(fast)
-- Optimizing module riscv_load_store_unit(fast)
-- Optimizing module preprocess_mvp(fast)
-- Optimizing module core_demux(fast)
-- Optimizing module ibex_fetch_fifo(fast)
-- Optimizing module axi_read_ctrl(fast)
-- Optimizing module riscv_ex_stage(fast)
-- Optimizing module riscv_ex_stage(fast__1)
-- Optimizing module hw_barrier_unit(fast)
-- Optimizing module hwpe_stream_source_realign(fast)
-- Optimizing module camera_if(fast)
-- Optimizing module ibex_multdiv_slow(fast)
-- Optimizing module tcdm_unit(fast)
-- Optimizing module tap_top(fast)
-- Optimizing module cluster_event_map(fast)
-- Optimizing module trans_unpack(fast)
-- Optimizing module ArbitrationTree_FPU(fast)
-- Optimizing module ArbitrationTree_FPU(fast__1)
-- Optimizing module onehot_to_bin(fast__1)
-- Optimizing module mac_engine(fast)
-- Optimizing module axi64_2_lint32(fast)
-- Optimizing module mac_fsm(fast)
-- Optimizing module fpnew_opgroup_block(fast)
-- Optimizing module fpnew_opgroup_block(fast__1)
-- Optimizing module fpnew_opgroup_block(fast__2)
-- Optimizing module fpnew_opgroup_block(fast__3)
-- Optimizing module fpnew_opgroup_block(fast__4)
-- Optimizing module fpnew_opgroup_block(fast__5)
-- Optimizing module fpnew_opgroup_block(fast__6)
-- Optimizing module fpnew_opgroup_block(fast__7)
-- Optimizing module fpnew_opgroup_block(fast__8)
-- Optimizing module fpnew_opgroup_block(fast__9)
-- Optimizing module fpnew_opgroup_block(fast__10)
-- Optimizing module fpnew_opgroup_block(fast__11)
-- Optimizing module fpnew_opgroup_block(fast__12)
-- Optimizing module fpnew_opgroup_block(fast__13)
-- Optimizing module fpnew_opgroup_block(fast__14)
-- Optimizing module fpnew_opgroup_block(fast__15)
-- Optimizing module fpnew_opgroup_block(fast__16)
-- Optimizing module fpnew_opgroup_block(fast__17)
-- Optimizing module fpnew_opgroup_block(fast__18)
-- Optimizing module fpnew_opgroup_block(fast__19)
-- Optimizing module udma_filter_tx_datafetch(fast)
-- Optimizing module riscv_apu_disp(fast)
-- Optimizing module core_region(fast)
-- Optimizing module core_region(fast__1)
-- Optimizing module core_region(fast__2)
-- Optimizing module core_region(fast__3)
-- Optimizing module core_region(fast__4)
-- Optimizing module core_region(fast__5)
-- Optimizing module core_region(fast__6)
-- Optimizing module core_region(fast__7)
-- Optimizing module axi2mem(fast)
-- Optimizing module axi_to_axi_lite_intf(fast)
-- Optimizing module apb_fll_if(fast)
-- Optimizing module mchan(fast)
-- Optimizing module apb_adv_timer(fast)
-- Optimizing module mchan_arbiter(fast)
-- Optimizing module mchan_arbiter(fast__1)
-- Optimizing module mchan_arbiter(fast__2)
-- Optimizing module udma_spim_reg_if(fast)
-- Optimizing module lint_2_axi(fast)
-- Optimizing module udma_i2c_reg_if(fast)
-- Optimizing module pri_icache(fast)
-- Optimizing module control_mvp(fast)
-- Optimizing module pulp_soc(fast)
-- Optimizing module soc_interconnect(fast)
-- Optimizing module xbar(fast__3)
-- Optimizing module hw_dispatch(fast)
-- Optimizing module event_unit_top(fast)
-- Optimizing module riscv_pmp(fast)
-- Optimizing module xbar(fast__2)
-- Optimizing module lzc(fast__3)
-- Optimizing module event_unit_interface_mux(fast)
-- Optimizing module xbar_pe_wrap(fast)
-- Optimizing module axi_xbar_intf(fast)
-- Optimizing module axi_mux_intf(fast)
-- Optimizing module axi_demux_id_counters(fast__1)
-- Optimizing module axi_demux_id_counters(fast__2)
-- Optimizing module trans_allocator(fast)
-- Optimizing module axi_xbar(fast)
-- Optimizing module hwpe_ctrl_regfile_latch(fast)
-- Optimizing module cdc_fifo_gray_src(fast__12)
-- Optimizing module cdc_fifo_gray_src(fast__13)
-- Optimizing module cdc_fifo_gray_src(fast__14)
-- Optimizing module hwpe_stream_addressgen_v3(fast)
-- Optimizing module hwpe_stream_addressgen_v3(fast__1)
-- Optimizing module up_down_counter(fast)
-- Optimizing module per2axi_req_channel(fast)
-- Optimizing module dm_sba(fast)
-- Optimizing module generic_fifo(fast)
-- Optimizing module generic_fifo(fast__1)
-- Optimizing module generic_fifo(fast__2)
-- Optimizing module generic_fifo(fast__3)
-- Optimizing module generic_fifo(fast__4)
-- Optimizing module generic_fifo(fast__5)
-- Optimizing module generic_fifo(fast__6)
-- Optimizing module generic_fifo(fast__7)
-- Optimizing module generic_fifo(fast__8)
-- Optimizing module generic_fifo(fast__9)
-- Optimizing module generic_fifo(fast__10)
-- Optimizing module generic_fifo(fast__11)
-- Optimizing module generic_fifo(fast__12)
-- Optimizing module generic_fifo(fast__13)
-- Optimizing module generic_fifo(fast__14)
-- Optimizing module generic_fifo(fast__15)
-- Optimizing module generic_fifo(fast__16)
-- Optimizing module generic_fifo(fast__17)
-- Optimizing module generic_fifo(fast__18)
-- Optimizing module generic_fifo(fast__19)
-- Optimizing module generic_fifo(fast__20)
-- Optimizing module generic_fifo(fast__21)
-- Optimizing module generic_fifo(fast__22)
-- Optimizing module axi2per_req_channel(fast)
-- Optimizing module i2s_tx_channel(fast)
-- Optimizing module udma_sdio_top(fast)
-- Optimizing module ResponseBlock_FPU(fast__8)
-- Optimizing module ResponseBlock_FPU(fast__9)
-- Optimizing module ResponseBlock_FPU(fast__10)
-- Optimizing module ResponseBlock_FPU(fast__11)
-- Optimizing module ResponseBlock_FPU(fast__12)
-- Optimizing module ResponseBlock_FPU(fast__13)
-- Optimizing module ResponseBlock_FPU(fast__14)
-- Optimizing module ResponseBlock_FPU(fast__15)
-- Optimizing module ResponseTree_FPU(fast)
-- Optimizing module camera_reg_if(fast)
-- Optimizing module fifo_v3(fast)
-- Optimizing module fifo_v3(fast__1)
-- Optimizing module fifo_v3(fast__2)
-- Optimizing module fifo_v3(fast__3)
-- Optimizing module fifo_v3(fast__4)
-- Optimizing module fifo_v3(fast__5)
-- Optimizing module fifo_v3(fast__6)
-- Optimizing module fifo_v3(fast__7)
-- Optimizing module fifo_v3(fast__8)
-- Optimizing module hyperbus_delay_line(fast)
-- Optimizing module periph_demux(fast)
-- Optimizing module refill_arbiter(fast)
-- Optimizing module tb_fs_handler(fast)
-- Optimizing module axi2per_res_channel(fast)
-- Optimizing module tb_fs_handler_debug(fast)
-- Optimizing module tb_fs_handler_debug(fast__1)
-- Optimizing module tb_fs_handler_debug(fast__2)
-- Optimizing module tb_fs_handler_debug(fast__3)
-- Optimizing module cluster_interconnect_wrap(fast)
-- Optimizing module RefillTracker_4(fast)
-- Optimizing module addr_decode(fast)
-- Optimizing module addr_decode(fast__1)
-- Optimizing module addr_decode(fast__2)
-- Optimizing module addr_decode(fast__3)
-- Optimizing module addr_decode(fast__4)
-- Optimizing module addr_decode(fast__5)
-- Optimizing module axi_to_axi_lite_id_reflect(fast)
-- Optimizing module input_stage(fast)
-- Optimizing module comparator(fast)
-- Optimizing module io_tx_fifo_mark(fast)
-- Optimizing module ResponseBlock_FPU(fast)
-- Optimizing module ResponseBlock_FPU(fast__1)
-- Optimizing module ResponseBlock_FPU(fast__2)
-- Optimizing module ResponseBlock_FPU(fast__3)
-- Optimizing module ResponseBlock_FPU(fast__4)
-- Optimizing module ResponseBlock_FPU(fast__5)
-- Optimizing module ResponseBlock_FPU(fast__6)
-- Optimizing module ResponseBlock_FPU(fast__7)
-- Optimizing module per_demux_wrap(fast)
-- Optimizing module i2s_rx_channel(fast)
-- Optimizing module dm_top(fast)
-- Optimizing module axi2mem_tcdm_rd_if(fast)
-- Optimizing module udma_txbuffer(fast)
-- Optimizing module register_file_test_wrap(fast)
-- Optimizing module register_file_test_wrap(fast__1)
-- Optimizing module cdc_fifo_gray_src(fast__5)
-- Optimizing module cdc_fifo_gray_src(fast__7)
-- Optimizing module ibex_ex_block(fast)
-- Optimizing module ibex_ex_block(fast__1)
-- Optimizing module axi2mem_trans_unit(fast)
-- Optimizing module trans_buffers(fast)
-- Optimizing module udma_ctrl(fast)
-- Optimizing module soc_periph_fifo(fast)
-- Optimizing module mac_ctrl(fast)
-- Optimizing module udma_hyper_top(fast)
-- Optimizing module soc_clk_rst_gen(fast)
-- Optimizing module register_file_1w_multi_port_read_test_wrap(fast)
-- Optimizing module timer_module(fast)
-- Optimizing module ibex_core_tracing(fast)
-- Optimizing module ibex_core_tracing(fast__1)
-- Optimizing module udma_cmd_queue(fast)
-- Optimizing module riscv_hwloop_regs(fast)
-- Optimizing module hwpe_stream_fence(fast)
-- Optimizing module hwpe_ctrl_regfile_latch_test_wrap(fast)
-- Optimizing module fifo_v2(fast__11)
-- Optimizing module fifo_v2(fast__12)
-- Optimizing module fifo_v2(fast__13)
-- Optimizing module fifo_v2(fast__14)
-- Optimizing module fifo_v2(fast__15)
-- Optimizing module fifo_v2(fast__16)
-- Optimizing module fifo_v2(fast__17)
-- Optimizing module dc_token_ring_fifo_din_hyper(fast)
-- Optimizing module dc_token_ring_fifo_din_hyper(fast__1)
-- Optimizing module dc_token_ring_fifo_din_hyper(fast__2)
-- Optimizing module cdc_2phase_dst(fast)
-- Optimizing module cdc_2phase_dst(fast__1)
-- Optimizing module cluster_clock_gate(fast)
-- Optimizing module hwpe_stream_merge(fast)
-- Optimizing module axi_to_axi_lite(fast)
-- Optimizing module prescaler(fast)
-- Optimizing module ext_b_buffer(fast)
-- Optimizing module RoutingBlock_Req_icache_intc(fast)
-- Optimizing module fpnew_rounding(fast)
-- Optimizing module fpnew_rounding(fast__1)
-- Optimizing module fpnew_rounding(fast__2)
-- Optimizing module fpnew_rounding(fast__3)
-- Optimizing module fpnew_rounding(fast__4)
-- Optimizing module lfsr_8bit(fast)
-- Optimizing module axi_w_buffer(fast)
-- Optimizing module axi2mem_tcdm_synch(fast)
-- Optimizing module axi_w_buffer(fast__1)
-- Optimizing module axi_w_buffer(fast__2)
-- Optimizing module hwpe_stream_split(fast)
-- Optimizing module FanInPrimitive_Resp_FPU(fast)
-- Optimizing module tcdm_synch(fast)
-- Optimizing module timer_unit_counter_presc(fast)
-- Optimizing module dc_data_buffer_hyper(fast)
-- Optimizing module dc_data_buffer_hyper(fast__1)
-- Optimizing module dc_data_buffer_hyper(fast__2)
-- Optimizing module timer_unit_counter(fast)
-- Optimizing module axi2mem_busy_unit(fast)
-- Optimizing module per2axi_busy_unit(fast)
-- Optimizing module gray_to_binary_hyper(fast)
-- Optimizing module soc_event_queue(fast)
-- Optimizing module nrbd_nrsc_mvp(fast)
-- Optimizing module mac_top(fast)
-- Optimizing module rstgen_bypass(fast)
-- Optimizing module iteration_div_sqrt_mvp(fast)
-- Optimizing module cdc_2phase_src(fast)
-- Optimizing module cdc_2phase_src(fast__1)
-- Optimizing module axi_b_buffer(fast)
-- Optimizing module axi_b_buffer(fast__1)
-- Optimizing module axi_b_buffer(fast__2)
-- Optimizing module ram_ws_rs_data_scm(fast)
-- Optimizing module hwpe_stream_tcdm_fifo_store(fast)
-- Optimizing module hwpe_stream_tcdm_fifo_store(fast__1)
-- Optimizing module axi_ar_buffer(fast__3)
-- Optimizing module Req_Arb_Node_icache_intc(fast)
-- Optimizing module dc_full_detector_hyper(fast)
-- Optimizing module dc_full_detector_hyper(fast__1)
-- Optimizing module axi_r_buffer(fast)
-- Optimizing module axi_r_buffer(fast__1)
-- Optimizing module axi_r_buffer(fast__2)
-- Optimizing module cic_comb(fast)
-- Optimizing module cmd_addr_gen(fast)
-- Optimizing module ext_r_buffer(fast)
-- Optimizing module datamover_streamer(fast)
-- Optimizing module SimJTAG(fast)
-- Optimizing module jtag_tap_top(fast)
-- Optimizing module ext_w_buffer(fast)
-- Optimizing module sdio_crc7(fast)
-- Optimizing module axi2mem_tcdm_wr_if(fast)
-- Optimizing interface hwpe_ctrl_intf_periph(fast)
-- Optimizing interface hwpe_ctrl_intf_periph(fast__1)
-- Optimizing module io_tx_fifo(fast)
-- Optimizing module io_tx_fifo(fast__1)
-- Optimizing module io_tx_fifo(fast__2)
-- Optimizing module hwpe_subsystem(fast)
-- Optimizing module timer_cntrl(fast)
-- Optimizing module hyper_arb_primitive(fast)
-- Optimizing module mchan_arb_primitive(fast)
-- Optimizing module mchan_arb_primitive(fast__1)
-- Optimizing module mchan_arb_primitive(fast__2)
-- Optimizing module ibex_csr(fast)
-- Optimizing module ibex_csr(fast__1)
-- Optimizing module ibex_csr(fast__2)
-- Optimizing module ibex_csr(fast__3)
-- Optimizing module ibex_csr(fast__4)
-- Optimizing module ibex_csr(fast__5)
-- Optimizing module ibex_csr(fast__6)
-- Optimizing module ibex_csr(fast__7)
-- Optimizing module ibex_csr(fast__8)
-- Optimizing module hci_core_r_valid_filter(fast)
-- Optimizing module axi_dw_converter(fast)
-- Optimizing module cic_integrator(fast)
-- Optimizing module i2s_clk_gen(fast)
-- Optimizing module fifo_v2(fast)
-- Optimizing module fifo_v2(fast__1)
-- Optimizing module fifo_v2(fast__2)
-- Optimizing module fifo_v2(fast__3)
-- Optimizing module fifo_v2(fast__4)
-- Optimizing module fifo_v2(fast__5)
-- Optimizing module fifo_v2(fast__6)
-- Optimizing module fifo_v2(fast__7)
-- Optimizing module fifo_v2(fast__8)
-- Optimizing module fifo_v2(fast__9)
-- Optimizing module fifo_v2(fast__10)
-- Optimizing module cdc_fifo_gray_dst(fast__12)
-- Optimizing module cdc_fifo_gray_dst(fast__13)
-- Optimizing module cdc_fifo_gray_dst(fast__14)
-- Optimizing interface hwpe_stream_intf_stream(fast)
-- Optimizing interface hwpe_stream_intf_stream(fast__1)
-- Optimizing interface hwpe_stream_intf_stream(fast__2)
-- Optimizing interface hwpe_stream_intf_stream(fast__3)
-- Optimizing interface hwpe_stream_intf_stream(fast__4)
-- Optimizing interface hwpe_stream_intf_stream(fast__5)
-- Optimizing interface hwpe_stream_intf_stream(fast__6)
-- Optimizing interface hwpe_stream_intf_stream(fast__7)
-- Optimizing module uart_tb_rx(fast)
-- Optimizing module riscv_int_controller(fast)
-- Optimizing module freq_meter(fast)
-- Optimizing module freq_meter(fast__1)
-- Optimizing module freq_meter(fast__2)
-- Optimizing module riscv_int_controller(fast__1)
-- Optimizing module div_sqrt_top_mvp(fast)
-- Optimizing module tcdm_rx_if(fast)
-- Optimizing module cdc_fifo_gray_dst(fast__5)
-- Optimizing module cdc_fifo_gray_dst(fast__7)
-- Optimizing module ibex_counter(fast)
-- Optimizing module ibex_counter(fast__1)
-- Optimizing module read_clk_rwds(fast)
-- Optimizing module axi2per_wrap(fast)
-- Optimizing module lint2axi_wrap(fast)
-- Optimizing module periph_FIFO(fast)
-- Optimizing module udma_apb_if(fast)
-- Optimizing module i2s_txrx(fast)
-- Optimizing module axi_aw_buffer(fast)
-- Optimizing module axi_ar_buffer(fast)
-- Optimizing module axi_aw_buffer(fast__1)
-- Optimizing module axi_ar_buffer(fast__1)
-- Optimizing module axi_aw_buffer(fast__2)
-- Optimizing module axi_ar_buffer(fast__2)
-- Optimizing module AddressDecoder_Req_FPU(fast)
-- Optimizing module AddressDecoder_Req_FPU(fast__1)
-- Optimizing module AddressDecoder_Req_FPU(fast__2)
-- Optimizing module AddressDecoder_Req_FPU(fast__3)
-- Optimizing module AddressDecoder_Req_FPU(fast__4)
-- Optimizing module AddressDecoder_Req_FPU(fast__5)
-- Optimizing module AddressDecoder_Req_FPU(fast__6)
-- Optimizing module AddressDecoder_Req_FPU(fast__7)
-- Optimizing module AddressDecoder_Req_FPU(fast__8)
-- Optimizing module AddressDecoder_Req_FPU(fast__9)
-- Optimizing module AddressDecoder_Req_FPU(fast__10)
-- Optimizing module AddressDecoder_Req_FPU(fast__11)
-- Optimizing module AddressDecoder_Req_FPU(fast__12)
-- Optimizing module AddressDecoder_Req_FPU(fast__13)
-- Optimizing module AddressDecoder_Req_FPU(fast__14)
-- Optimizing module AddressDecoder_Req_FPU(fast__15)
-- Optimizing module spill_register_flushable(fast__78)
-- Optimizing module spill_register_flushable(fast__79)
-- Optimizing module spill_register_flushable(fast__80)
-- Optimizing module spill_register_flushable(fast__81)
-- Optimizing module spill_register_flushable(fast__82)
-- Optimizing module spill_register_flushable(fast__83)
-- Optimizing module spill_register_flushable(fast__84)
-- Optimizing module spill_register_flushable(fast__85)
-- Optimizing module spill_register_flushable(fast__86)
-- Optimizing module spill_register_flushable(fast__87)
-- Optimizing module spill_register_flushable(fast__88)
-- Optimizing module spill_register_flushable(fast__89)
-- Optimizing module spill_register_flushable(fast__90)
-- Optimizing module spill_register_flushable(fast__91)
-- Optimizing module spill_register_flushable(fast__92)
-- Optimizing module spill_register_flushable(fast__93)
-- Optimizing module spill_register_flushable(fast__94)
-- Optimizing module spill_register_flushable(fast__95)
-- Optimizing module spill_register_flushable(fast__96)
-- Optimizing module ibex_register_file_ff(fast)
-- Optimizing module delta_counter(fast)
-- Optimizing module delta_counter(fast__1)
-- Optimizing module delta_counter(fast__2)
-- Optimizing module delta_counter(fast__3)
-- Optimizing module per2axi_wrap(fast)
-- Optimizing module periph_FIFO_id(fast)
-- Optimizing module sdio_crc16(fast)
-- Optimizing module udma_hyper_busy_phy(fast)
-- Optimizing module ext_aw_buffer(fast)
-- Optimizing module ext_ar_buffer(fast)
-- Optimizing module apb2per(fast)
-- Optimizing module axi_cdc_dst(fast)
-- Optimizing module axi_cdc_src(fast)
-- Optimizing module register_file_1r_1w_test_wrap(fast)
-- Optimizing module register_file_1r_1w_test_wrap(fast__1)
-- Optimizing module axi_cdc_src(fast__1)
-- Optimizing module axi_cdc_dst(fast__1)
-- Optimizing module dc_token_ring_fifo_dout_hyper(fast__1)
-- Optimizing module dc_token_ring_fifo_dout_hyper(fast__2)
-- Optimizing module mac_streamer(fast)
-- Optimizing module cdc_fifo_gray_dst(fast)
-- Optimizing module cdc_fifo_gray_dst(fast__1)
-- Optimizing module cdc_fifo_gray_dst(fast__2)
-- Optimizing module cdc_fifo_gray_dst(fast__3)
-- Optimizing module cdc_fifo_gray_dst(fast__4)
-- Optimizing module cdc_fifo_gray_dst(fast__6)
-- Optimizing module cdc_fifo_gray_dst(fast__8)
-- Optimizing module cdc_fifo_gray_dst(fast__9)
-- Optimizing module cdc_fifo_gray_dst(fast__10)
-- Optimizing module cdc_fifo_gray_dst(fast__11)
-- Optimizing module spill_register_flushable(fast__21)
-- Optimizing module spill_register_flushable(fast__22)
-- Optimizing module spill_register_flushable(fast__23)
-- Optimizing module spill_register_flushable(fast__24)
-- Optimizing module spill_register_flushable(fast__25)
-- Optimizing module spill_register_flushable(fast__26)
-- Optimizing module spill_register_flushable(fast__27)
-- Optimizing module spill_register_flushable(fast__28)
-- Optimizing module spill_register_flushable(fast__29)
-- Optimizing module spill_register_flushable(fast__30)
-- Optimizing module spill_register_flushable(fast__31)
-- Optimizing module spill_register_flushable(fast__32)
-- Optimizing module spill_register_flushable(fast__33)
-- Optimizing module spill_register_flushable(fast__34)
-- Optimizing module spill_register_flushable(fast__35)
-- Optimizing module spill_register_flushable(fast__36)
-- Optimizing module spill_register_flushable(fast__37)
-- Optimizing module spill_register_flushable(fast__38)
-- Optimizing module spill_register_flushable(fast__39)
-- Optimizing module spill_register_flushable(fast__40)
-- Optimizing module spill_register_flushable(fast__41)
-- Optimizing module spill_register_flushable(fast__42)
-- Optimizing module spill_register_flushable(fast__43)
-- Optimizing module spill_register_flushable(fast__44)
-- Optimizing module spill_register_flushable(fast__45)
-- Optimizing module spill_register_flushable(fast__46)
-- Optimizing module spill_register_flushable(fast__47)
-- Optimizing module spill_register_flushable(fast__48)
-- Optimizing module spill_register_flushable(fast__49)
-- Optimizing module spill_register_flushable(fast__50)
-- Optimizing module spill_register_flushable(fast__51)
-- Optimizing module spill_register_flushable(fast__52)
-- Optimizing module spill_register_flushable(fast__53)
-- Optimizing module spill_register_flushable(fast__54)
-- Optimizing module spill_register_flushable(fast__55)
-- Optimizing module spill_register_flushable(fast__56)
-- Optimizing module spill_register_flushable(fast__57)
-- Optimizing module spill_register_flushable(fast__58)
-- Optimizing module spill_register_flushable(fast__59)
-- Optimizing module spill_register_flushable(fast__60)
-- Optimizing module spill_register_flushable(fast__61)
-- Optimizing module spill_register_flushable(fast__62)
-- Optimizing module spill_register_flushable(fast__63)
-- Optimizing module spill_register_flushable(fast__64)
-- Optimizing module spill_register_flushable(fast__65)
-- Optimizing module spill_register_flushable(fast__66)
-- Optimizing module spill_register_flushable(fast__67)
-- Optimizing module spill_register_flushable(fast__68)
-- Optimizing module spill_register_flushable(fast__69)
-- Optimizing module spill_register_flushable(fast__70)
-- Optimizing module spill_register_flushable(fast__71)
-- Optimizing module spill_register_flushable(fast__72)
-- Optimizing module spill_register_flushable(fast__73)
-- Optimizing module spill_register_flushable(fast__74)
-- Optimizing module spill_register_flushable(fast__75)
-- Optimizing module spill_register_flushable(fast__76)
-- Optimizing module spill_register_flushable(fast__77)
-- Optimizing module hw_mutex_unit(fast)
-- Optimizing module axi_burst_splitter_ax_chan(fast)
-- Optimizing module axi_burst_splitter_ax_chan(fast__1)
-- Optimizing module FPU_clock_gating(fast)
-- Optimizing module fpnew_wrapper(fast)
-- Optimizing module fpnew_wrapper(fast__1)
-- Optimizing module fpnew_wrapper(fast__2)
-- Optimizing module fpnew_wrapper(fast__3)
-- Optimizing module io_generic_fifo(fast)
-- Optimizing module io_generic_fifo(fast__1)
-- Optimizing module io_generic_fifo(fast__2)
-- Optimizing module io_generic_fifo(fast__3)
-- Optimizing module io_generic_fifo(fast__4)
-- Optimizing module io_generic_fifo(fast__5)
-- Optimizing module io_generic_fifo_hyper(fast)
-- Optimizing module io_generic_fifo(fast__6)
-- Optimizing module io_generic_fifo(fast__7)
-- Optimizing module riscv_hwloop_controller(fast)
-- Optimizing module ext_opc_buf(fast)
-- Optimizing module FanInPrimitive_Req_FPU(fast)
-- Optimizing module FanInPrimitive_Req_FPU(fast__1)
-- Optimizing module fpnew_classifier(fast__10)
-- Optimizing module hwpe_stream_tcdm_fifo_load(fast)
-- Optimizing module trans_unit(fast)
-- Optimizing module udma_filter_bincu(fast)
-- Optimizing module udma_clkgen(fast)
-- Optimizing module ext_buffer(fast)
-- Optimizing module ext_buffer(fast__1)
-- Optimizing module ext_buffer(fast__2)
-- Optimizing module ext_buffer(fast__3)
-- Optimizing module adbg_lintonly_top(fast)
-- Optimizing module apb_node(fast)
-- Optimizing module onehot_to_bin(fast__3)
-- Optimizing module onehot_to_bin_hyper(fast__1)
-- Optimizing module udma_hyper_busy(fast)
-- Optimizing module per2axi_res_channel(fast)
-- Optimizing module spill_register_flushable(fast)
-- Optimizing module spill_register_flushable(fast__1)
-- Optimizing module spill_register_flushable(fast__2)
-- Optimizing module spill_register_flushable(fast__3)
-- Optimizing module spill_register_flushable(fast__4)
-- Optimizing module spill_register_flushable(fast__5)
-- Optimizing module spill_register_flushable(fast__6)
-- Optimizing module spill_register_flushable(fast__7)
-- Optimizing module spill_register_flushable(fast__8)
-- Optimizing module spill_register_flushable(fast__9)
-- Optimizing module spill_register_flushable(fast__10)
-- Optimizing module spill_register_flushable(fast__11)
-- Optimizing module spill_register_flushable(fast__12)
-- Optimizing module spill_register_flushable(fast__13)
-- Optimizing module spill_register_flushable(fast__14)
-- Optimizing module spill_register_flushable(fast__15)
-- Optimizing module spill_register_flushable(fast__16)
-- Optimizing module spill_register_flushable(fast__17)
-- Optimizing module spill_register_flushable(fast__18)
-- Optimizing module spill_register_flushable(fast__19)
-- Optimizing module spill_register_flushable(fast__20)
-- Optimizing module hci_shallow_interconnect(fast)
-- Optimizing module riscv_alu(fast)
-- Optimizing module riscv_alu(fast__1)
-- Optimizing module riscv_cs_registers(fast)
-- Optimizing module axi_xbar_intf(fast__1)
-- Optimizing module udma_subsystem(fast)
** Warning: /home/dungpc/ndmoney4porche/projects/pulp/.bender/git/checkouts/pulp_soc-c519334bd3ac5582/rtl/udma_subsystem/udma_subsystem.sv(450): (vopt-2685) [TFMPC] - Too few port connections for 'i_uart'.  Expected 43, found 41.
** Warning: /home/dungpc/ndmoney4porche/projects/pulp/.bender/git/checkouts/pulp_soc-c519334bd3ac5582/rtl/udma_subsystem/udma_subsystem.sv(450): (vopt-2718) [TFMPC] - Missing connection for port 'err_event_o'.
** Warning: /home/dungpc/ndmoney4porche/projects/pulp/.bender/git/checkouts/pulp_soc-c519334bd3ac5582/rtl/udma_subsystem/udma_subsystem.sv(450): (vopt-2718) [TFMPC] - Missing connection for port 'rx_char_event_o'.
-- Optimizing module riscv_decoder(fast)
-- Optimizing module riscv_decoder(fast__1)
-- Optimizing module hwpe_stream_tcdm_reorder(fast)
-- Optimizing module icache_hier_top(fast)
-- Optimizing module fpnew_fma_multi(fast)
-- Optimizing module fpnew_fma_multi(fast__1)
-- Optimizing module fpnew_cast_multi(fast)
-- Optimizing module fpnew_cast_multi(fast__1)
-- Optimizing module lzc(fast__7)
-- Optimizing module lzc(fast__2)
-- Optimizing module pulp_cluster(fast)
-- Optimizing module hier_icache_ctrl_unit(fast)
-- Optimizing module ibex_alu(fast)
-- Optimizing module ibex_cs_registers(fast)
-- Optimizing module ibex_cs_registers(fast__1)
-- Optimizing module ibex_tracer(fast)
-- Optimizing module riscv_tracer(fast)
-- Optimizing module safe_domain(fast)
-- Optimizing module ctrl_unit(fast)
-- Optimizing module soc_event_generator(fast)
-- Optimizing module pad_frame(fast)
-- Optimizing module ibex_core(fast__1)
-- Optimizing module udma_rx_channels(fast)
-- Optimizing module riscv_cs_registers(fast__1)
-- Optimizing module apb_gpio(fast)
-- Optimizing module hci_hwpe_interconnect(fast)
-- Optimizing module hci_log_interconnect(fast__1)
-- Optimizing module riscv_id_stage(fast)
-- Optimizing module riscv_id_stage(fast__1)
-- Optimizing module icache_intc(fast)
-- Optimizing module shared_fpu_cluster(fast)
-- Optimizing module riscv_prefetch_buffer(fast)
-- Optimizing interface hci_mem_intf(fast)
-- Optimizing interface XBAR_DEMUX_BUS(fast)
-- Optimizing module onehot_to_bin(fast)
-- Optimizing module RoutingBlock_Resp_icache_intc(fast)
-- Optimizing module RoutingBlock_Resp_icache_intc(fast__1)
-- Optimizing module RoutingBlock_Resp_icache_intc(fast__2)
-- Optimizing module RoutingBlock_Resp_icache_intc(fast__3)
-- Optimizing module RoutingBlock_Resp_icache_intc(fast__4)
-- Optimizing module RoutingBlock_Resp_icache_intc(fast__5)
-- Optimizing module RoutingBlock_Resp_icache_intc(fast__6)
-- Optimizing module RoutingBlock_Resp_icache_intc(fast__7)
-- Optimizing module obi_pulp_adapter(fast)
-- Optimizing module cdc_fifo_gray(fast)
-- Optimizing module i2s_ws_gen(fast)
-- Optimizing module cdc_fifo_gray(fast__1)
-- Optimizing module udma_dc_fifo_hyper(fast)
-- Optimizing module udma_dc_fifo_hyper(fast__1)
-- Optimizing module udma_dc_fifo_hyper(fast__2)
-- Optimizing module cdc_fifo_gray(fast__2)
-- Optimizing module cdc_fifo_gray(fast__3)
-- Optimizing interface AXI_BUS(fast)
-- Optimizing interface AXI_BUS(fast__1)
-- Optimizing interface hwpe_stream_intf_tcdm(fast)
-- Optimizing interface hwpe_stream_intf_tcdm(fast__1)
-- Optimizing interface hwpe_stream_intf_tcdm(fast__2)
-- Optimizing interface hwpe_stream_intf_tcdm(fast__3)
-- Optimizing interface AXI_BUS(fast__2)
-- Optimizing interface AXI_BUS(fast__3)
-- Optimizing interface AXI_BUS(fast__4)
-- Optimizing interface AXI_BUS(fast__5)
-- Optimizing interface AXI_BUS(fast__6)
-- Optimizing interface AXI_BUS(fast__7)
-- Optimizing interface AXI_BUS(fast__8)
-- Optimizing module clk_gen_hyper(fast)
-- Optimizing module hci_core_assign(fast)
-- Optimizing module hci_core_assign(fast__1)
-- Optimizing module hci_core_assign(fast__2)
-- Optimizing module hci_core_assign(fast__3)
-- Optimizing module gray_to_binary(fast)
-- Optimizing module axi_single_slice(fast)
-- Optimizing module axi_single_slice(fast__1)
-- Optimizing module axi_single_slice(fast__2)
-- Optimizing module axi_single_slice(fast__3)
-- Optimizing module bscell(fast)
-- Optimizing module axi_single_slice(fast__4)
-- Optimizing module axi_single_slice(fast__5)
-- Optimizing module axi_single_slice(fast__6)
-- Optimizing module axi_single_slice(fast__7)
-- Optimizing module axi_single_slice(fast__8)
-- Optimizing module axi_single_slice(fast__9)
-- Optimizing module axi_single_slice(fast__10)
-- Optimizing module axi_single_slice(fast__11)
-- Optimizing module axi_single_slice(fast__12)
-- Optimizing module stream_register(fast)
-- Optimizing module tc_clk_mux2(fast)
-- Optimizing module pulp_clock_mux2(fast)
-- Optimizing module hyperbus_mux_generic(fast)
-- Optimizing module cluster_clock_gating(fast)
-- Optimizing interface FLL_BUS(fast)
-- Optimizing interface XBAR_TCDM_BUS(fast)
-- Optimizing interface XBAR_TCDM_BUS(fast__1)
-- Optimizing interface XBAR_TCDM_BUS(fast__2)
-- Optimizing interface XBAR_TCDM_BUS(fast__3)
-- Optimizing interface XBAR_TCDM_BUS(fast__4)
-- Optimizing interface XBAR_TCDM_BUS(fast__5)
-- Optimizing module tc_clk_inverter(fast)
-- Optimizing module pulp_clock_inverter(fast)
-- Optimizing module cluster_clock_inverter(fast)
-- Optimizing package tcdm_interconnect_pkg(fast)
-- Optimizing package defs_div_sqrt_mvp(fast)
-- Optimizing package hwpe_ctrl_package(fast)
-- Optimizing package apu_core_package(fast)
-- Optimizing package fpnew_pkg(fast)
-- Optimizing package hwpe_stream_package(fast)
-- Optimizing package pulp_cluster_package(fast)
-- Optimizing package cf_math_pkg(fast)
-- Optimizing package ibex_pkg(fast)
-- Optimizing package axi_pkg(fast)
-- Optimizing package pkg_soc_interconnect(fast)
-- Optimizing package SimJTAG_sv_unit(fast)
-- Optimizing package riscv(fast)
-- Optimizing package dm(fast)
-- Optimizing package hwpe_stream_addressgen_v3_sv_unit(fast)
-- Optimizing package hci_mem_assign_sv_unit(fast)
-- Optimizing package hwpe_stream_tcdm_reorder_sv_unit(fast)
-- Optimizing package hwpe_stream_sink_realign_sv_unit(fast)
-- Optimizing package hwpe_stream_fence_sv_unit(fast)
-- Optimizing package hwpe_stream_source_realign_sv_unit(fast)
-- Optimizing package riscv_apu_disp_sv_unit(fast)
-- Optimizing package norm_div_sqrt_mvp_sv_unit(fast)
-- Optimizing package control_mvp_sv_unit(fast)
-- Optimizing package nrbd_nrsc_mvp_sv_unit(fast)
-- Optimizing package preprocess_mvp_sv_unit(fast)
-- Optimizing package div_sqrt_top_mvp_sv_unit(fast)
-- Optimizing package hci_core_assign_sv_unit(fast)
-- Optimizing package hci_core_split_sv_unit(fast)
-- Optimizing package hwpe_ctrl_uloop_sv_unit(fast)
-- Optimizing package hwpe_ctrl_regfile_sv_unit(fast)
-- Optimizing package hwpe_ctrl_slave_sv_unit(fast)
-- Optimizing package hwpe_stream_tcdm_fifo_store_sv_unit(fast)
-- Optimizing package hwpe_stream_fifo_sv_unit(fast)
-- Optimizing package hwpe_stream_tcdm_fifo_load_sv_unit(fast)
-- Optimizing package hwpe_stream_split_sv_unit(fast)
-- Optimizing package hwpe_stream_sink_sv_unit(fast)
-- Optimizing package hwpe_stream_addressgen_sv_unit(fast)
-- Optimizing package hwpe_stream_merge_sv_unit(fast)
-- Optimizing package hwpe_stream_source_sv_unit(fast)
-- Optimizing package mac_package(fast)
-- Optimizing module spill_register(fast__72)
-- Optimizing module spill_register(fast__73)
-- Optimizing module spill_register(fast__74)
-- Optimizing module spill_register(fast__75)
-- Optimizing module spill_register(fast__76)
-- Optimizing module spill_register(fast__77)
-- Optimizing module spill_register(fast__78)
-- Optimizing module spill_register(fast__79)
-- Optimizing module spill_register(fast__80)
-- Optimizing module spill_register(fast__81)
-- Optimizing module spill_register(fast__82)
-- Optimizing module spill_register(fast__83)
-- Optimizing module spill_register(fast__84)
-- Optimizing module spill_register(fast__85)
-- Optimizing module spill_register(fast__86)
-- Optimizing module spill_register(fast__87)
-- Optimizing module spill_register(fast__88)
-- Optimizing module spill_register(fast__89)
-- Optimizing module spill_register(fast__90)
-- Optimizing module spill_register(fast__91)
-- Optimizing module spill_register(fast__92)
-- Optimizing module spill_register(fast__93)
-- Optimizing module spill_register(fast__94)
-- Optimizing module spill_register(fast__95)
-- Optimizing module spill_register(fast__96)
-- Optimizing module tc_clk_gating(fast)
-- Optimizing module AddressDecoder_Resp_FPU(fast)
-- Optimizing interface XBAR_PERIPH_BUS(fast)
-- Optimizing interface XBAR_PERIPH_BUS(fast__1)
-- Optimizing interface XBAR_PERIPH_BUS(fast__2)
-- Optimizing interface XBAR_PERIPH_BUS(fast__3)
-- Optimizing interface XBAR_PERIPH_BUS(fast__4)
-- Optimizing interface XBAR_PERIPH_BUS(fast__5)
-- Optimizing interface MESSAGE_BUS(fast)
-- Optimizing interface XBAR_PERIPH_BUS(fast__6)
-- Optimizing interface XBAR_PERIPH_BUS(fast__7)
-- Optimizing module pad_functional_pd(fast)
-- Optimizing module pad_functional_pu(fast)
-- Optimizing module datamover_engine(fast)
-- Optimizing interface APB_BUS(fast)
-- Optimizing interface APB_BUS(fast__1)
-- Optimizing module edge_propagator_rx(fast)
-- Optimizing module edge_propagator(fast)
-- Optimizing module clock_diff_out(fast)
-- Optimizing interface SP_ICACHE_CTRL_UNIT_BUS(fast)
-- Optimizing module tb_clk_gen(fast)
-- Optimizing module rstgen(fast)
-- Optimizing interface PRI_ICACHE_CTRL_UNIT_BUS(fast)
-- Optimizing interface XBAR_DEMUX_BUS(fast)
-- Optimizing module binary_to_gray(fast)
-- Optimizing module binary_to_gray(fast__1)
-- Optimizing module binary_to_gray_hyper(fast)
-- Optimizing module pulp_clock_gating(fast)
-- Optimizing module spill_register(fast__19)
-- Optimizing module spill_register(fast__20)
-- Optimizing module spill_register(fast__21)
-- Optimizing module spill_register(fast__22)
-- Optimizing module spill_register(fast__23)
-- Optimizing module spill_register(fast__24)
-- Optimizing module spill_register(fast__25)
-- Optimizing module spill_register(fast__26)
-- Optimizing module spill_register(fast__27)
-- Optimizing module spill_register(fast__28)
-- Optimizing module spill_register(fast__29)
-- Optimizing module spill_register(fast__30)
-- Optimizing module spill_register(fast__31)
-- Optimizing module spill_register(fast__32)
-- Optimizing module spill_register(fast__33)
-- Optimizing module spill_register(fast__34)
-- Optimizing module spill_register(fast__35)
-- Optimizing module spill_register(fast__36)
-- Optimizing module spill_register(fast__37)
-- Optimizing module spill_register(fast__38)
-- Optimizing module spill_register(fast__39)
-- Optimizing module spill_register(fast__40)
-- Optimizing module spill_register(fast__41)
-- Optimizing module spill_register(fast__42)
-- Optimizing module spill_register(fast__43)
-- Optimizing module spill_register(fast__44)
-- Optimizing module spill_register(fast__45)
-- Optimizing module spill_register(fast__46)
-- Optimizing module spill_register(fast__47)
-- Optimizing module spill_register(fast__48)
-- Optimizing module spill_register(fast__49)
-- Optimizing module spill_register(fast__50)
-- Optimizing module spill_register(fast__51)
-- Optimizing module spill_register(fast__52)
-- Optimizing module spill_register(fast__53)
-- Optimizing module spill_register(fast__54)
-- Optimizing module spill_register(fast__55)
-- Optimizing module spill_register(fast__56)
-- Optimizing module spill_register(fast__57)
-- Optimizing module spill_register(fast__58)
-- Optimizing module spill_register(fast__59)
-- Optimizing module spill_register(fast__60)
-- Optimizing module spill_register(fast__61)
-- Optimizing module spill_register(fast__62)
-- Optimizing module spill_register(fast__63)
-- Optimizing module spill_register(fast__64)
-- Optimizing module spill_register(fast__65)
-- Optimizing module spill_register(fast__66)
-- Optimizing module spill_register(fast__67)
-- Optimizing module spill_register(fast__68)
-- Optimizing module spill_register(fast__69)
-- Optimizing module spill_register(fast__70)
-- Optimizing module spill_register(fast__71)
-- Optimizing module counter(fast)
-- Optimizing module counter(fast__1)
-- Optimizing module pulp_clock_gating_async(fast)
-- Optimizing module dc_synchronizer_hyper(fast)
-- Optimizing module dc_synchronizer_hyper(fast__1)
-- Optimizing module dc_synchronizer_hyper(fast__2)
-- Optimizing interface hci_mem_intf(fast)
-- Optimizing interface hci_mem_intf(fast__1)
-- Optimizing interface hci_mem_intf(fast__2)
-- Optimizing module edge_propagator_tx(fast)
-- Optimizing module fifo(fast)
-- Optimizing module fifo(fast__1)
-- Optimizing module fifo(fast__2)
-- Optimizing module fifo(fast__3)
-- Optimizing module fifo(fast__4)
-- Optimizing module fifo(fast__5)
-- Optimizing module fifo(fast__6)
-- Optimizing module fifo(fast__7)
-- Optimizing module fifo(fast__8)
-- Optimizing module fifo(fast__9)
-- Optimizing module fifo(fast__10)
-- Optimizing module fifo(fast__11)
-- Optimizing module fifo(fast__12)
-- Optimizing module pulp_sync(fast)
-- Optimizing module pulp_sync(fast__1)
-- Optimizing module cdc_2phase(fast)
-- Optimizing module cdc_2phase(fast__1)
-- Optimizing module RR_Flag_Req_FPU(fast)
-- Optimizing module sync(fast)
-- Optimizing module stream_demux(fast)
-- Optimizing module Resp_Arb_Node_icache_intc(fast)
-- Optimizing interface AXI_LITE(fast)
-- Optimizing module hyper_rr_flag_req(fast)
-- Optimizing module mchan_rr_flag_req(fast)
-- Optimizing module spill_register(fast)
-- Optimizing module spill_register(fast__1)
-- Optimizing module spill_register(fast__2)
-- Optimizing module spill_register(fast__3)
-- Optimizing module spill_register(fast__4)
-- Optimizing module spill_register(fast__5)
-- Optimizing module spill_register(fast__6)
-- Optimizing module spill_register(fast__7)
-- Optimizing module spill_register(fast__8)
-- Optimizing module spill_register(fast__9)
-- Optimizing module spill_register(fast__10)
-- Optimizing module spill_register(fast__11)
-- Optimizing module spill_register(fast__12)
-- Optimizing module spill_register(fast__13)
-- Optimizing module spill_register(fast__14)
-- Optimizing module spill_register(fast__15)
-- Optimizing module spill_register(fast__16)
-- Optimizing module spill_register(fast__17)
-- Optimizing module spill_register(fast__18)
-- Optimizing module fall_through_register(fast)
-- Optimizing module fall_through_register(fast__1)
-- Optimizing module fall_through_register(fast__2)
-- Optimizing module LFSR_FPU(fast)
-- Optimizing module LFSR_FPU(fast__1)
-- Optimizing module LFSR_FPU(fast__2)
-- Optimizing module LFSR_FPU(fast__3)
-- Optimizing module LFSR_FPU(fast__4)
-- Optimizing module LFSR_FPU(fast__5)
-- Optimizing module LFSR_FPU(fast__6)
-- Optimizing module LFSR_FPU(fast__7)
-- Optimizing module ram_ws_rs_tag_scm(fast)
-- Optimizing module edge_propagator_ack(fast)
-- Optimizing module tcdm_error_slave(fast)
-- Optimizing module pulp_sync_wedge(fast)
-- Optimizing module ddr_out(fast)
-- Optimizing module generic_rom(fast)
-- Optimizing module boot_rom(fast)
-- Optimizing module dc_token_ring_hyper(fast)
-- Optimizing module dc_token_ring_hyper(fast__1)
-- Optimizing module dc_token_ring_hyper(fast__2)
-- Optimizing module dc_token_ring_hyper(fast__3)
-- Optimizing module stream_mux(fast)
-- Optimizing module stream_mux(fast__1)
-- Optimizing module stream_mux(fast__2)
-- Optimizing module stream_mux(fast__3)
-- Optimizing module stream_mux(fast__4)
-- Optimizing module stream_mux(fast__5)
-- Optimizing module stream_mux(fast__6)
-- Optimizing module stream_mux(fast__7)
-- Optimizing module stream_mux(fast__8)
-- Optimizing module udma_clk_div_cnt(fast)
-- Optimizing module udma_dc_fifo(fast)
-- Optimizing module udma_dc_fifo(fast__1)
-- Optimizing module udma_dc_fifo(fast__2)
-- Optimizing module udma_dc_fifo(fast__3)
-- Optimizing module hci_mem_assign(fast)
-- Optimizing module lint_jtag_wrap(fast)
-- Optimizing module optimal_alloc(fast)
-- Optimizing module gray_to_binary(fast__1)
-- Optimizing interface hci_core_intf(fast)
-- Optimizing interface hci_core_intf(fast__1)
-- Optimizing interface hci_core_intf(fast__2)
-- Optimizing interface hci_core_intf(fast__3)
-- Optimizing interface hci_core_intf(fast__4)
-- Optimizing interface hci_core_intf(fast__5)
-- Optimizing interface hci_core_intf(fast__6)
-- Optimizing interface hci_core_intf(fast__7)
-- Optimizing interface hci_core_intf(fast__8)
-- Optimizing module fl1_loop(fast)
-- Optimizing module debug_rom(fast)
-- Optimizing module cluster_timer_wrap(fast)
-- Optimizing module ff1_loop(fast)
-- Optimizing package ibex_tracer_pkg(fast)
-- Optimizing package riscv_defines(fast)
-- Optimizing package cluster_peripherals_sv_unit(fast)
-- Optimizing package hci_package(fast)
-- Optimizing package jtag_pkg(fast)
-- Optimizing package hci_core_mux_dynamic_sv_unit(fast)
-- Optimizing package datamover_engine_sv_unit(fast)
-- Optimizing package hci_core_r_valid_filter_sv_unit(fast)
-- Optimizing package hci_core_sink_sv_unit(fast)
-- Optimizing package hci_core_source_sv_unit(fast)
-- Optimizing package datamover_package(fast)
-- Optimizing package hci_shallow_interconnect_sv_unit(fast)
-- Optimizing package hci_log_interconnect_sv_unit(fast)
-- Optimizing package riscv_pmp_sv_unit(fast)
-- Optimizing package hwpe_subsystem_sv_unit(fast)
-- Optimizing package fpnew_wrapper_sv_unit(fast)
-- Optimizing package hci_interconnect_sv_unit(fast)
-- Optimizing package mac_fsm_sv_unit(fast)
-- Optimizing package mac_ctrl_sv_unit(fast)
-- Optimizing package mac_streamer_sv_unit(fast)
-- Optimizing package mac_engine_sv_unit(fast)
-- Optimizing package mac_top_sv_unit(fast)
-- Optimizing package mac_top_wrap_sv_unit(fast)
-- Optimizing package riscv_tracer_defines(fast)
-- Optimizing package riscv_cs_registers_sv_unit(fast)
-- Optimizing package riscv_mult_sv_unit(fast)
-- Optimizing package riscv_alu_sv_unit(fast)
-- Optimizing package riscv_ex_stage_sv_unit(fast)
-- Optimizing package riscv_int_controller_sv_unit(fast)
-- Optimizing package riscv_controller_sv_unit(fast)
-- Optimizing package riscv_decoder_sv_unit(fast)
-- Optimizing package riscv_id_stage_sv_unit(fast)
-- Optimizing package riscv_compressed_decoder_sv_unit(fast)
-- Optimizing package riscv_if_stage_sv_unit(fast)
-- Optimizing package riscv_core_sv_unit(fast)
-- Optimizing package cluster_interconnect_wrap_sv_unit(fast)
-- Optimizing package pulp_cluster_sv_unit(fast)
-- Optimizing package pulp_tap_pkg(fast)
-- Optimizing package datamover_streamer_sv_unit(fast)
-- Optimizing package datamover_top_sv_unit(fast)
-- Optimizing package riscv_tracer_sv_unit(fast)
-- Optimizing interface hwpe_stream_intf_tcdm(fast)
-- Optimizing interface APB_BUS(fast)
-- Optimizing interface AXI_BUS(fast)
-- Optimizing interface FLL_BUS(fast)
-- Optimizing interface XBAR_TCDM_BUS(fast)
-- Optimizing interface AXI_LITE(fast)
-- Optimizing interface XBAR_PERIPH_BUS(fast)
-- Optimizing interface MESSAGE_BUS(fast)
-- Optimizing interface hwpe_ctrl_intf_periph(fast)
-- Optimizing interface hwpe_stream_intf_stream(fast)
-- Optimizing interface hci_core_intf(fast)
-- Optimizing interface SP_ICACHE_CTRL_UNIT_BUS(fast)
-- Optimizing interface PRI_ICACHE_CTRL_UNIT_BUS(fast)
Optimized design name is vopt_tb
End time: 00:44:43 on Sep 04,2026, Elapsed time: 0:00:02
Errors: 0, Warnings: 23, Suppressed Warnings: 508
